<html>
<body>
<pre>
<h1>µVision Build Log</h1>
<h2>Tool Versions:</h2>
IDE-Version: ¦ÌVision V5.36.0.0
Copyright (C) 2021 ARM Ltd and ARM Germany GmbH. All rights reserved.
License Information: w 23232, s, LIC=MPPLD-8T2EH-GK4BG-VG9KG-CNL0I-K7A51
 
Tool Versions:
Toolchain:       MDK-ARM Plus  Version: 5.36.0.0
Toolchain Path:  D:\Program Files\MDK\Keil_v5\ARM\ARMCLANG\Bin
C Compiler:      ArmClang.exe V6.16
Assembler:       Armasm.exe V6.16
Linker/Locator:  ArmLink.exe V6.16
Library Manager: ArmAr.exe V6.16
Hex Converter:   FromElf.exe V6.16
CPU DLL:         
Dialog DLL:      
Target DLL:      STLink\ST-LINKIII-KEIL_SWO.dll V3.0.9.0
Dialog DLL:      TCM.DLL V1.53.0.0
 
<h2>Project:</h2>
d:\Myself\Wisen\code\SPI_DMA\SPI_DMAtest\MDK-ARM\SPI_DMAtest.uvprojx
Project File Date:  01/16/2026

<h2>Output:</h2>
*** Using Compiler 'V6.16', folder: 'D:\Program Files\MDK\Keil_v5\ARM\ARMCLANG\Bin'
Build target 'SPI_DMAtest'
compiling main.c...
linking...
Program Size: Code=31282 RO-data=1142 RW-data=16 ZI-data=2848  
FromELF: creating hex file...
"SPI_DMAtest\SPI_DMAtest.axf" - 0 Error(s), 0 Warning(s).

<h2>Software Packages used:</h2>

Package Vendor: ARM
                http://www.keil.com/pack/ARM.CMSIS.5.8.0.pack
                ARM.CMSIS.5.8.0
                CMSIS (Common Microcontroller Software Interface Standard)
   * Component: CORE Version: 5.5.0

Package Vendor: Keil
                https://www.keil.com/pack/Keil.STM32U5xx_DFP.2.1.0.pack
                Keil.STM32U5xx_DFP.2.1.0
                STMicroelectronics STM32U5 Series Device Support

<h2>Collection of Component include folders:</h2>
  .\RTE\_SPI_DMAtest
  D:\Program Files\MDK\Arm\Packs\ARM\CMSIS\5.8.0\CMSIS\Core\Include
  D:\Program Files\MDK\Arm\Packs\Keil\STM32U5xx_DFP\2.1.0\Drivers\CMSIS\Device\ST\STM32U5xx\Include

<h2>Collection of Component Files used:</h2>

   * Component: ARM::CMSIS:CORE:5.5.0
      Include file:  CMSIS\Core\Include\tz_context.h
Build Time Elapsed:  00:00:01
</pre>
</body>
</html>
