Component: ARM Compiler 6.16 Tool: armlink [5dfeaa00]

==============================================================================

Section Cross References

    startup_stm32u575xx.o(STACK) refers (Special) to heapauxi.o(.text) for __use_two_region_memory
    startup_stm32u575xx.o(HEAP) refers (Special) to heapauxi.o(.text) for __use_two_region_memory
    startup_stm32u575xx.o(RESET) refers (Special) to heapauxi.o(.text) for __use_two_region_memory
    startup_stm32u575xx.o(RESET) refers to startup_stm32u575xx.o(STACK) for __initial_sp
    startup_stm32u575xx.o(RESET) refers to startup_stm32u575xx.o(.text) for Reset_Handler
    startup_stm32u575xx.o(RESET) refers to stm32u5xx_it.o(.text.NMI_Handler) for NMI_Handler
    startup_stm32u575xx.o(RESET) refers to stm32u5xx_it.o(.text.HardFault_Handler) for HardFault_Handler
    startup_stm32u575xx.o(RESET) refers to stm32u5xx_it.o(.text.MemManage_Handler) for MemManage_Handler
    startup_stm32u575xx.o(RESET) refers to stm32u5xx_it.o(.text.BusFault_Handler) for BusFault_Handler
    startup_stm32u575xx.o(RESET) refers to stm32u5xx_it.o(.text.UsageFault_Handler) for UsageFault_Handler
    startup_stm32u575xx.o(RESET) refers to stm32u5xx_it.o(.text.SVC_Handler) for SVC_Handler
    startup_stm32u575xx.o(RESET) refers to stm32u5xx_it.o(.text.DebugMon_Handler) for DebugMon_Handler
    startup_stm32u575xx.o(RESET) refers to stm32u5xx_it.o(.text.PendSV_Handler) for PendSV_Handler
    startup_stm32u575xx.o(RESET) refers to stm32u5xx_it.o(.text.SysTick_Handler) for SysTick_Handler
    startup_stm32u575xx.o(RESET) refers to stm32u5xx_it.o(.text.GPDMA1_Channel0_IRQHandler) for GPDMA1_Channel0_IRQHandler
    startup_stm32u575xx.o(RESET) refers to stm32u5xx_it.o(.text.SPI1_IRQHandler) for SPI1_IRQHandler
    startup_stm32u575xx.o(.text) refers (Special) to heapauxi.o(.text) for __use_two_region_memory
    startup_stm32u575xx.o(.text) refers to system_stm32u5xx.o(.text.SystemInit) for SystemInit
    startup_stm32u575xx.o(.text) refers to __main.o(!!!main) for __main
    startup_stm32u575xx.o(.text) refers to startup_stm32u575xx.o(HEAP) for Heap_Mem
    startup_stm32u575xx.o(.text) refers to startup_stm32u575xx.o(STACK) for Stack_Mem
    main.o(.text.main) refers to stm32u5xx_hal.o(.text.HAL_Init) for HAL_Init
    main.o(.text.main) refers to rt_memclr_w.o(.text) for __aeabi_memclr4
    main.o(.text.main) refers to stm32u5xx_hal_pwr_ex.o(.text.HAL_PWREx_ControlVoltageScaling) for HAL_PWREx_ControlVoltageScaling
    main.o(.text.main) refers to stm32u5xx_hal_rcc.o(.text.HAL_RCC_OscConfig) for HAL_RCC_OscConfig
    main.o(.text.main) refers to stm32u5xx_hal_rcc.o(.text.HAL_RCC_ClockConfig) for HAL_RCC_ClockConfig
    main.o(.text.main) refers to stm32u5xx_hal_pwr_ex.o(.text.HAL_PWREx_DisableUCPDDeadBattery) for HAL_PWREx_DisableUCPDDeadBattery
    main.o(.text.main) refers to gpio.o(.text.MX_GPIO_Init) for MX_GPIO_Init
    main.o(.text.main) refers to gpdma.o(.text.MX_GPDMA1_Init) for MX_GPDMA1_Init
    main.o(.text.main) refers to spi.o(.text.MX_SPI1_Init) for MX_SPI1_Init
    main.o(.text.main) refers to usart.o(.text.MX_USART3_UART_Init) for MX_USART3_UART_Init
    main.o(.text.main) refers to stm32u5xx_hal_gpio.o(.text.HAL_GPIO_WritePin) for HAL_GPIO_WritePin
    main.o(.text.main) refers to stm32u5xx_hal.o(.text.HAL_Delay) for HAL_Delay
    main.o(.text.main) refers to adxl355.o(.text.ADXL355_Init) for ADXL355_Init
    main.o(.text.main) refers to puts.o(.text) for puts
    main.o(.ARM.exidx.text.main) refers to main.o(.text.main) for [Anonymous Symbol]
    main.o(.text.SystemClock_Config) refers to rt_memclr_w.o(.text) for __aeabi_memclr4
    main.o(.text.SystemClock_Config) refers to stm32u5xx_hal_pwr_ex.o(.text.HAL_PWREx_ControlVoltageScaling) for HAL_PWREx_ControlVoltageScaling
    main.o(.text.SystemClock_Config) refers to stm32u5xx_hal_rcc.o(.text.HAL_RCC_OscConfig) for HAL_RCC_OscConfig
    main.o(.text.SystemClock_Config) refers to stm32u5xx_hal_rcc.o(.text.HAL_RCC_ClockConfig) for HAL_RCC_ClockConfig
    main.o(.ARM.exidx.text.SystemClock_Config) refers to main.o(.text.SystemClock_Config) for [Anonymous Symbol]
    main.o(.ARM.exidx.text.Error_Handler) refers to main.o(.text.Error_Handler) for [Anonymous Symbol]
    gpio.o(.text.MX_GPIO_Init) refers to stm32u5xx_hal_gpio.o(.text.HAL_GPIO_WritePin) for HAL_GPIO_WritePin
    gpio.o(.text.MX_GPIO_Init) refers to stm32u5xx_hal_gpio.o(.text.HAL_GPIO_Init) for HAL_GPIO_Init
    gpio.o(.ARM.exidx.text.MX_GPIO_Init) refers to gpio.o(.text.MX_GPIO_Init) for [Anonymous Symbol]
    gpdma.o(.text.MX_GPDMA1_Init) refers to stm32u5xx_hal_cortex.o(.text.HAL_NVIC_SetPriority) for HAL_NVIC_SetPriority
    gpdma.o(.text.MX_GPDMA1_Init) refers to stm32u5xx_hal_cortex.o(.text.HAL_NVIC_EnableIRQ) for HAL_NVIC_EnableIRQ
    gpdma.o(.ARM.exidx.text.MX_GPDMA1_Init) refers to gpdma.o(.text.MX_GPDMA1_Init) for [Anonymous Symbol]
    spi.o(.text.MX_SPI1_Init) refers to spi.o(.bss.hspi1) for hspi1
[...]
    stm32u5xx_hal_spi.c                      0x00000000   Number         0  stm32u5xx_hal_spi.o ABSOLUTE
    stm32u5xx_hal_spi_ex.c                   0x00000000   Number         0  stm32u5xx_hal_spi_ex.o ABSOLUTE
    stm32u5xx_hal_tim.c                      0x00000000   Number         0  stm32u5xx_hal_tim.o ABSOLUTE
    stm32u5xx_hal_tim_ex.c                   0x00000000   Number         0  stm32u5xx_hal_tim_ex.o ABSOLUTE
    stm32u5xx_hal_uart.c                     0x00000000   Number         0  stm32u5xx_hal_uart.o ABSOLUTE
    stm32u5xx_hal_uart_ex.c                  0x00000000   Number         0  stm32u5xx_hal_uart_ex.o ABSOLUTE
    stm32u5xx_it.c                           0x00000000   Number         0  stm32u5xx_it.o ABSOLUTE
    system_stm32u5xx.c                       0x00000000   Number         0  system_stm32u5xx.o ABSOLUTE
    usart.c                                  0x00000000   Number         0  usart.o ABSOLUTE
    RESET                                    0x08000000   Section      568  startup_stm32u575xx.o(RESET)
    !!!main                                  0x08000238   Section        8  __main.o(!!!main)
    !!!scatter                               0x08000240   Section       52  __scatter.o(!!!scatter)
    !!handler_copy                           0x08000274   Section       26  __scatter_copy.o(!!handler_copy)
    !!handler_zi                             0x08000290   Section       28  __scatter_zi.o(!!handler_zi)
    .ARM.Collect$$_printf_percent$$00000000  0x080002ac   Section        0  _printf_percent.o(.ARM.Collect$$_printf_percent$$00000000)
    .ARM.Collect$$_printf_percent$$00000003  0x080002ac   Section        6  _printf_f.o(.ARM.Collect$$_printf_percent$$00000003)
    .ARM.Collect$$_printf_percent$$0000000C  0x080002b2   Section        6  _printf_x.o(.ARM.Collect$$_printf_percent$$0000000C)
    .ARM.Collect$$_printf_percent$$00000017  0x080002b8   Section        4  _printf_percent_end.o(.ARM.Collect$$_printf_percent$$00000017)
    .ARM.Collect$$libinit$$00000000          0x080002bc   Section        2  libinit.o(.ARM.Collect$$libinit$$00000000)
    .ARM.Collect$$libinit$$00000001          0x080002be   Section        4  libinit2.o(.ARM.Collect$$libinit$$00000001)
    .ARM.Collect$$libinit$$00000004          0x080002c2   Section        0  libinit2.o(.ARM.Collect$$libinit$$00000004)
    .ARM.Collect$$libinit$$0000000A          0x080002c2   Section        0  libinit2.o(.ARM.Collect$$libinit$$0000000A)
    .ARM.Collect$$libinit$$0000000C          0x080002c2   Section        0  libinit2.o(.ARM.Collect$$libinit$$0000000C)
    .ARM.Collect$$libinit$$0000000E          0x080002c2   Section        0  libinit2.o(.ARM.Collect$$libinit$$0000000E)
    .ARM.Collect$$libinit$$0000000F          0x080002c2   Section        6  libinit2.o(.ARM.Collect$$libinit$$0000000F)
    .ARM.Collect$$libinit$$00000011          0x080002c8   Section        0  libinit2.o(.ARM.Collect$$libinit$$00000011)
    .ARM.Collect$$libinit$$00000013          0x080002c8   Section        0  libinit2.o(.ARM.Collect$$libinit$$00000013)
    .ARM.Collect$$libinit$$00000015          0x080002c8   Section        0  libinit2.o(.ARM.Collect$$libinit$$00000015)
    .ARM.Collect$$libinit$$00000016          0x080002c8   Section       10  libinit2.o(.ARM.Collect$$libinit$$00000016)
    .ARM.Collect$$libinit$$00000017          0x080002d2   Section        0  libinit2.o(.ARM.Collect$$libinit$$00000017)
    .ARM.Collect$$libinit$$00000019          0x080002d2   Section        0  libinit2.o(.ARM.Collect$$libinit$$00000019)
    .ARM.Collect$$libinit$$0000001B          0x080002d2   Section        0  libinit2.o(.ARM.Collect$$libinit$$0000001B)
    .ARM.Collect$$libinit$$0000001D          0x080002d2   Section        0  libinit2.o(.ARM.Collect$$libinit$$0000001D)
    .ARM.Collect$$libinit$$0000001F          0x080002d2   Section        0  libinit2.o(.ARM.Collect$$libinit$$0000001F)
    .ARM.Collect$$libinit$$00000021          0x080002d2   Section        0  libinit2.o(.ARM.Collect$$libinit$$00000021)
    .ARM.Collect$$libinit$$00000023          0x080002d2   Section        0  libinit2.o(.ARM.Collect$$libinit$$00000023)
    .ARM.Collect$$libinit$$00000025          0x080002d2   Section        0  libinit2.o(.ARM.Collect$$libinit$$00000025)
    .ARM.Collect$$libinit$$0000002C          0x080002d2   Section        0  libinit2.o(.ARM.Collect$$libinit$$0000002C)
    .ARM.Collect$$libinit$$0000002E          0x080002d2   Section        0  libinit2.o(.ARM.Collect$$libinit$$0000002E)
    .ARM.Collect$$libinit$$00000030          0x080002d2   Section        0  libinit2.o(.ARM.Collect$$libinit$$00000030)
    .ARM.Collect$$libinit$$00000032          0x080002d2   Section        0  libinit2.o(.ARM.Collect$$libinit$$00000032)
    .ARM.Collect$$libinit$$00000033          0x080002d2   Section        2  libinit2.o(.ARM.Collect$$libinit$$00000033)
    .ARM.Collect$$libshutdown$$00000000      0x080002d4   Section        2  libshutdown.o(.ARM.Collect$$libshutdown$$00000000)
    .ARM.Collect$$libshutdown$$00000002      0x080002d6   Section        0  libshutdown2.o(.ARM.Collect$$libshutdown$$00000002)
    .ARM.Collect$$libshutdown$$00000004      0x080002d6   Section        0  libshutdown2.o(.ARM.Collect$$libshutdown$$00000004)
    .ARM.Collect$$libshutdown$$00000007      0x080002d6   Section        0  libshutdown2.o(.ARM.Collect$$libshutdown$$00000007)
    .ARM.Collect$$libshutdown$$0000000A      0x080002d6   Section        0  libshutdown2.o(.ARM.Collect$$libshutdown$$0000000A)
    .ARM.Collect$$libshutdown$$0000000C      0x080002d6   Section        0  libshutdown2.o(.ARM.Collect$$libshutdown$$0000000C)
    .ARM.Collect$$libshutdown$$0000000F      0x080002d6   Section        0  libshutdown2.o(.ARM.Collect$$libshutdown$$0000000F)
    .ARM.Collect$$libshutdown$$00000010      0x080002d6   Section        2  libshutdown2.o(.ARM.Collect$$libshutdown$$00000010)
    .ARM.Collect$$rtentry$$00000000          0x080002d8   Section        0  __rtentry.o(.ARM.Collect$$rtentry$$00000000)
    .ARM.Collect$$rtentry$$00000002          0x080002d8   Section        0  __rtentry2.o(.ARM.Collect$$rtentry$$00000002)
    .ARM.Collect$$rtentry$$00000004          0x080002d8   Section        6  __rtentry4.o(.ARM.Collect$$rtentry$$00000004)
    .ARM.Collect$$rtentry$$00000009          0x080002de   Section        0  __rtentry2.o(.ARM.Collect$$rtentry$$00000009)
    .ARM.Collect$$rtentry$$0000000A          0x080002de   Section        4  __rtentry2.o(.ARM.Collect$$rtentry$$0000000A)
    .ARM.Collect$$rtentry$$0000000C          0x080002e2   Section        0  __rtentry2.o(.ARM.Collect$$rtentry$$0000000C)
    .ARM.Collect$$rtentry$$0000000D          0x080002e2   Section        8  __rtentry2.o(.ARM.Collect$$rtentry$$0000000D)
    .ARM.Collect$$rtexit$$00000000           0x080002ea   Section        2  rtexit.o(.ARM.Collect$$rtexit$$00000000)
    .ARM.Collect$$rtexit$$00000002           0x080002ec   Section        0  rtexit2.o(.ARM.Collect$$rtexit$$00000002)
    .ARM.Collect$$rtexit$$00000003           0x080002ec   Section        4  rtexit2.o(.ARM.Collect$$rtexit$$00000003)
    .ARM.Collect$$rtexit$$00000004           0x080002f0   Section        6  rtexit2.o(.ARM.Collect$$rtexit$$00000004)
    $v0                                      0x080002f8   Number         0  startup_stm32u575xx.o(.text)
    .text                                    0x080002f8   Section       68  startup_stm32u575xx.o(.text)
    .text                                    0x0800033c   Section        2  use_no_semi_2.o(.text)
    .text                                    0x0800033e   Section      240  lludivv7m.o(.text)
    .text                                    0x08000430   Section        0  noretval__2printf.o(.text)
    .text                                    0x08000448   Section        0  _printf_pad.o(.text)
    .text                                    0x08000498   Section        0  _printf_hex_int.o(.text)
    .text                                    0x080004f0   Section        0  __printf_flags_wp.o(.text)
    .text                                    0x08000628   Section        0  puts.o(.text)
    .text                                    0x08000654   Section       78  rt_memclr_w.o(.text)
    .text                                    0x080006a2   Section        0  heapauxi.o(.text)
    .text                                    0x080006a8   Section        2  use_no_semi.o(.text)
    .text                                    0x080006aa   Section        0  _printf_intcommon.o(.text)
    _fp_digits                               0x0800075d   Thumb Code   432  _printf_fp_dec.o(.text)
    .text                                    0x0800075c   Section        0  _printf_fp_dec.o(.text)
    .text                                    0x08000b78   Section        0  _printf_char_file.o(.text)
    .text                                    0x08000b9c   Section        8  rt_locale_intlibspace.o(.text)
    .text                                    0x08000ba4   Section      138  lludiv10.o(.text)
    _printf_input_char                       0x08000c31   Thumb Code    10  _printf_char_common.o(.text)
    .text                                    0x08000c30   Section        0  _printf_char_common.o(.text)
    .text                                    0x08000c60   Section        0  _printf_fp_infnan.o(.text)
    .text                                    0x08000ce0   Section        0  bigflt0.o(.text)
    .text                                    0x08000dc4   Section        0  ferror.o(.text)
    .text                                    0x08000dcc   Section        8  libspace.o(.text)
    .text                                    0x08000dd4   Section       74  sys_stackheap_outer.o(.text)
    .text                                    0x08000e1e   Section        0  exit.o(.text)
    .text                                    0x08000e30   Section      124  strcmpv8m_maindsp.o(.text)
    [Anonymous Symbol]                       0x08000eac   Section        0  adxl355.o(.text.ADXL355_Init)
    [Anonymous Symbol]                       0x080012e4   Section        0  stm32u5xx_it.o(.text.BusFault_Handler)
    [Anonymous Symbol]                       0x080012e8   Section        0  stm32u5xx_it.o(.text.DebugMon_Handler)
    [Anonymous Symbol]                       0x080012ec   Section        0  main.o(.text.Error_Handler)
    [Anonymous Symbol]                       0x080012f8   Section        0  stm32u5xx_it.o(.text.GPDMA1_Channel0_IRQHandler)
    [Anonymous Symbol]                       0x08001304   Section        0  stm32u5xx_hal_dma.o(.text.HAL_DMA_Abort_IT)
    [Anonymous Symbol]                       0x08001334   Section        0  stm32u5xx_hal_dma.o(.text.HAL_DMA_ConfigChannelAttributes)
    [Anonymous Symbol]                       0x0800137c   Section        0  stm32u5xx_hal_dma.o(.text.HAL_DMA_IRQHandler)
    [Anonymous Symbol]                       0x08001544   Section        0  stm32u5xx_hal_dma.o(.text.HAL_DMA_Init)
    [Anonymous Symbol]                       0x08001ad8   Section        0  stm32u5xx_hal.o(.text.HAL_Delay)
    [Anonymous Symbol]                       0x08001b00   Section        0  stm32u5xx_hal_gpio.o(.text.HAL_GPIO_Init)
    [Anonymous Symbol]                       0x08001d1c   Section        0  stm32u5xx_hal_gpio.o(.text.HAL_GPIO_WritePin)
    [Anonymous Symbol]                       0x08001d28   Section        0  stm32u5xx_hal.o(.text.HAL_GetTick)
    [Anonymous Symbol]                       0x08001d34   Section        0  stm32u5xx_hal.o(.text.HAL_IncTick)
    [Anonymous Symbol]                       0x08001d50   Section        0  stm32u5xx_hal.o(.text.HAL_Init)
    [Anonymous Symbol]                       0x08001da8   Section        0  stm32u5xx_hal.o(.text.HAL_InitTick)
    [Anonymous Symbol]                       0x08001df8   Section        0  stm32u5xx_hal_msp.o(.text.HAL_MspInit)
    [Anonymous Symbol]                       0x08001e18   Section        0  stm32u5xx_hal_cortex.o(.text.HAL_NVIC_EnableIRQ)
    [Anonymous Symbol]                       0x08001e38   Section        0  stm32u5xx_hal_cortex.o(.text.HAL_NVIC_SetPriority)
    [Anonymous Symbol]                       0x08001e90   Section        0  stm32u5xx_hal_cortex.o(.text.HAL_NVIC_SetPriorityGrouping)
    [Anonymous Symbol]                       0x08001eb0   Section        0  stm32u5xx_hal_pwr_ex.o(.text.HAL_PWREx_ControlVoltageScaling)
    [Anonymous Symbol]                       0x08001fe0   Section        0  stm32u5xx_hal_pwr_ex.o(.text.HAL_PWREx_DisableUCPDDeadBattery)
    [Anonymous Symbol]                       0x08001ff4   Section        0  stm32u5xx_hal_pwr_ex.o(.text.HAL_PWREx_GetVoltageRange)
    [Anonymous Symbol]                       0x08002004   Section        0  stm32u5xx_hal_rcc_ex.o(.text.HAL_RCCEx_GetPLL1ClockFreq)
    [Anonymous Symbol]                       0x0800219c   Section        0  stm32u5xx_hal_rcc_ex.o(.text.HAL_RCCEx_GetPLL2ClockFreq)
    [Anonymous Symbol]                       0x08002334   Section        0  stm32u5xx_hal_rcc_ex.o(.text.HAL_RCCEx_GetPLL3ClockFreq)
    [Anonymous Symbol]                       0x080024cc   Section        0  stm32u5xx_hal_rcc_ex.o(.text.HAL_RCCEx_GetPeriphCLKFreq)
    [Anonymous Symbol]                       0x08002f5c   Section        0  stm32u5xx_hal_rcc_ex.o(.text.HAL_RCCEx_PeriphCLKConfig)
    [Anonymous Symbol]                       0x080035b4   Section        0  stm32u5xx_hal_rcc.o(.text.HAL_RCC_ClockConfig)
    [Anonymous Symbol]                       0x080038b4   Section        0  stm32u5xx_hal_rcc.o(.text.HAL_RCC_GetHCLKFreq)
    [Anonymous Symbol]                       0x080038e0   Section        0  stm32u5xx_hal_rcc.o(.text.HAL_RCC_GetPCLK1Freq)
    [Anonymous Symbol]                       0x08003920   Section        0  stm32u5xx_hal_rcc.o(.text.HAL_RCC_GetPCLK2Freq)
    [Anonymous Symbol]                       0x08003960   Section        0  stm32u5xx_hal_rcc.o(.text.HAL_RCC_GetPCLK3Freq)
    [Anonymous Symbol]                       0x080039a0   Section        0  stm32u5xx_hal_rcc.o(.text.HAL_RCC_GetSysClockFreq)
    [Anonymous Symbol]                       0x08003ab0   Section        0  stm32u5xx_hal_rcc.o(.text.HAL_RCC_OscConfig)
    [Anonymous Symbol]                       0x0800463c   Section        0  stm32u5xx_hal_spi_ex.o(.text.HAL_SPIEx_SetConfigAutonomousMode)
    [Anonymous Symbol]                       0x08004684   Section        0  stm32u5xx_hal_spi.o(.text.HAL_SPI_ErrorCallback)
    [Anonymous Symbol]                       0x08004688   Section        0  stm32u5xx_hal_spi.o(.text.HAL_SPI_IRQHandler)
    [Anonymous Symbol]                       0x080048fc   Section        0  stm32u5xx_hal_spi.o(.text.HAL_SPI_Init)
    [Anonymous Symbol]                       0x08004a78   Section        0  spi.o(.text.HAL_SPI_MspInit)
    [Anonymous Symbol]                       0x08004b74   Section        0  stm32u5xx_hal_spi.o(.text.HAL_SPI_Receive)
    [Anonymous Symbol]                       0x08004e58   Section        0  stm32u5xx_hal_spi.o(.text.HAL_SPI_RxCpltCallback)
    [Anonymous Symbol]                       0x08004e5c   Section        0  stm32u5xx_hal_spi.o(.text.HAL_SPI_SuspendCallback)
    [Anonymous Symbol]                       0x08004e60   Section        0  stm32u5xx_hal_spi.o(.text.HAL_SPI_Transmit)
    [Anonymous Symbol]                       0x08005234   Section        0  stm32u5xx_hal_spi.o(.text.HAL_SPI_TxCpltCallback)
    [Anonymous Symbol]                       0x08005238   Section        0  stm32u5xx_hal_spi.o(.text.HAL_SPI_TxRxCpltCallback)
    [Anonymous Symbol]                       0x0800523c   Section        0  stm32u5xx_hal_cortex.o(.text.HAL_SYSTICK_Config)
    [Anonymous Symbol]                       0x08005268   Section        0  stm32u5xx_hal_uart_ex.o(.text.HAL_UARTEx_DisableFifoMode)
    [Anonymous Symbol]                       0x080052a0   Section        0  stm32u5xx_hal_uart_ex.o(.text.HAL_UARTEx_SetRxFifoThreshold)
    [Anonymous Symbol]                       0x0800532c   Section        0  stm32u5xx_hal_uart_ex.o(.text.HAL_UARTEx_SetTxFifoThreshold)
    [Anonymous Symbol]                       0x080053b8   Section        0  stm32u5xx_hal_uart.o(.text.HAL_UART_Init)
    [Anonymous Symbol]                       0x08005420   Section        0  usart.o(.text.HAL_UART_MspInit)
    [Anonymous Symbol]                       0x080054b4   Section        0  stm32u5xx_hal_uart.o(.text.HAL_UART_Transmit)
    [Anonymous Symbol]                       0x08005594   Section        0  stm32u5xx_it.o(.text.HardFault_Handler)
    [Anonymous Symbol]                       0x08005598   Section        0  gpdma.o(.text.MX_GPDMA1_Init)
    [Anonymous Symbol]                       0x080055cc   Section        0  gpio.o(.text.MX_GPIO_Init)
    [Anonymous Symbol]                       0x08005680   Section        0  spi.o(.text.MX_SPI1_Init)
    [Anonymous Symbol]                       0x0800570c   Section        0  usart.o(.text.MX_USART3_UART_Init)
    [Anonymous Symbol]                       0x08005794   Section        0  stm32u5xx_it.o(.text.MemManage_Handler)
    [Anonymous Symbol]                       0x08005798   Section        0  stm32u5xx_it.o(.text.NMI_Handler)
    [Anonymous Symbol]                       0x0800579c   Section        0  stm32u5xx_it.o(.text.PendSV_Handler)
    RCCEx_PLL2_Config                        0x080057a1   Thumb Code   248  stm32u5xx_hal_rcc_ex.o(.text.RCCEx_PLL2_Config)
    [Anonymous Symbol]                       0x080057a0   Section        0  stm32u5xx_hal_rcc_ex.o(.text.RCCEx_PLL2_Config)
    RCCEx_PLL3_Config                        0x08005899   Thumb Code   248  stm32u5xx_hal_rcc_ex.o(.text.RCCEx_PLL3_Config)
    [Anonymous Symbol]                       0x08005898   Section        0  stm32u5xx_hal_rcc_ex.o(.text.RCCEx_PLL3_Config)
    [Anonymous Symbol]                       0x08005990   Section        0  stm32u5xx_it.o(.text.SPI1_IRQHandler)
    SPI_CloseTransfer                        0x0800599d   Thumb Code   202  stm32u5xx_hal_spi.o(.text.SPI_CloseTransfer)
    [Anonymous Symbol]                       0x0800599c   Section        0  stm32u5xx_hal_spi.o(.text.SPI_CloseTransfer)
    SPI_DMAAbortOnError                      0x08005a69   Thumb Code    22  stm32u5xx_hal_spi.o(.text.SPI_DMAAbortOnError)
    [Anonymous Symbol]                       0x08005a68   Section        0  stm32u5xx_hal_spi.o(.text.SPI_DMAAbortOnError)
    [Anonymous Symbol]                       0x08005a80   Section        0  stm32u5xx_it.o(.text.SVC_Handler)
    [Anonymous Symbol]                       0x08005a84   Section        0  stm32u5xx_it.o(.text.SysTick_Handler)
    [Anonymous Symbol]                       0x08005a88   Section        0  system_stm32u5xx.o(.text.SystemInit)
    [Anonymous Symbol]                       0x08005ad4   Section        0  stm32u5xx_hal_uart.o(.text.UART_AdvFeatureConfig)
    [Anonymous Symbol]                       0x08005bbc   Section        0  stm32u5xx_hal_uart.o(.text.UART_CheckIdleState)
    [Anonymous Symbol]                       0x08005d2c   Section        0  stm32u5xx_hal_uart.o(.text.UART_SetConfig)
    [Anonymous Symbol]                       0x08005f48   Section        0  stm32u5xx_hal_uart.o(.text.UART_WaitOnFlagUntilTimeout)
    [Anonymous Symbol]                       0x08006228   Section        0  stm32u5xx_it.o(.text.UsageFault_Handler)
    [Anonymous Symbol]                       0x0800622c   Section        0  usart.o(.text._sys_exit)
    [Anonymous Symbol]                       0x08006230   Section        0  usart.o(.text.fputc)
    [Anonymous Symbol]                       0x08006254   Section        0  main.o(.text.main)
    CL$$btod_d2e                             0x08006338   Section       62  btod.o(CL$$btod_d2e)
    CL$$btod_d2e_denorm_low                  0x08006376   Section       70  btod.o(CL$$btod_d2e_denorm_low)
    CL$$btod_d2e_norm_op1                    0x080063bc   Section       96  btod.o(CL$$btod_d2e_norm_op1)
    CL$$btod_div_common                      0x0800641c   Section      824  btod.o(CL$$btod_div_common)
    CL$$btod_e2e                             0x08006754   Section      220  btod.o(CL$$btod_e2e)
    CL$$btod_ediv                            0x08006830   Section       42  btod.o(CL$$btod_ediv)
    CL$$btod_emul                            0x0800685a   Section       42  btod.o(CL$$btod_emul)
    CL$$btod_mult_common                     0x08006884   Section      580  btod.o(CL$$btod_mult_common)
    i.__ARM_fpclassify                       0x08006ac8   Section        0  fpclassify.o(i.__ARM_fpclassify)
    i._is_digit                              0x08006af8   Section        0  __printf_wp.o(i._is_digit)
    locale$$code                             0x08006b08   Section       44  lc_numeric_c.o(locale$$code)
    $v0                                      0x08006b34   Number         0  fpinit.o(x$fpl$fpinit)
    x$fpl$fpinit                             0x08006b34   Section       26  fpinit.o(x$fpl$fpinit)
    $v0                                      0x08006b4e   Number         0  printf1.o(x$fpl$printf1)
    x$fpl$printf1                            0x08006b4e   Section        4  printf1.o(x$fpl$printf1)
    uc_hextab                                0x08006b52   Data          20  _printf_hex_int.o(.constdata)
    .constdata                               0x08006b52   Section       40  _printf_hex_int.o(.constdata)
    x$fpl$usenofp                            0x08006b52   Section        0  usenofp.o(x$fpl$usenofp)
    lc_hextab                                0x08006b66   Data          20  _printf_hex_int.o(.constdata)
    maptable                                 0x08006b7a   Data          17  __printf_flags_wp.o(.constdata)
    .constdata                               0x08006b7a   Section       17  __printf_flags_wp.o(.constdata)
    tenpwrs_x                                0x08006b8c   Data          60  bigflt0.o(.constdata)
    .constdata                               0x08006b8c   Section      148  bigflt0.o(.constdata)
    tenpwrs_i                                0x08006bc8   Data          64  bigflt0.o(.constdata)
    LPGPIO_Map                               0x08006c38   Data         128  stm32u5xx_hal_gpio.o(.rodata.LPGPIO_Map)
    [Anonymous Symbol]                       0x08006c38   Section        0  stm32u5xx_hal_gpio.o(.rodata.LPGPIO_Map)
    UARTEx_SetNbDataToProcess.numerator      0x08006d10   Data           8  stm32u5xx_hal_uart_ex.o(.rodata.cst8)
    [Anonymous Symbol]                       0x08006d10   Section        0  stm32u5xx_hal_uart_ex.o(.rodata.cst8)
    UARTEx_SetNbDataToProcess.denominator    0x08006d18   Data           8  stm32u5xx_hal_uart_ex.o(.rodata.cst8)
    .L.str                                   0x08006d20   Data          27  adxl355.o(.rodata.str1.1)
    [Anonymous Symbol]                       0x08006d20   Section        0  adxl355.o(.rodata.str1.1)
    .L.str.6                                 0x08006d3b   Data          12  adxl355.o(.rodata.str1.1)
    locale$$data                             0x08006d5c   Section       28  lc_numeric_c.o(locale$$data)
    __lcnum_c_name                           0x08006d60   Data           2  lc_numeric_c.o(locale$$data)
    __lcnum_c_start                          0x08006d68   Data           0  lc_numeric_c.o(locale$$data)
    __lcnum_c_point                          0x08006d74   Data           0  lc_numeric_c.o(locale$$data)
    __lcnum_c_thousands                      0x08006d76   Data           0  lc_numeric_c.o(locale$$data)
    __lcnum_c_grouping                       0x08006d77   Data           0  lc_numeric_c.o(locale$$data)
    __lcnum_c_end                            0x08006d78   Data           0  lc_numeric_c.o(locale$$data)
    .L_MergedGlobals                         0x20000000   Data           8  stm32u5xx_hal.o(.data..L_MergedGlobals)
    [Anonymous Symbol]                       0x20000000   Section        0  stm32u5xx_hal.o(.data..L_MergedGlobals)
    .bss                                     0x20000010   Section       96  libspace.o(.bss)
    Heap_Mem                                 0x20000268   Data         512  startup_stm32u575xx.o(HEAP)
    HEAP                                     0x20000268   Section      512  startup_stm32u575xx.o(HEAP)
    Stack_Mem                                0x20000468   Data        1024  startup_stm32u575xx.o(STACK)
    STACK                                    0x20000468   Section     1024  startup_stm32u575xx.o(STACK)
    __initial_sp                             0x20000868   Data           0  startup_stm32u575xx.o(STACK)

    Global Symbols

    Symbol Name                              Value     Ov Type        Size  Object(Section)

    BuildAttributes$$THM_ISAv4$E$P$D$K$B$S$7EM$8M$VFPi5$EXTD16$VFPS$VFMA$PE$A:L22UL41UL21$X:L11$S22US41US21$IEEE1$IW$~IW$USESV6$~STKCKD$USESV7$~SHL$OTIME$ROPI$IEEEJ$EBA8$UX$STANDARDLIB$REQ8$PRES8$EABIv2 0x00000000   Number         0  anon$$obj.o ABSOLUTE
    _printf_flags                            0x00000000   Number         0  printf_stubs.o ABSOLUTE
    _printf_return_value                     0x00000000   Number         0  printf_stubs.o ABSOLUTE
    _printf_sizespec                         0x00000000   Number         0  printf_stubs.o ABSOLUTE
    _printf_widthprec                        0x00000000   Number         0  printf_stubs.o ABSOLUTE
    __ARM_exceptions_init                     - Undefined Weak Reference
    __alloca_initialize                       - Undefined Weak Reference
    __arm_preinit_                            - Undefined Weak Reference
    __cpp_initialize__aeabi_                  - Undefined Weak Reference
    __cxa_finalize                            - Undefined Weak Reference
    __sigvec_lookup                           - Undefined Weak Reference
    _atexit_init                              - Undefined Weak Reference
    _call_atexit_fns                          - Undefined Weak Reference
    _clock_init                               - Undefined Weak Reference
    _fp_trap_init                             - Undefined Weak Reference
    _fp_trap_shutdown                         - Undefined Weak Reference
    _get_lc_collate                           - Undefined Weak Reference
    _get_lc_ctype                             - Undefined Weak Reference
    _get_lc_monetary                          - Undefined Weak Reference
    _get_lc_time                              - Undefined Weak Reference
    _getenv_init                              - Undefined Weak Reference
    _handle_redirection                       - Undefined Weak Reference
    _init_alloc                               - Undefined Weak Reference
    _init_user_alloc                          - Undefined Weak Reference
    _initio                                   - Undefined Weak Reference
    _mutex_acquire                            - Undefined Weak Reference
    _mutex_release                            - Undefined Weak Reference
    _printf_truncate_unsigned                 - Undefined Weak Reference
    _rand_init                                - Undefined Weak Reference
    _signal_finish                            - Undefined Weak Reference
    _signal_init                              - Undefined Weak Reference
    _terminate_alloc                          - Undefined Weak Reference
    _terminate_user_alloc                     - Undefined Weak Reference
    _terminateio                              - Undefined Weak Reference
    __Vectors_Size                           0x00000238   Number         0  startup_stm32u575xx.o ABSOLUTE
    __Vectors                                0x08000000   Data           4  startup_stm32u575xx.o(RESET)
    __Vectors_End                            0x08000238   Data           0  startup_stm32u575xx.o(RESET)
    __main                                   0x08000239   Thumb Code     8  __main.o(!!!main)
    __scatterload                            0x08000241   Thumb Code     0  __scatter.o(!!!scatter)
    __scatterload_rt2                        0x08000241   Thumb Code    44  __scatter.o(!!!scatter)
    __scatterload_rt2_thumb_only             0x08000241   Thumb Code     0  __scatter.o(!!!scatter)
    __scatterload_null                       0x0800024f   Thumb Code     0  __scatter.o(!!!scatter)
    __scatterload_copy                       0x08000275   Thumb Code    26  __scatter_copy.o(!!handler_copy)
    __scatterload_zeroinit                   0x08000291   Thumb Code    28  __scatter_zi.o(!!handler_zi)
    _printf_f                                0x080002ad   Thumb Code     0  _printf_f.o(.ARM.Collect$$_printf_percent$$00000003)
    _printf_percent                          0x080002ad   Thumb Code     0  _printf_percent.o(.ARM.Collect$$_printf_percent$$00000000)
    _printf_x                                0x080002b3   Thumb Code     0  _printf_x.o(.ARM.Collect$$_printf_percent$$0000000C)
    _printf_percent_end                      0x080002b9   Thumb Code     0  _printf_percent_end.o(.ARM.Collect$$_printf_percent$$00000017)
    __rt_lib_init                            0x080002bd   Thumb Code     0  libinit.o(.ARM.Collect$$libinit$$00000000)
    __rt_lib_init_fp_1                       0x080002bf   Thumb Code     0  libinit2.o(.ARM.Collect$$libinit$$00000001)
    __rt_lib_init_heap_1                     0x080002c3   Thumb Code     0  libinit2.o(.ARM.Collect$$libinit$$0000000A)
    __rt_lib_init_lc_common                  0x080002c3   Thumb Code     0  libinit2.o(.ARM.Collect$$libinit$$0000000F)
    __rt_lib_init_preinit_1                  0x080002c3   Thumb Code     0  libinit2.o(.ARM.Collect$$libinit$$00000004)
    __rt_lib_init_rand_1                     0x080002c3   Thumb Code     0  libinit2.o(.ARM.Collect$$libinit$$0000000E)
    __rt_lib_init_user_alloc_1               0x080002c3   Thumb Code     0  libinit2.o(.ARM.Collect$$libinit$$0000000C)
    __rt_lib_init_lc_collate_1               0x080002c9   Thumb Code     0  libinit2.o(.ARM.Collect$$libinit$$00000011)
    __rt_lib_init_lc_ctype_1                 0x080002c9   Thumb Code     0  libinit2.o(.ARM.Collect$$libinit$$00000013)
    __rt_lib_init_lc_monetary_1              0x080002c9   Thumb Code     0  libinit2.o(.ARM.Collect$$libinit$$00000015)
    __rt_lib_init_lc_numeric_2               0x080002c9   Thumb Code     0  libinit2.o(.ARM.Collect$$libinit$$00000016)
    __rt_lib_init_alloca_1                   0x080002d3   Thumb Code     0  libinit2.o(.ARM.Collect$$libinit$$0000002E)
    __rt_lib_init_argv_1                     0x080002d3   Thumb Code     0  libinit2.o(.ARM.Collect$$libinit$$0000002C)
    __rt_lib_init_atexit_1                   0x080002d3   Thumb Code     0  libinit2.o(.ARM.Collect$$libinit$$0000001B)
    __rt_lib_init_clock_1                    0x080002d3   Thumb Code     0  libinit2.o(.ARM.Collect$$libinit$$00000021)
    __rt_lib_init_cpp_1                      0x080002d3   Thumb Code     0  libinit2.o(.ARM.Collect$$libinit$$00000032)
    __rt_lib_init_exceptions_1               0x080002d3   Thumb Code     0  libinit2.o(.ARM.Collect$$libinit$$00000030)
    __rt_lib_init_fp_trap_1                  0x080002d3   Thumb Code     0  libinit2.o(.ARM.Collect$$libinit$$0000001F)
    __rt_lib_init_getenv_1                   0x080002d3   Thumb Code     0  libinit2.o(.ARM.Collect$$libinit$$00000023)
    __rt_lib_init_lc_numeric_1               0x080002d3   Thumb Code     0  libinit2.o(.ARM.Collect$$libinit$$00000017)
    __rt_lib_init_lc_time_1                  0x080002d3   Thumb Code     0  libinit2.o(.ARM.Collect$$libinit$$00000019)
    __rt_lib_init_return                     0x080002d3   Thumb Code     0  libinit2.o(.ARM.Collect$$libinit$$00000033)
    __rt_lib_init_signal_1                   0x080002d3   Thumb Code     0  libinit2.o(.ARM.Collect$$libinit$$0000001D)
    __rt_lib_init_stdio_1                    0x080002d3   Thumb Code     0  libinit2.o(.ARM.Collect$$libinit$$00000025)
    __rt_lib_shutdown                        0x080002d5   Thumb Code     0  libshutdown.o(.ARM.Collect$$libshutdown$$00000000)
    __rt_lib_shutdown_cpp_1                  0x080002d7   Thumb Code     0  libshutdown2.o(.ARM.Collect$$libshutdown$$00000002)
    __rt_lib_shutdown_fp_trap_1              0x080002d7   Thumb Code     0  libshutdown2.o(.ARM.Collect$$libshutdown$$00000007)
    __rt_lib_shutdown_heap_1                 0x080002d7   Thumb Code     0  libshutdown2.o(.ARM.Collect$$libshutdown$$0000000F)
    __rt_lib_shutdown_return                 0x080002d7   Thumb Code     0  libshutdown2.o(.ARM.Collect$$libshutdown$$00000010)
    __rt_lib_shutdown_signal_1               0x080002d7   Thumb Code     0  libshutdown2.o(.ARM.Collect$$libshutdown$$0000000A)
    __rt_lib_shutdown_stdio_1                0x080002d7   Thumb Code     0  libshutdown2.o(.ARM.Collect$$libshutdown$$00000004)
    __rt_lib_shutdown_user_alloc_1           0x080002d7   Thumb Code     0  libshutdown2.o(.ARM.Collect$$libshutdown$$0000000C)
    __rt_entry                               0x080002d9   Thumb Code     0  __rtentry.o(.ARM.Collect$$rtentry$$00000000)
    __rt_entry_presh_1                       0x080002d9   Thumb Code     0  __rtentry2.o(.ARM.Collect$$rtentry$$00000002)
    __rt_entry_sh                            0x080002d9   Thumb Code     0  __rtentry4.o(.ARM.Collect$$rtentry$$00000004)
    __rt_entry_li                            0x080002df   Thumb Code     0  __rtentry2.o(.ARM.Collect$$rtentry$$0000000A)
    __rt_entry_postsh_1                      0x080002df   Thumb Code     0  __rtentry2.o(.ARM.Collect$$rtentry$$00000009)
    __rt_entry_main                          0x080002e3   Thumb Code     0  __rtentry2.o(.ARM.Collect$$rtentry$$0000000D)
    __rt_entry_postli_1                      0x080002e3   Thumb Code     0  __rtentry2.o(.ARM.Collect$$rtentry$$0000000C)
    __rt_exit                                0x080002eb   Thumb Code     0  rtexit.o(.ARM.Collect$$rtexit$$00000000)
    __rt_exit_ls                             0x080002ed   Thumb Code     0  rtexit2.o(.ARM.Collect$$rtexit$$00000003)
    __rt_exit_prels_1                        0x080002ed   Thumb Code     0  rtexit2.o(.ARM.Collect$$rtexit$$00000002)
    __rt_exit_exit                           0x080002f1   Thumb Code     0  rtexit2.o(.ARM.Collect$$rtexit$$00000004)
    Reset_Handler                            0x080002f9   Thumb Code     8  startup_stm32u575xx.o(.text)
    SecureFault_Handler                      0x0800030b   Thumb Code     2  startup_stm32u575xx.o(.text)
    ADC1_IRQHandler                          0x08000315   Thumb Code     0  startup_stm32u575xx.o(.text)
    ADC4_IRQHandler                          0x08000315   Thumb Code     0  startup_stm32u575xx.o(.text)
    ADF1_IRQHandler                          0x08000315   Thumb Code     0  startup_stm32u575xx.o(.text)
    COMP_IRQHandler                          0x08000315   Thumb Code     0  startup_stm32u575xx.o(.text)
    CORDIC_IRQHandler                        0x08000315   Thumb Code     0  startup_stm32u575xx.o(.text)
    CRS_IRQHandler                           0x08000315   Thumb Code     0  startup_stm32u575xx.o(.text)
    DAC1_IRQHandler                          0x08000315   Thumb Code     0  startup_stm32u575xx.o(.text)
    DCACHE1_IRQHandler                       0x08000315   Thumb Code     0  startup_stm32u575xx.o(.text)
    DCMI_PSSI_IRQHandler                     0x08000315   Thumb Code     0  startup_stm32u575xx.o(.text)
    DMA2D_IRQHandler                         0x08000315   Thumb Code     0  startup_stm32u575xx.o(.text)
    EXTI0_IRQHandler                         0x08000315   Thumb Code     0  startup_stm32u575xx.o(.text)
    EXTI10_IRQHandler                        0x08000315   Thumb Code     0  startup_stm32u575xx.o(.text)
    EXTI11_IRQHandler                        0x08000315   Thumb Code     0  startup_stm32u575xx.o(.text)
    EXTI12_IRQHandler                        0x08000315   Thumb Code     0  startup_stm32u575xx.o(.text)
    EXTI13_IRQHandler                        0x08000315   Thumb Code     0  startup_stm32u575xx.o(.text)
    EXTI14_IRQHandler                        0x08000315   Thumb Code     0  startup_stm32u575xx.o(.text)
    EXTI15_IRQHandler                        0x08000315   Thumb Code     0  startup_stm32u575xx.o(.text)
    EXTI1_IRQHandler                         0x08000315   Thumb Code     0  startup_stm32u575xx.o(.text)
    EXTI2_IRQHandler                         0x08000315   Thumb Code     0  startup_stm32u575xx.o(.text)
    EXTI3_IRQHandler                         0x08000315   Thumb Code     0  startup_stm32u575xx.o(.text)
    EXTI4_IRQHandler                         0x08000315   Thumb Code     0  startup_stm32u575xx.o(.text)
    EXTI5_IRQHandler                         0x08000315   Thumb Code     0  startup_stm32u575xx.o(.text)
    EXTI6_IRQHandler                         0x08000315   Thumb Code     0  startup_stm32u575xx.o(.text)
    EXTI7_IRQHandler                         0x08000315   Thumb Code     0  startup_stm32u575xx.o(.text)
    EXTI8_IRQHandler                         0x08000315   Thumb Code     0  startup_stm32u575xx.o(.text)
    EXTI9_IRQHandler                         0x08000315   Thumb Code     0  startup_stm32u575xx.o(.text)
    FDCAN1_IT0_IRQHandler                    0x08000315   Thumb Code     0  startup_stm32u575xx.o(.text)
    FDCAN1_IT1_IRQHandler                    0x08000315   Thumb Code     0  startup_stm32u575xx.o(.text)
    FLASH_IRQHandler                         0x08000315   Thumb Code     0  startup_stm32u575xx.o(.text)
    FLASH_S_IRQHandler                       0x08000315   Thumb Code     0  startup_stm32u575xx.o(.text)
    FMAC_IRQHandler                          0x08000315   Thumb Code     0  startup_stm32u575xx.o(.text)
    FMC_IRQHandler                           0x08000315   Thumb Code     0  startup_stm32u575xx.o(.text)
    FPU_IRQHandler                           0x08000315   Thumb Code     0  startup_stm32u575xx.o(.text)
    GPDMA1_Channel10_IRQHandler              0x08000315   Thumb Code     0  startup_stm32u575xx.o(.text)
    GPDMA1_Channel11_IRQHandler              0x08000315   Thumb Code     0  startup_stm32u575xx.o(.text)
    GPDMA1_Channel12_IRQHandler              0x08000315   Thumb Code     0  startup_stm32u575xx.o(.text)
    GPDMA1_Channel13_IRQHandler              0x08000315   Thumb Code     0  startup_stm32u575xx.o(.text)
    GPDMA1_Channel14_IRQHandler              0x08000315   Thumb Code     0  startup_stm32u575xx.o(.text)
    GPDMA1_Channel15_IRQHandler              0x08000315   Thumb Code     0  startup_stm32u575xx.o(.text)
    GPDMA1_Channel1_IRQHandler               0x08000315   Thumb Code     0  startup_stm32u575xx.o(.text)
    GPDMA1_Channel2_IRQHandler               0x08000315   Thumb Code     0  startup_stm32u575xx.o(.text)
    GPDMA1_Channel3_IRQHandler               0x08000315   Thumb Code     0  startup_stm32u575xx.o(.text)
    GPDMA1_Channel4_IRQHandler               0x08000315   Thumb Code     0  startup_stm32u575xx.o(.text)
    GPDMA1_Channel5_IRQHandler               0x08000315   Thumb Code     0  startup_stm32u575xx.o(.text)
    GPDMA1_Channel6_IRQHandler               0x08000315   Thumb Code     0  startup_stm32u575xx.o(.text)
    GPDMA1_Channel7_IRQHandler               0x08000315   Thumb Code     0  startup_stm32u575xx.o(.text)
    GPDMA1_Channel8_IRQHandler               0x08000315   Thumb Code     0  startup_stm32u575xx.o(.text)
    GPDMA1_Channel9_IRQHandler               0x08000315   Thumb Code     0  startup_stm32u575xx.o(.text)
    GTZC_IRQHandler                          0x08000315   Thumb Code     0  startup_stm32u575xx.o(.text)
    HASH_IRQHandler                          0x08000315   Thumb Code     0  startup_stm32u575xx.o(.text)
    I2C1_ER_IRQHandler                       0x08000315   Thumb Code     0  startup_stm32u575xx.o(.text)
    I2C1_EV_IRQHandler                       0x08000315   Thumb Code     0  startup_stm32u575xx.o(.text)
    I2C2_ER_IRQHandler                       0x08000315   Thumb Code     0  startup_stm32u575xx.o(.text)
    I2C2_EV_IRQHandler                       0x08000315   Thumb Code     0  startup_stm32u575xx.o(.text)
    I2C3_ER_IRQHandler                       0x08000315   Thumb Code     0  startup_stm32u575xx.o(.text)
    I2C3_EV_IRQHandler                       0x08000315   Thumb Code     0  startup_stm32u575xx.o(.text)
    I2C4_ER_IRQHandler                       0x08000315   Thumb Code     0  startup_stm32u575xx.o(.text)
    I2C4_EV_IRQHandler                       0x08000315   Thumb Code     0  startup_stm32u575xx.o(.text)
    ICACHE_IRQHandler                        0x08000315   Thumb Code     0  startup_stm32u575xx.o(.text)
    IWDG_IRQHandler                          0x08000315   Thumb Code     0  startup_stm32u575xx.o(.text)
    LPDMA1_Channel0_IRQHandler               0x08000315   Thumb Code     0  startup_stm32u575xx.o(.text)
    LPDMA1_Channel1_IRQHandler               0x08000315   Thumb Code     0  startup_stm32u575xx.o(.text)
    LPDMA1_Channel2_IRQHandler               0x08000315   Thumb Code     0  startup_stm32u575xx.o(.text)
    LPDMA1_Channel3_IRQHandler               0x08000315   Thumb Code     0  startup_stm32u575xx.o(.text)
    LPTIM1_IRQHandler                        0x08000315   Thumb Code     0  startup_stm32u575xx.o(.text)
    LPTIM2_IRQHandler                        0x08000315   Thumb Code     0  startup_stm32u575xx.o(.text)
    LPTIM3_IRQHandler                        0x08000315   Thumb Code     0  startup_stm32u575xx.o(.text)
    LPTIM4_IRQHandler                        0x08000315   Thumb Code     0  startup_stm32u575xx.o(.text)
    LPUART1_IRQHandler                       0x08000315   Thumb Code     0  startup_stm32u575xx.o(.text)
    LSECSSD_IRQHandler                       0x08000315   Thumb Code     0  startup_stm32u575xx.o(.text)
    MDF1_FLT0_IRQHandler                     0x08000315   Thumb Code     0  startup_stm32u575xx.o(.text)
    MDF1_FLT1_IRQHandler                     0x08000315   Thumb Code     0  startup_stm32u575xx.o(.text)
    MDF1_FLT2_IRQHandler                     0x08000315   Thumb Code     0  startup_stm32u575xx.o(.text)
    MDF1_FLT3_IRQHandler                     0x08000315   Thumb Code     0  startup_stm32u575xx.o(.text)
    MDF1_FLT4_IRQHandler                     0x08000315   Thumb Code     0  startup_stm32u575xx.o(.text)
    MDF1_FLT5_IRQHandler                     0x08000315   Thumb Code     0  startup_stm32u575xx.o(.text)
    OCTOSPI1_IRQHandler                      0x08000315   Thumb Code     0  startup_stm32u575xx.o(.text)
    OCTOSPI2_IRQHandler                      0x08000315   Thumb Code     0  startup_stm32u575xx.o(.text)
    OTG_FS_IRQHandler                        0x08000315   Thumb Code     0  startup_stm32u575xx.o(.text)
    PVD_PVM_IRQHandler                       0x08000315   Thumb Code     0  startup_stm32u575xx.o(.text)
    PWR_S3WU_IRQHandler                      0x08000315   Thumb Code     0  startup_stm32u575xx.o(.text)
    RAMCFG_IRQHandler                        0x08000315   Thumb Code     0  startup_stm32u575xx.o(.text)
    RCC_IRQHandler                           0x08000315   Thumb Code     0  startup_stm32u575xx.o(.text)
    RCC_S_IRQHandler                         0x08000315   Thumb Code     0  startup_stm32u575xx.o(.text)
    RNG_IRQHandler                           0x08000315   Thumb Code     0  startup_stm32u575xx.o(.text)
    RTC_IRQHandler                           0x08000315   Thumb Code     0  startup_stm32u575xx.o(.text)
    RTC_S_IRQHandler                         0x08000315   Thumb Code     0  startup_stm32u575xx.o(.text)
    SAI1_IRQHandler                          0x08000315   Thumb Code     0  startup_stm32u575xx.o(.text)
    SAI2_IRQHandler                          0x08000315   Thumb Code     0  startup_stm32u575xx.o(.text)
    SDMMC1_IRQHandler                        0x08000315   Thumb Code     0  startup_stm32u575xx.o(.text)
    SDMMC2_IRQHandler                        0x08000315   Thumb Code     0  startup_stm32u575xx.o(.text)
    SPI2_IRQHandler                          0x08000315   Thumb Code     0  startup_stm32u575xx.o(.text)
    SPI3_IRQHandler                          0x08000315   Thumb Code     0  startup_stm32u575xx.o(.text)
    TAMP_IRQHandler                          0x08000315   Thumb Code     0  startup_stm32u575xx.o(.text)
    TIM15_IRQHandler                         0x08000315   Thumb Code     0  startup_stm32u575xx.o(.text)
    TIM16_IRQHandler                         0x08000315   Thumb Code     0  startup_stm32u575xx.o(.text)
    TIM17_IRQHandler                         0x08000315   Thumb Code     0  startup_stm32u575xx.o(.text)
    TIM1_BRK_IRQHandler                      0x08000315   Thumb Code     0  startup_stm32u575xx.o(.text)
    TIM1_CC_IRQHandler                       0x08000315   Thumb Code     0  startup_stm32u575xx.o(.text)
    TIM1_TRG_COM_IRQHandler                  0x08000315   Thumb Code     0  startup_stm32u575xx.o(.text)
    TIM1_UP_IRQHandler                       0x08000315   Thumb Code     0  startup_stm32u575xx.o(.text)
    TIM2_IRQHandler                          0x08000315   Thumb Code     0  startup_stm32u575xx.o(.text)
    TIM3_IRQHandler                          0x08000315   Thumb Code     0  startup_stm32u575xx.o(.text)
    TIM4_IRQHandler                          0x08000315   Thumb Code     0  startup_stm32u575xx.o(.text)
    TIM5_IRQHandler                          0x08000315   Thumb Code     0  startup_stm32u575xx.o(.text)
    TIM6_IRQHandler                          0x08000315   Thumb Code     0  startup_stm32u575xx.o(.text)
    TIM7_IRQHandler                          0x08000315   Thumb Code     0  startup_stm32u575xx.o(.text)
    TIM8_BRK_IRQHandler                      0x08000315   Thumb Code     0  startup_stm32u575xx.o(.text)
    TIM8_CC_IRQHandler                       0x08000315   Thumb Code     0  startup_stm32u575xx.o(.text)
    TIM8_TRG_COM_IRQHandler                  0x08000315   Thumb Code     0  startup_stm32u575xx.o(.text)
    TIM8_UP_IRQHandler                       0x08000315   Thumb Code     0  startup_stm32u575xx.o(.text)
    TSC_IRQHandler                           0x08000315   Thumb Code     0  startup_stm32u575xx.o(.text)
    UART4_IRQHandler                         0x08000315   Thumb Code     0  startup_stm32u575xx.o(.text)
    UART5_IRQHandler                         0x08000315   Thumb Code     0  startup_stm32u575xx.o(.text)
    UCPD1_IRQHandler                         0x08000315   Thumb Code     0  startup_stm32u575xx.o(.text)
    USART1_IRQHandler                        0x08000315   Thumb Code     0  startup_stm32u575xx.o(.text)
    USART2_IRQHandler                        0x08000315   Thumb Code     0  startup_stm32u575xx.o(.text)
    USART3_IRQHandler                        0x08000315   Thumb Code     0  startup_stm32u575xx.o(.text)
    WWDG_IRQHandler                          0x08000315   Thumb Code     0  startup_stm32u575xx.o(.text)
    __user_initial_stackheap                 0x08000319   Thumb Code    10  startup_stm32u575xx.o(.text)
    __use_no_semihosting                     0x0800033d   Thumb Code     2  use_no_semi_2.o(.text)
    __aeabi_uldivmod                         0x0800033f   Thumb Code     0  lludivv7m.o(.text)
    _ll_udiv                                 0x0800033f   Thumb Code   240  lludivv7m.o(.text)
    __2printf                                0x08000431   Thumb Code    20  noretval__2printf.o(.text)
    _printf_pre_padding                      0x08000449   Thumb Code    44  _printf_pad.o(.text)
    _printf_post_padding                     0x08000475   Thumb Code    34  _printf_pad.o(.text)
    _printf_int_hex                          0x08000499   Thumb Code    84  _printf_hex_int.o(.text)
    _printf_longlong_hex                     0x08000499   Thumb Code     0  _printf_hex_int.o(.text)
    __printf                                 0x080004f1   Thumb Code   308  __printf_flags_wp.o(.text)
    puts                                     0x08000629   Thumb Code    40  puts.o(.text)
    __aeabi_memclr4                          0x08000655   Thumb Code     0  rt_memclr_w.o(.text)
    __aeabi_memclr8                          0x08000655   Thumb Code     0  rt_memclr_w.o(.text)
    __rt_memclr_w                            0x08000655   Thumb Code     0  rt_memclr_w.o(.text)
    _memset_w                                0x08000659   Thumb Code    74  rt_memclr_w.o(.text)
    __use_two_region_memory                  0x080006a3   Thumb Code     2  heapauxi.o(.text)
    __rt_heap_escrow$2region                 0x080006a5   Thumb Code     2  heapauxi.o(.text)
    __rt_heap_expand$2region                 0x080006a7   Thumb Code     2  heapauxi.o(.text)
    __I$use$semihosting                      0x080006a9   Thumb Code     0  use_no_semi.o(.text)
    __use_no_semihosting_swi                 0x080006a9   Thumb Code     2  use_no_semi.o(.text)
    _printf_int_common                       0x080006ab   Thumb Code   178  _printf_intcommon.o(.text)
    _printf_fp_dec_real                      0x0800090d   Thumb Code   620  _printf_fp_dec.o(.text)
    _printf_char_file                        0x08000b79   Thumb Code    32  _printf_char_file.o(.text)
    __rt_locale                              0x08000b9d   Thumb Code     8  rt_locale_intlibspace.o(.text)
    _ll_udiv10                               0x08000ba5   Thumb Code   138  lludiv10.o(.text)
    _printf_char_common                      0x08000c3b   Thumb Code    32  _printf_char_common.o(.text)
    _printf_fp_infnan                        0x08000c61   Thumb Code   112  _printf_fp_infnan.o(.text)
    _btod_etento                             0x08000ce1   Thumb Code   224  bigflt0.o(.text)
    ferror                                   0x08000dc5   Thumb Code     8  ferror.o(.text)
    __user_libspace                          0x08000dcd   Thumb Code     8  libspace.o(.text)
    __user_perproc_libspace                  0x08000dcd   Thumb Code     0  libspace.o(.text)
    __user_perthread_libspace                0x08000dcd   Thumb Code     0  libspace.o(.text)
    __user_setup_stackheap                   0x08000dd5   Thumb Code    74  sys_stackheap_outer.o(.text)
    exit                                     0x08000e1f   Thumb Code    18  exit.o(.text)
    strcmp                                   0x08000e31   Thumb Code   124  strcmpv8m_maindsp.o(.text)
    ADXL355_Init                             0x08000ead   Thumb Code   936  adxl355.o(.text.ADXL355_Init)
    BusFault_Handler                         0x080012e5   Thumb Code     2  stm32u5xx_it.o(.text.BusFault_Handler)
    DebugMon_Handler                         0x080012e9   Thumb Code     2  stm32u5xx_it.o(.text.DebugMon_Handler)
    Error_Handler                            0x080012ed   Thumb Code    10  main.o(.text.Error_Handler)
    GPDMA1_Channel0_IRQHandler               0x080012f9   Thumb Code    12  stm32u5xx_it.o(.text.GPDMA1_Channel0_IRQHandler)
    HAL_DMA_Abort_IT                         0x08001305   Thumb Code    48  stm32u5xx_hal_dma.o(.text.HAL_DMA_Abort_IT)
    HAL_DMA_ConfigChannelAttributes          0x08001335   Thumb Code    72  stm32u5xx_hal_dma.o(.text.HAL_DMA_ConfigChannelAttributes)
    HAL_DMA_IRQHandler                       0x0800137d   Thumb Code   454  stm32u5xx_hal_dma.o(.text.HAL_DMA_IRQHandler)
    HAL_DMA_Init                             0x08001545   Thumb Code  1426  stm32u5xx_hal_dma.o(.text.HAL_DMA_Init)
    HAL_Delay                                0x08001ad9   Thumb Code    40  stm32u5xx_hal.o(.text.HAL_Delay)
    HAL_GPIO_Init                            0x08001b01   Thumb Code   538  stm32u5xx_hal_gpio.o(.text.HAL_GPIO_Init)
    HAL_GPIO_WritePin                        0x08001d1d   Thumb Code    12  stm32u5xx_hal_gpio.o(.text.HAL_GPIO_WritePin)
    HAL_GetTick                              0x08001d29   Thumb Code    12  stm32u5xx_hal.o(.text.HAL_GetTick)
    HAL_IncTick                              0x08001d35   Thumb Code    26  stm32u5xx_hal.o(.text.HAL_IncTick)
    HAL_Init                                 0x08001d51   Thumb Code    86  stm32u5xx_hal.o(.text.HAL_Init)
    HAL_InitTick                             0x08001da9   Thumb Code    78  stm32u5xx_hal.o(.text.HAL_InitTick)
    HAL_MspInit                              0x08001df9   Thumb Code    32  stm32u5xx_hal_msp.o(.text.HAL_MspInit)
    HAL_NVIC_EnableIRQ                       0x08001e19   Thumb Code    32  stm32u5xx_hal_cortex.o(.text.HAL_NVIC_EnableIRQ)
    HAL_NVIC_SetPriority                     0x08001e39   Thumb Code    86  stm32u5xx_hal_cortex.o(.text.HAL_NVIC_SetPriority)
    HAL_NVIC_SetPriorityGrouping             0x08001e91   Thumb Code    32  stm32u5xx_hal_cortex.o(.text.HAL_NVIC_SetPriorityGrouping)
    HAL_PWREx_ControlVoltageScaling          0x08001eb1   Thumb Code   302  stm32u5xx_hal_pwr_ex.o(.text.HAL_PWREx_ControlVoltageScaling)
    HAL_PWREx_DisableUCPDDeadBattery         0x08001fe1   Thumb Code    18  stm32u5xx_hal_pwr_ex.o(.text.HAL_PWREx_DisableUCPDDeadBattery)
    HAL_PWREx_GetVoltageRange                0x08001ff5   Thumb Code    16  stm32u5xx_hal_pwr_ex.o(.text.HAL_PWREx_GetVoltageRange)
    HAL_RCCEx_GetPLL1ClockFreq               0x08002005   Thumb Code   408  stm32u5xx_hal_rcc_ex.o(.text.HAL_RCCEx_GetPLL1ClockFreq)
    HAL_RCCEx_GetPLL2ClockFreq               0x0800219d   Thumb Code   408  stm32u5xx_hal_rcc_ex.o(.text.HAL_RCCEx_GetPLL2ClockFreq)
    HAL_RCCEx_GetPLL3ClockFreq               0x08002335   Thumb Code   408  stm32u5xx_hal_rcc_ex.o(.text.HAL_RCCEx_GetPLL3ClockFreq)
    HAL_RCCEx_GetPeriphCLKFreq               0x080024cd   Thumb Code  2702  stm32u5xx_hal_rcc_ex.o(.text.HAL_RCCEx_GetPeriphCLKFreq)
    HAL_RCCEx_PeriphCLKConfig                0x08002f5d   Thumb Code  1622  stm32u5xx_hal_rcc_ex.o(.text.HAL_RCCEx_PeriphCLKConfig)
    HAL_RCC_ClockConfig                      0x080035b5   Thumb Code   766  stm32u5xx_hal_rcc.o(.text.HAL_RCC_ClockConfig)
    HAL_RCC_GetHCLKFreq                      0x080038b5   Thumb Code    44  stm32u5xx_hal_rcc.o(.text.HAL_RCC_GetHCLKFreq)
    HAL_RCC_GetPCLK1Freq                     0x080038e1   Thumb Code    62  stm32u5xx_hal_rcc.o(.text.HAL_RCC_GetPCLK1Freq)
    HAL_RCC_GetPCLK2Freq                     0x08003921   Thumb Code    62  stm32u5xx_hal_rcc.o(.text.HAL_RCC_GetPCLK2Freq)
    HAL_RCC_GetPCLK3Freq                     0x08003961   Thumb Code    62  stm32u5xx_hal_rcc.o(.text.HAL_RCC_GetPCLK3Freq)
    HAL_RCC_GetSysClockFreq                  0x080039a1   Thumb Code   272  stm32u5xx_hal_rcc.o(.text.HAL_RCC_GetSysClockFreq)
    HAL_RCC_OscConfig                        0x08003ab1   Thumb Code  2956  stm32u5xx_hal_rcc.o(.text.HAL_RCC_OscConfig)
    HAL_SPIEx_SetConfigAutonomousMode        0x0800463d   Thumb Code    72  stm32u5xx_hal_spi_ex.o(.text.HAL_SPIEx_SetConfigAutonomousMode)
    HAL_SPI_ErrorCallback                    0x08004685   Thumb Code     2  stm32u5xx_hal_spi.o(.text.HAL_SPI_ErrorCallback)
    HAL_SPI_IRQHandler                       0x08004689   Thumb Code   628  stm32u5xx_hal_spi.o(.text.HAL_SPI_IRQHandler)
    HAL_SPI_Init                             0x080048fd   Thumb Code   380  stm32u5xx_hal_spi.o(.text.HAL_SPI_Init)
    HAL_SPI_MspInit                          0x08004a79   Thumb Code   252  spi.o(.text.HAL_SPI_MspInit)
    HAL_SPI_Receive                          0x08004b75   Thumb Code   738  stm32u5xx_hal_spi.o(.text.HAL_SPI_Receive)
    HAL_SPI_RxCpltCallback                   0x08004e59   Thumb Code     2  stm32u5xx_hal_spi.o(.text.HAL_SPI_RxCpltCallback)
    HAL_SPI_SuspendCallback                  0x08004e5d   Thumb Code     2  stm32u5xx_hal_spi.o(.text.HAL_SPI_SuspendCallback)
    HAL_SPI_Transmit                         0x08004e61   Thumb Code   978  stm32u5xx_hal_spi.o(.text.HAL_SPI_Transmit)
    HAL_SPI_TxCpltCallback                   0x08005235   Thumb Code     2  stm32u5xx_hal_spi.o(.text.HAL_SPI_TxCpltCallback)
    HAL_SPI_TxRxCpltCallback                 0x08005239   Thumb Code     2  stm32u5xx_hal_spi.o(.text.HAL_SPI_TxRxCpltCallback)
    HAL_SYSTICK_Config                       0x0800523d   Thumb Code    44  stm32u5xx_hal_cortex.o(.text.HAL_SYSTICK_Config)
    HAL_UARTEx_DisableFifoMode               0x08005269   Thumb Code    54  stm32u5xx_hal_uart_ex.o(.text.HAL_UARTEx_DisableFifoMode)
    HAL_UARTEx_SetRxFifoThreshold            0x080052a1   Thumb Code   140  stm32u5xx_hal_uart_ex.o(.text.HAL_UARTEx_SetRxFifoThreshold)
    HAL_UARTEx_SetTxFifoThreshold            0x0800532d   Thumb Code   140  stm32u5xx_hal_uart_ex.o(.text.HAL_UARTEx_SetTxFifoThreshold)
    HAL_UART_Init                            0x080053b9   Thumb Code   104  stm32u5xx_hal_uart.o(.text.HAL_UART_Init)
    HAL_UART_MspInit                         0x08005421   Thumb Code   148  usart.o(.text.HAL_UART_MspInit)
    HAL_UART_Transmit                        0x080054b5   Thumb Code   222  stm32u5xx_hal_uart.o(.text.HAL_UART_Transmit)
    HardFault_Handler                        0x08005595   Thumb Code     2  stm32u5xx_it.o(.text.HardFault_Handler)
    MX_GPDMA1_Init                           0x08005599   Thumb Code    52  gpdma.o(.text.MX_GPDMA1_Init)
    MX_GPIO_Init                             0x080055cd   Thumb Code   180  gpio.o(.text.MX_GPIO_Init)
    MX_SPI1_Init                             0x08005681   Thumb Code   138  spi.o(.text.MX_SPI1_Init)
    MX_USART3_UART_Init                      0x0800570d   Thumb Code   136  usart.o(.text.MX_USART3_UART_Init)
    MemManage_Handler                        0x08005795   Thumb Code     2  stm32u5xx_it.o(.text.MemManage_Handler)
    NMI_Handler                              0x08005799   Thumb Code     2  stm32u5xx_it.o(.text.NMI_Handler)
    PendSV_Handler                           0x0800579d   Thumb Code     2  stm32u5xx_it.o(.text.PendSV_Handler)
    SPI1_IRQHandler                          0x08005991   Thumb Code    12  stm32u5xx_it.o(.text.SPI1_IRQHandler)
    SVC_Handler                              0x08005a81   Thumb Code     2  stm32u5xx_it.o(.text.SVC_Handler)
    SysTick_Handler                          0x08005a85   Thumb Code     4  stm32u5xx_it.o(.text.SysTick_Handler)
    SystemInit                               0x08005a89   Thumb Code    76  system_stm32u5xx.o(.text.SystemInit)
    UART_AdvFeatureConfig                    0x08005ad5   Thumb Code   232  stm32u5xx_hal_uart.o(.text.UART_AdvFeatureConfig)
    UART_CheckIdleState                      0x08005bbd   Thumb Code   366  stm32u5xx_hal_uart.o(.text.UART_CheckIdleState)
    UART_SetConfig                           0x08005d2d   Thumb Code   538  stm32u5xx_hal_uart.o(.text.UART_SetConfig)
    UART_WaitOnFlagUntilTimeout              0x08005f49   Thumb Code   736  stm32u5xx_hal_uart.o(.text.UART_WaitOnFlagUntilTimeout)
    UsageFault_Handler                       0x08006229   Thumb Code     2  stm32u5xx_it.o(.text.UsageFault_Handler)
    _sys_exit                                0x0800622d   Thumb Code     2  usart.o(.text._sys_exit)
    fputc                                    0x08006231   Thumb Code    36  usart.o(.text.fputc)
    main                                     0x08006255   Thumb Code   220  main.o(.text.main)
    _btod_d2e                                0x08006339   Thumb Code    62  btod.o(CL$$btod_d2e)
    _d2e_denorm_low                          0x08006377   Thumb Code    70  btod.o(CL$$btod_d2e_denorm_low)
    _d2e_norm_op1                            0x080063bd   Thumb Code    96  btod.o(CL$$btod_d2e_norm_op1)
    __btod_div_common                        0x0800641d   Thumb Code   696  btod.o(CL$$btod_div_common)
    _e2e                                     0x08006755   Thumb Code   220  btod.o(CL$$btod_e2e)
    _btod_ediv                               0x08006831   Thumb Code    42  btod.o(CL$$btod_ediv)
    _btod_emul                               0x0800685b   Thumb Code    42  btod.o(CL$$btod_emul)
    __btod_mult_common                       0x08006885   Thumb Code   580  btod.o(CL$$btod_mult_common)
    __ARM_fpclassify                         0x08006ac9   Thumb Code    48  fpclassify.o(i.__ARM_fpclassify)
    _is_digit                                0x08006af9   Thumb Code    14  __printf_wp.o(i._is_digit)
    _get_lc_numeric                          0x08006b09   Thumb Code    44  lc_numeric_c.o(locale$$code)
    _fp_init                                 0x08006b35   Thumb Code    26  fpinit.o(x$fpl$fpinit)
    __fplib_config_fpu_vfp                   0x08006b4d   Thumb Code     0  fpinit.o(x$fpl$fpinit)
    __fplib_config_pureend_doubles           0x08006b4d   Thumb Code     0  fpinit.o(x$fpl$fpinit)
    _printf_fp_dec                           0x08006b4f   Thumb Code     4  printf1.o(x$fpl$printf1)
    __I$use$fp                               0x08006b52   Number         0  usenofp.o(x$fpl$usenofp)
    AHBPrescTable                            0x08006c20   Data          16  system_stm32u5xx.o(.rodata.AHBPrescTable)
    APBPrescTable                            0x08006c30   Data           8  system_stm32u5xx.o(.rodata.APBPrescTable)
    MSIRangeTable                            0x08006cb8   Data          64  system_stm32u5xx.o(.rodata.MSIRangeTable)
    UARTPrescTable                           0x08006cf8   Data          24  stm32u5xx_hal_uart.o(.rodata.UARTPrescTable)
    Region$$Table$$Base                      0x08006d3c   Number         0  anon$$obj.o(Region$$Table)
    Region$$Table$$Limit                     0x08006d5c   Number         0  anon$$obj.o(Region$$Table)
    uwTickFreq                               0x20000000   Data           1  stm32u5xx_hal.o(.data..L_MergedGlobals)
    uwTickPrio                               0x20000004   Data           4  stm32u5xx_hal.o(.data..L_MergedGlobals)
    SystemCoreClock                          0x20000008   Data           4  system_stm32u5xx.o(.data.SystemCoreClock)
    __libspace_start                         0x20000010   Data          96  libspace.o(.bss)
    __stdout                                 0x20000070   Data          84  usart.o(.bss.__stdout)
    __temporary_stack_top$libspace           0x20000070   Data           0  libspace.o(.bss)
    handle_GPDMA1_Channel0                   0x200000c4   Data         120  spi.o(.bss.handle_GPDMA1_Channel0)
    hspi1                                    0x2000013c   Data         144  spi.o(.bss.hspi1)
    huart3                                   0x200001cc   Data         148  usart.o(.bss.huart3)
    uwTick                                   0x20000260   Data           4  stm32u5xx_hal.o(.bss.uwTick)



==============================================================================

Memory Map of the image

  Image Entry point : 0x08000239

  Load Region LR_IROM1 (Base: 0x08000000, Size: 0x00006d88, Max: 0x00100000, ABSOLUTE)

    Execution Region ER_IROM1 (Exec base: 0x08000000, Load base: 0x08000000, Size: 0x00006d78, Max: 0x00100000, ABSOLUTE)

    Exec Addr    Load Addr    Size         Type   Attr      Idx    E Section Name        Object

    0x08000000   0x08000000   0x00000238   Data   RO            3    RESET               startup_stm32u575xx.o
    0x08000238   0x08000238   0x00000008   Code   RO         1256  * !!!main             c_w.l(__main.o)
    0x08000240   0x08000240   0x00000034   Code   RO         1490    !!!scatter          c_w.l(__scatter.o)
    0x08000274   0x08000274   0x0000001a   Code   RO         1492    !!handler_copy      c_w.l(__scatter_copy.o)
    0x0800028e   0x0800028e   0x00000002   PAD
    0x08000290   0x08000290   0x0000001c   Code   RO         1494    !!handler_zi        c_w.l(__scatter_zi.o)
    0x080002ac   0x080002ac   0x00000000   Code   RO         1249    .ARM.Collect$$_printf_percent$$00000000  c_w.l(_printf_percent.o)
    0x080002ac   0x080002ac   0x00000006   Code   RO         1248    .ARM.Collect$$_printf_percent$$00000003  c_w.l(_printf_f.o)
    0x080002b2   0x080002b2   0x00000006   Code   RO         1247    .ARM.Collect$$_printf_percent$$0000000C  c_w.l(_printf_x.o)
    0x080002b8   0x080002b8   0x00000004   Code   RO         1275    .ARM.Collect$$_printf_percent$$00000017  c_w.l(_printf_percent_end.o)
    0x080002bc   0x080002bc   0x00000002   Code   RO         1365    .ARM.Collect$$libinit$$00000000  c_w.l(libinit.o)
    0x080002be   0x080002be   0x00000004   Code   RO         1366    .ARM.Collect$$libinit$$00000001  c_w.l(libinit2.o)
    0x080002c2   0x080002c2   0x00000000   Code   RO         1369    .ARM.Collect$$libinit$$00000004  c_w.l(libinit2.o)
    0x080002c2   0x080002c2   0x00000000   Code   RO         1372    .ARM.Collect$$libinit$$0000000A  c_w.l(libinit2.o)
    0x080002c2   0x080002c2   0x00000000   Code   RO         1374    .ARM.Collect$$libinit$$0000000C  c_w.l(libinit2.o)
    0x080002c2   0x080002c2   0x00000000   Code   RO         1376    .ARM.Collect$$libinit$$0000000E  c_w.l(libinit2.o)
    0x080002c2   0x080002c2   0x00000006   Code   RO         1377    .ARM.Collect$$libinit$$0000000F  c_w.l(libinit2.o)
    0x080002c8   0x080002c8   0x00000000   Code   RO         1379    .ARM.Collect$$libinit$$00000011  c_w.l(libinit2.o)
    0x080002c8   0x080002c8   0x00000000   Code   RO         1381    .ARM.Collect$$libinit$$00000013  c_w.l(libinit2.o)
    0x080002c8   0x080002c8   0x00000000   Code   RO         1383    .ARM.Collect$$libinit$$00000015  c_w.l(libinit2.o)
    0x080002c8   0x080002c8   0x0000000a   Code   RO         1384    .ARM.Collect$$libinit$$00000016  c_w.l(libinit2.o)
    0x080002d2   0x080002d2   0x00000000   Code   RO         1385    .ARM.Collect$$libinit$$00000017  c_w.l(libinit2.o)
    0x080002d2   0x080002d2   0x00000000   Code   RO         1387    .ARM.Collect$$libinit$$00000019  c_w.l(libinit2.o)
    0x080002d2   0x080002d2   0x00000000   Code   RO         1389    .ARM.Collect$$libinit$$0000001B  c_w.l(libinit2.o)
    0x080002d2   0x080002d2   0x00000000   Code   RO         1391    .ARM.Collect$$libinit$$0000001D  c_w.l(libinit2.o)
    0x080002d2   0x080002d2   0x00000000   Code   RO         1393    .ARM.Collect$$libinit$$0000001F  c_w.l(libinit2.o)
    0x080002d2   0x080002d2   0x00000000   Code   RO         1395    .ARM.Collect$$libinit$$00000021  c_w.l(libinit2.o)
    0x080002d2   0x080002d2   0x00000000   Code   RO         1397    .ARM.Collect$$libinit$$00000023  c_w.l(libinit2.o)
    0x080002d2   0x080002d2   0x00000000   Code   RO         1399    .ARM.Collect$$libinit$$00000025  c_w.l(libinit2.o)
    0x080002d2   0x080002d2   0x00000000   Code   RO         1403    .ARM.Collect$$libinit$$0000002C  c_w.l(libinit2.o)
    0x080002d2   0x080002d2   0x00000000   Code   RO         1405    .ARM.Collect$$libinit$$0000002E  c_w.l(libinit2.o)
    0x080002d2   0x080002d2   0x00000000   Code   RO         1407    .ARM.Collect$$libinit$$00000030  c_w.l(libinit2.o)
    0x080002d2   0x080002d2   0x00000000   Code   RO         1409    .ARM.Collect$$libinit$$00000032  c_w.l(libinit2.o)
    0x080002d2   0x080002d2   0x00000002   Code   RO         1410    .ARM.Collect$$libinit$$00000033  c_w.l(libinit2.o)
    0x080002d4   0x080002d4   0x00000002   Code   RO         1454    .ARM.Collect$$libshutdown$$00000000  c_w.l(libshutdown.o)
    0x080002d6   0x080002d6   0x00000000   Code   RO         1473    .ARM.Collect$$libshutdown$$00000002  c_w.l(libshutdown2.o)
    0x080002d6   0x080002d6   0x00000000   Code   RO         1475    .ARM.Collect$$libshutdown$$00000004  c_w.l(libshutdown2.o)
    0x080002d6   0x080002d6   0x00000000   Code   RO         1478    .ARM.Collect$$libshutdown$$00000007  c_w.l(libshutdown2.o)
    0x080002d6   0x080002d6   0x00000000   Code   RO         1481    .ARM.Collect$$libshutdown$$0000000A  c_w.l(libshutdown2.o)
    0x080002d6   0x080002d6   0x00000000   Code   RO         1483    .ARM.Collect$$libshutdown$$0000000C  c_w.l(libshutdown2.o)
    0x080002d6   0x080002d6   0x00000000   Code   RO         1486    .ARM.Collect$$libshutdown$$0000000F  c_w.l(libshutdown2.o)
    0x080002d6   0x080002d6   0x00000002   Code   RO         1487    .ARM.Collect$$libshutdown$$00000010  c_w.l(libshutdown2.o)
    0x080002d8   0x080002d8   0x00000000   Code   RO         1262    .ARM.Collect$$rtentry$$00000000  c_w.l(__rtentry.o)
    0x080002d8   0x080002d8   0x00000000   Code   RO         1277    .ARM.Collect$$rtentry$$00000002  c_w.l(__rtentry2.o)
    0x080002d8   0x080002d8   0x00000006   Code   RO         1289    .ARM.Collect$$rtentry$$00000004  c_w.l(__rtentry4.o)
    0x080002de   0x080002de   0x00000000   Code   RO         1279    .ARM.Collect$$rtentry$$00000009  c_w.l(__rtentry2.o)
    0x080002de   0x080002de   0x00000004   Code   RO         1280    .ARM.Collect$$rtentry$$0000000A  c_w.l(__rtentry2.o)
    0x080002e2   0x080002e2   0x00000000   Code   RO         1282    .ARM.Collect$$rtentry$$0000000C  c_w.l(__rtentry2.o)
    0x080002e2   0x080002e2   0x00000008   Code   RO         1283    .ARM.Collect$$rtentry$$0000000D  c_w.l(__rtentry2.o)
    0x080002ea   0x080002ea   0x00000002   Code   RO         1411    .ARM.Collect$$rtexit$$00000000  c_w.l(rtexit.o)
    0x080002ec   0x080002ec   0x00000000   Code   RO         1426    .ARM.Collect$$rtexit$$00000002  c_w.l(rtexit2.o)
    0x080002ec   0x080002ec   0x00000004   Code   RO         1427    .ARM.Collect$$rtexit$$00000003  c_w.l(rtexit2.o)
    0x080002f0   0x080002f0   0x00000006   Code   RO         1428    .ARM.Collect$$rtexit$$00000004  c_w.l(rtexit2.o)
    0x080002f6   0x080002f6   0x00000002   PAD
    0x080002f8   0x080002f8   0x00000044   Code   RO            4    .text               startup_stm32u575xx.o
    0x0800033c   0x0800033c   0x00000002   Code   RO         1194    .text               c_w.l(use_no_semi_2.o)
    0x0800033e   0x0800033e   0x000000f0   Code   RO         1196    .text               c_w.l(lludivv7m.o)
    0x0800042e   0x0800042e   0x00000002   PAD
    0x08000430   0x08000430   0x00000018   Code   RO         1200    .text               c_w.l(noretval__2printf.o)
    0x08000448   0x08000448   0x0000004e   Code   RO         1204    .text               c_w.l(_printf_pad.o)
    0x08000496   0x08000496   0x00000002   PAD
    0x08000498   0x08000498   0x00000058   Code   RO         1209    .text               c_w.l(_printf_hex_int.o)
    0x080004f0   0x080004f0   0x00000138   Code   RO         1239    .text               c_w.l(__printf_flags_wp.o)
    0x08000628   0x08000628   0x0000002c   Code   RO         1250    .text               c_w.l(puts.o)
    0x08000654   0x08000654   0x0000004e   Code   RO         1252    .text               c_w.l(rt_memclr_w.o)
    0x080006a2   0x080006a2   0x00000006   Code   RO         1254    .text               c_w.l(heapauxi.o)
    0x080006a8   0x080006a8   0x00000002   Code   RO         1260    .text               c_w.l(use_no_semi.o)
    0x080006aa   0x080006aa   0x000000b2   Code   RO         1267    .text               c_w.l(_printf_intcommon.o)
    0x0800075c   0x0800075c   0x0000041c   Code   RO         1269    .text               c_w.l(_printf_fp_dec.o)
    0x08000b78   0x08000b78   0x00000024   Code   RO         1273    .text               c_w.l(_printf_char_file.o)
    0x08000b9c   0x08000b9c   0x00000008   Code   RO         1296    .text               c_w.l(rt_locale_intlibspace.o)
    0x08000ba4   0x08000ba4   0x0000008a   Code   RO         1298    .text               c_w.l(lludiv10.o)
    0x08000c2e   0x08000c2e   0x00000002   PAD
    0x08000c30   0x08000c30   0x00000030   Code   RO         1300    .text               c_w.l(_printf_char_common.o)
    0x08000c60   0x08000c60   0x00000080   Code   RO         1302    .text               c_w.l(_printf_fp_infnan.o)
    0x08000ce0   0x08000ce0   0x000000e4   Code   RO         1304    .text               c_w.l(bigflt0.o)
    0x08000dc4   0x08000dc4   0x00000008   Code   RO         1331    .text               c_w.l(ferror.o)
    0x08000dcc   0x08000dcc   0x00000008   Code   RO         1343    .text               c_w.l(libspace.o)
    0x08000dd4   0x08000dd4   0x0000004a   Code   RO         1346    .text               c_w.l(sys_stackheap_outer.o)
    0x08000e1e   0x08000e1e   0x00000012   Code   RO         1352    .text               c_w.l(exit.o)
    0x08000e30   0x08000e30   0x0000007c   Code   RO         1358    .text               c_w.l(strcmpv8m_maindsp.o)
    0x08000eac   0x08000eac   0x00000438   Code   RO         1135    .text.ADXL355_Init  adxl355.o
    0x080012e4   0x080012e4   0x00000002   Code   RO           87    .text.BusFault_Handler  stm32u5xx_it.o
    0x080012e6   0x080012e6   0x00000002   PAD
    0x080012e8   0x080012e8   0x00000002   Code   RO           93    .text.DebugMon_Handler  stm32u5xx_it.o
    0x080012ea   0x080012ea   0x00000002   PAD
    0x080012ec   0x080012ec   0x0000000a   Code   RO           15    .text.Error_Handler  main.o
    0x080012f6   0x080012f6   0x00000002   PAD
    0x080012f8   0x080012f8   0x0000000c   Code   RO           99    .text.GPDMA1_Channel0_IRQHandler  stm32u5xx_it.o
    0x08001304   0x08001304   0x00000030   Code   RO          176    .text.HAL_DMA_Abort_IT  stm32u5xx_hal_dma.o
    0x08001334   0x08001334   0x00000048   Code   RO          190    .text.HAL_DMA_ConfigChannelAttributes  stm32u5xx_hal_dma.o
    0x0800137c   0x0800137c   0x000001c6   Code   RO          180    .text.HAL_DMA_IRQHandler  stm32u5xx_hal_dma.o
    0x08001542   0x08001542   0x00000002   PAD
    0x08001544   0x08001544   0x00000592   Code   RO          166    .text.HAL_DMA_Init  stm32u5xx_hal_dma.o
    0x08001ad6   0x08001ad6   0x00000002   PAD
    0x08001ad8   0x08001ad8   0x00000028   Code   RO          299    .text.HAL_Delay     stm32u5xx_hal.o
    0x08001b00   0x08001b00   0x0000021a   Code   RO          562    .text.HAL_GPIO_Init  stm32u5xx_hal_gpio.o
    0x08001d1a   0x08001d1a   0x00000002   PAD
    0x08001d1c   0x08001d1c   0x0000000c   Code   RO          568    .text.HAL_GPIO_WritePin  stm32u5xx_hal_gpio.o
    0x08001d28   0x08001d28   0x0000000c   Code   RO          291    .text.HAL_GetTick   stm32u5xx_hal.o
    0x08001d34   0x08001d34   0x0000001a   Code   RO          289    .text.HAL_IncTick   stm32u5xx_hal.o
    0x08001d4e   0x08001d4e   0x00000002   PAD
    0x08001d50   0x08001d50   0x00000056   Code   RO          279    .text.HAL_Init      stm32u5xx_hal.o
    0x08001da6   0x08001da6   0x00000002   PAD
    0x08001da8   0x08001da8   0x0000004e   Code   RO          281    .text.HAL_InitTick  stm32u5xx_hal.o
    0x08001df6   0x08001df6   0x00000002   PAD
    0x08001df8   0x08001df8   0x00000020   Code   RO          110    .text.HAL_MspInit   stm32u5xx_hal_msp.o
    0x08001e18   0x08001e18   0x00000020   Code   RO          122    .text.HAL_NVIC_EnableIRQ  stm32u5xx_hal_cortex.o
    0x08001e38   0x08001e38   0x00000056   Code   RO          120    .text.HAL_NVIC_SetPriority  stm32u5xx_hal_cortex.o
    0x08001e8e   0x08001e8e   0x00000002   PAD
    0x08001e90   0x08001e90   0x00000020   Code   RO          118    .text.HAL_NVIC_SetPriorityGrouping  stm32u5xx_hal_cortex.o
    0x08001eb0   0x08001eb0   0x0000012e   Code   RO          671    .text.HAL_PWREx_ControlVoltageScaling  stm32u5xx_hal_pwr_ex.o
    0x08001fde   0x08001fde   0x00000002   PAD
    0x08001fe0   0x08001fe0   0x00000012   Code   RO          741    .text.HAL_PWREx_DisableUCPDDeadBattery  stm32u5xx_hal_pwr_ex.o
    0x08001ff2   0x08001ff2   0x00000002   PAD
    0x08001ff4   0x08001ff4   0x00000010   Code   RO          673    .text.HAL_PWREx_GetVoltageRange  stm32u5xx_hal_pwr_ex.o
    0x08002004   0x08002004   0x00000198   Code   RO          413    .text.HAL_RCCEx_GetPLL1ClockFreq  stm32u5xx_hal_rcc_ex.o
    0x0800219c   0x0800219c   0x00000198   Code   RO          415    .text.HAL_RCCEx_GetPLL2ClockFreq  stm32u5xx_hal_rcc_ex.o
    0x08002334   0x08002334   0x00000198   Code   RO          417    .text.HAL_RCCEx_GetPLL3ClockFreq  stm32u5xx_hal_rcc_ex.o
    0x080024cc   0x080024cc   0x00000a8e   Code   RO          419    .text.HAL_RCCEx_GetPeriphCLKFreq  stm32u5xx_hal_rcc_ex.o
    0x08002f5a   0x08002f5a   0x00000002   PAD
    0x08002f5c   0x08002f5c   0x00000656   Code   RO          405    .text.HAL_RCCEx_PeriphCLKConfig  stm32u5xx_hal_rcc_ex.o
    0x080035b2   0x080035b2   0x00000002   PAD
    0x080035b4   0x080035b4   0x000002fe   Code   RO          369    .text.HAL_RCC_ClockConfig  stm32u5xx_hal_rcc.o
    0x080038b2   0x080038b2   0x00000002   PAD
    0x080038b4   0x080038b4   0x0000002c   Code   RO          367    .text.HAL_RCC_GetHCLKFreq  stm32u5xx_hal_rcc.o
    0x080038e0   0x080038e0   0x0000003e   Code   RO          375    .text.HAL_RCC_GetPCLK1Freq  stm32u5xx_hal_rcc.o
    0x0800391e   0x0800391e   0x00000002   PAD
    0x08003920   0x08003920   0x0000003e   Code   RO          377    .text.HAL_RCC_GetPCLK2Freq  stm32u5xx_hal_rcc.o
    0x0800395e   0x0800395e   0x00000002   PAD
    0x08003960   0x08003960   0x0000003e   Code   RO          379    .text.HAL_RCC_GetPCLK3Freq  stm32u5xx_hal_rcc.o
    0x0800399e   0x0800399e   0x00000002   PAD
    0x080039a0   0x080039a0   0x00000110   Code   RO          371    .text.HAL_RCC_GetSysClockFreq  stm32u5xx_hal_rcc.o
    0x08003ab0   0x08003ab0   0x00000b8c   Code   RO          365    .text.HAL_RCC_OscConfig  stm32u5xx_hal_rcc.o
    0x0800463c   0x0800463c   0x00000048   Code   RO          911    .text.HAL_SPIEx_SetConfigAutonomousMode  stm32u5xx_hal_spi_ex.o
    0x08004684   0x08004684   0x00000002   Code   RO          877    .text.HAL_SPI_ErrorCallback  stm32u5xx_hal_spi.o
    0x08004686   0x08004686   0x00000002   PAD
    0x08004688   0x08004688   0x00000274   Code   RO          873    .text.HAL_SPI_IRQHandler  stm32u5xx_hal_spi.o
    0x080048fc   0x080048fc   0x0000017c   Code   RO          803    .text.HAL_SPI_Init  stm32u5xx_hal_spi.o
    0x08004a78   0x08004a78   0x000000fc   Code   RO           45    .text.HAL_SPI_MspInit  spi.o
    0x08004b74   0x08004b74   0x000002e2   Code   RO          815    .text.HAL_SPI_Receive  stm32u5xx_hal_spi.o
    0x08004e56   0x08004e56   0x00000002   PAD
    0x08004e58   0x08004e58   0x00000002   Code   RO          881    .text.HAL_SPI_RxCpltCallback  stm32u5xx_hal_spi.o
    0x08004e5a   0x08004e5a   0x00000002   PAD
    0x08004e5c   0x08004e5c   0x00000002   Code   RO          875    .text.HAL_SPI_SuspendCallback  stm32u5xx_hal_spi.o
    0x08004e5e   0x08004e5e   0x00000002   PAD
    0x08004e60   0x08004e60   0x000003d2   Code   RO          811    .text.HAL_SPI_Transmit  stm32u5xx_hal_spi.o
    0x08005232   0x08005232   0x00000002   PAD
    0x08005234   0x08005234   0x00000002   Code   RO          883    .text.HAL_SPI_TxCpltCallback  stm32u5xx_hal_spi.o
    0x08005236   0x08005236   0x00000002   PAD
    0x08005238   0x08005238   0x00000002   Code   RO          879    .text.HAL_SPI_TxRxCpltCallback  stm32u5xx_hal_spi.o
    0x0800523a   0x0800523a   0x00000002   PAD
    0x0800523c   0x0800523c   0x0000002c   Code   RO          130    .text.HAL_SYSTICK_Config  stm32u5xx_hal_cortex.o
    0x08005268   0x08005268   0x00000036   Code   RO         1086    .text.HAL_UARTEx_DisableFifoMode  stm32u5xx_hal_uart_ex.o
    0x0800529e   0x0800529e   0x00000002   PAD
    0x080052a0   0x080052a0   0x0000008c   Code   RO         1090    .text.HAL_UARTEx_SetRxFifoThreshold  stm32u5xx_hal_uart_ex.o
    0x0800532c   0x0800532c   0x0000008c   Code   RO         1088    .text.HAL_UARTEx_SetTxFifoThreshold  stm32u5xx_hal_uart_ex.o
    0x080053b8   0x080053b8   0x00000068   Code   RO          927    .text.HAL_UART_Init  stm32u5xx_hal_uart.o
    0x08005420   0x08005420   0x00000094   Code   RO           67    .text.HAL_UART_MspInit  usart.o
    0x080054b4   0x080054b4   0x000000de   Code   RO          947    .text.HAL_UART_Transmit  stm32u5xx_hal_uart.o
    0x08005592   0x08005592   0x00000002   PAD
    0x08005594   0x08005594   0x00000002   Code   RO           83    .text.HardFault_Handler  stm32u5xx_it.o
    0x08005596   0x08005596   0x00000002   PAD
    0x08005598   0x08005598   0x00000034   Code   RO           34    .text.MX_GPDMA1_Init  gpdma.o
    0x080055cc   0x080055cc   0x000000b4   Code   RO           25    .text.MX_GPIO_Init  gpio.o
    0x08005680   0x08005680   0x0000008a   Code   RO           43    .text.MX_SPI1_Init  spi.o
    0x0800570a   0x0800570a   0x00000002   PAD
    0x0800570c   0x0800570c   0x00000088   Code   RO           65    .text.MX_USART3_UART_Init  usart.o
    0x08005794   0x08005794   0x00000002   Code   RO           85    .text.MemManage_Handler  stm32u5xx_it.o
    0x08005796   0x08005796   0x00000002   PAD
    0x08005798   0x08005798   0x00000002   Code   RO           81    .text.NMI_Handler   stm32u5xx_it.o
    0x0800579a   0x0800579a   0x00000002   PAD
    0x0800579c   0x0800579c   0x00000002   Code   RO           95    .text.PendSV_Handler  stm32u5xx_it.o
    0x0800579e   0x0800579e   0x00000002   PAD
    0x080057a0   0x080057a0   0x000000f8   Code   RO          407    .text.RCCEx_PLL2_Config  stm32u5xx_hal_rcc_ex.o
    0x08005898   0x08005898   0x000000f8   Code   RO          409    .text.RCCEx_PLL3_Config  stm32u5xx_hal_rcc_ex.o
    0x08005990   0x08005990   0x0000000c   Code   RO          101    .text.SPI1_IRQHandler  stm32u5xx_it.o
    0x0800599c   0x0800599c   0x000000ca   Code   RO          813    .text.SPI_CloseTransfer  stm32u5xx_hal_spi.o
    0x08005a66   0x08005a66   0x00000002   PAD
    0x08005a68   0x08005a68   0x00000016   Code   RO          885    .text.SPI_DMAAbortOnError  stm32u5xx_hal_spi.o
    0x08005a7e   0x08005a7e   0x00000002   PAD
    0x08005a80   0x08005a80   0x00000002   Code   RO           91    .text.SVC_Handler   stm32u5xx_it.o
    0x08005a82   0x08005a82   0x00000002   PAD
    0x08005a84   0x08005a84   0x00000004   Code   RO           97    .text.SysTick_Handler  stm32u5xx_it.o
    0x08005a88   0x08005a88   0x0000004c   Code   RO         1115    .text.SystemInit    system_stm32u5xx.o
    0x08005ad4   0x08005ad4   0x000000e8   Code   RO          933    .text.UART_AdvFeatureConfig  stm32u5xx_hal_uart.o
    0x08005bbc   0x08005bbc   0x0000016e   Code   RO          935    .text.UART_CheckIdleState  stm32u5xx_hal_uart.o
    0x08005d2a   0x08005d2a   0x00000002   PAD
    0x08005d2c   0x08005d2c   0x0000021a   Code   RO          931    .text.UART_SetConfig  stm32u5xx_hal_uart.o
    0x08005f46   0x08005f46   0x00000002   PAD
    0x08005f48   0x08005f48   0x000002e0   Code   RO          949    .text.UART_WaitOnFlagUntilTimeout  stm32u5xx_hal_uart.o
    0x08006228   0x08006228   0x00000002   Code   RO           89    .text.UsageFault_Handler  stm32u5xx_it.o
    0x0800622a   0x0800622a   0x00000002   PAD
    0x0800622c   0x0800622c   0x00000002   Code   RO           59    .text._sys_exit     usart.o
    0x0800622e   0x0800622e   0x00000002   PAD
    0x08006230   0x08006230   0x00000024   Code   RO           63    .text.fputc         usart.o
    0x08006254   0x08006254   0x000000e4   Code   RO           11    .text.main          main.o
    0x08006338   0x08006338   0x0000003e   Code   RO         1307    CL$$btod_d2e        c_w.l(btod.o)
    0x08006376   0x08006376   0x00000046   Code   RO         1309    CL$$btod_d2e_denorm_low  c_w.l(btod.o)
    0x080063bc   0x080063bc   0x00000060   Code   RO         1308    CL$$btod_d2e_norm_op1  c_w.l(btod.o)
    0x0800641c   0x0800641c   0x00000338   Code   RO         1317    CL$$btod_div_common  c_w.l(btod.o)
    0x08006754   0x08006754   0x000000dc   Code   RO         1314    CL$$btod_e2e        c_w.l(btod.o)
    0x08006830   0x08006830   0x0000002a   Code   RO         1311    CL$$btod_ediv       c_w.l(btod.o)
    0x0800685a   0x0800685a   0x0000002a   Code   RO         1310    CL$$btod_emul       c_w.l(btod.o)
    0x08006884   0x08006884   0x00000244   Code   RO         1316    CL$$btod_mult_common  c_w.l(btod.o)
    0x08006ac8   0x08006ac8   0x00000030   Code   RO         1341    i.__ARM_fpclassify  m_wm.l(fpclassify.o)
    0x08006af8   0x08006af8   0x0000000e   Code   RO         1237    i._is_digit         c_w.l(__printf_wp.o)
    0x08006b06   0x08006b06   0x00000002   PAD
    0x08006b08   0x08006b08   0x0000002c   Code   RO         1336    locale$$code        c_w.l(lc_numeric_c.o)
    0x08006b34   0x08006b34   0x0000001a   Code   RO         1423    x$fpl$fpinit        fz_wm.l(fpinit.o)
    0x08006b4e   0x08006b4e   0x00000004   Code   RO         1258    x$fpl$printf1       fz_wm.l(printf1.o)
    0x08006b52   0x08006b52   0x00000000   Code   RO         1340    x$fpl$usenofp       fz_wm.l(usenofp.o)
    0x08006b52   0x08006b52   0x00000028   Data   RO         1210    .constdata          c_w.l(_printf_hex_int.o)
    0x08006b7a   0x08006b7a   0x00000011   Data   RO         1240    .constdata          c_w.l(__printf_flags_wp.o)
    0x08006b8b   0x08006b8b   0x00000001   PAD
    0x08006b8c   0x08006b8c   0x00000094   Data   RO         1305    .constdata          c_w.l(bigflt0.o)
    0x08006c20   0x08006c20   0x00000010   Data   RO         1120    .rodata.AHBPrescTable  system_stm32u5xx.o
    0x08006c30   0x08006c30   0x00000008   Data   RO         1121    .rodata.APBPrescTable  system_stm32u5xx.o
    0x08006c38   0x08006c38   0x00000080   Data   RO          586    .rodata.LPGPIO_Map  stm32u5xx_hal_gpio.o
    0x08006cb8   0x08006cb8   0x00000040   Data   RO         1122    .rodata.MSIRangeTable  system_stm32u5xx.o
    0x08006cf8   0x08006cf8   0x00000018   Data   RO         1061    .rodata.UARTPrescTable  stm32u5xx_hal_uart.o
    0x08006d10   0x08006d10   0x00000010   Data   RO         1106    .rodata.cst8        stm32u5xx_hal_uart_ex.o
    0x08006d20   0x08006d20   0x0000001b   Data   RO         1180    .rodata.str1.1      adxl355.o
    0x08006d3b   0x08006d3b   0x00000001   PAD
    0x08006d3c   0x08006d3c   0x00000020   Data   RO         1489    Region$$Table       anon$$obj.o
    0x08006d5c   0x08006d5c   0x0000001c   Data   RO         1335    locale$$data        c_w.l(lc_numeric_c.o)


    Execution Region RW_IRAM1 (Exec base: 0x20000000, Load base: 0x08006d78, Size: 0x00000868, Max: 0x000c0000, ABSOLUTE)

    Exec Addr    Load Addr    Size         Type   Attr      Idx    E Section Name        Object

    0x20000000   0x08006d78   0x00000008   Data   RW          352    .data..L_MergedGlobals  stm32u5xx_hal.o
    0x20000008   0x08006d80   0x00000004   Data   RW         1119    .data.SystemCoreClock  system_stm32u5xx.o
    0x2000000c   0x08006d84   0x00000004   PAD
    0x20000010        -       0x00000060   Zero   RW         1344    .bss                c_w.l(libspace.o)
    0x20000070        -       0x00000054   Zero   RW           72    .bss.__stdout       usart.o
    0x200000c4        -       0x00000078   Zero   RW           50    .bss.handle_GPDMA1_Channel0  spi.o
    0x2000013c        -       0x00000090   Zero   RW           49    .bss.hspi1          spi.o
    0x200001cc        -       0x00000094   Zero   RW           71    .bss.huart3         usart.o
    0x20000260        -       0x00000004   Zero   RW          351    .bss.uwTick         stm32u5xx_hal.o
    0x20000264   0x08006d84   0x00000004   PAD
    0x20000268        -       0x00000200   Zero   RW            2    HEAP                startup_stm32u575xx.o
    0x20000468        -       0x00000400   Zero   RW            1    STACK               startup_stm32u575xx.o


==============================================================================

Image component sizes


      Code (inc. data)   RO Data    RW Data    ZI Data      Debug   Object Name

      1080        144         27          0          0      20592   adxl355.o
        52          0          0          0          0       5069   gpdma.o
       180          0          0          0          0       3017   gpio.o
       238          8          0          0          0       2943   main.o
       390          0          0          0        264      11734   spi.o
        68         28        568          0       1536        940   startup_stm32u575xx.o
       242          0          0          8          4      11767   stm32u5xx_hal.o
       194          0          0          0          0      14146   stm32u5xx_hal_cortex.o
      2000          0          0          0          0      11336   stm32u5xx_hal_dma.o
       550          0        128          0          0       7088   stm32u5xx_hal_gpio.o
        32          0          0          0          0       2212   stm32u5xx_hal_msp.o
       336          0          0          0          0      14750   stm32u5xx_hal_pwr_ex.o
      4224         12          0          0          0      15569   stm32u5xx_hal_rcc.o
      6044        294          0          0          0      22452   stm32u5xx_hal_rcc_ex.o
      2958          0          0          0          0      24695   stm32u5xx_hal_spi.o
        72          0          0          0          0       6916   stm32u5xx_hal_spi_ex.o
      2198          0         24          0          0      38697   stm32u5xx_hal_uart.o
       334          0         16          0          0      12971   stm32u5xx_hal_uart_ex.o
        44          0          0          0          0       5396   stm32u5xx_it.o
        76          0         88          4          0       4336   system_stm32u5xx.o
       322          0          0          0        232       9407   usart.o

    ----------------------------------------------------------------------
     21712        486        884         12       2044     246033   Object Totals
         0          0         32          0          0          0   (incl. Generated)
        78          0          1          0          8          0   (incl. Padding)

    ----------------------------------------------------------------------

      Code (inc. data)   RO Data    RW Data    ZI Data      Debug   Library Member Name

         8          0          0          0          0         68   __main.o
       312          4         17          0          0         92   __printf_flags_wp.o
        14          0          0          0          0         68   __printf_wp.o
         0          0          0          0          0          0   __rtentry.o
        12          0          0          0          0          0   __rtentry2.o
         6          0          0          0          0          0   __rtentry4.o
        52          8          0          0          0          0   __scatter.o
        26          0          0          0          0          0   __scatter_copy.o
        28          0          0          0          0          0   __scatter_zi.o
        48          6          0          0          0         96   _printf_char_common.o
        36          4          0          0          0         80   _printf_char_file.o
         6          0          0          0          0          0   _printf_f.o
      1052          0          0          0          0        148   _printf_fp_dec.o
       128         16          0          0          0         84   _printf_fp_infnan.o
        88          4         40          0          0         88   _printf_hex_int.o
       178          0          0          0          0         88   _printf_intcommon.o
        78          0          0          0          0        108   _printf_pad.o
         0          0          0          0          0          0   _printf_percent.o
         4          0          0          0          0          0   _printf_percent_end.o
         6          0          0          0          0          0   _printf_x.o
       228          4        148          0          0         96   bigflt0.o
      1936        128          0          0          0        668   btod.o
        18          0          0          0          0         80   exit.o
         8          0          0          0          0         68   ferror.o
         6          0          0          0          0        152   heapauxi.o
        44         10         28          0          0         76   lc_numeric_c.o
         2          0          0          0          0          0   libinit.o
        22          0          0          0          0          0   libinit2.o
         2          0          0          0          0          0   libshutdown.o
         2          0          0          0          0          0   libshutdown2.o
         8          4          0          0         96         68   libspace.o
       138          0          0          0          0         80   lludiv10.o
       240          0          0          0          0        100   lludivv7m.o
        24          4          0          0          0         84   noretval__2printf.o
        44          4          0          0          0         84   puts.o
         8          4          0          0          0         68   rt_locale_intlibspace.o
        78          0          0          0          0         80   rt_memclr_w.o
         2          0          0          0          0          0   rtexit.o
        10          0          0          0          0          0   rtexit2.o
       124          0          0          0          0         88   strcmpv8m_maindsp.o
        74          0          0          0          0         80   sys_stackheap_outer.o
         2          0          0          0          0         68   use_no_semi.o
         2          0          0          0          0         68   use_no_semi_2.o
        26          0          0          0          0        116   fpinit.o
         4          0          0          0          0        116   printf1.o
         0          0          0          0          0          0   usenofp.o
        48          0          0          0          0        124   fpclassify.o

    ----------------------------------------------------------------------
      5194        200        234          0         96       3284   Library Totals
        12          0          1          0          0          0   (incl. Padding)

    ----------------------------------------------------------------------

      Code (inc. data)   RO Data    RW Data    ZI Data      Debug   Library Name

      5104        200        233          0         96       2928   c_w.l
        30          0          0          0          0        232   fz_wm.l
        48          0          0          0          0        124   m_wm.l

    ----------------------------------------------------------------------
      5194        200        234          0         96       3284   Library Totals

    ----------------------------------------------------------------------

==============================================================================


      Code (inc. data)   RO Data    RW Data    ZI Data      Debug   

     26906        686       1118         12       2140     247277   Grand Totals
     26906        686       1118         12       2140     247277   ELF Image Totals
     26906        686       1118         12          0          0   ROM Totals

==============================================================================

    Total RO  Size (Code + RO Data)                28024 (  27.37kB)
    Total RW  Size (RW Data + ZI Data)              2152 (   2.10kB)
    Total ROM Size (Code + RO Data + RW Data)      28036 (  27.38kB)

==============================================================================

