<!doctype html public "-//w3c//dtd html 4.0 transitional//en">
<html><head>
<title>Static Call Graph - [SPI_DMAtest\SPI_DMAtest.axf]</title></head>
<body><HR>
<H1>Static Call Graph for image SPI_DMAtest\SPI_DMAtest.axf</H1><HR>
<BR><P>#&#060CALLGRAPH&#062# ARM Linker, 6160001: Last Updated: Fri Jan 16 19:16:08 2026
<BR><P>
<H3>Maximum Stack Usage =        664 bytes + Unknown(Cycles, Untraceable Function Pointers)</H3><H3>
Call chain for Maximum Stack Depth:</H3>
__rt_entry_main &rArr; main &rArr; MX_SPI1_Init &rArr; HAL_SPI_Init &rArr; HAL_SPI_MspInit &rArr; HAL_RCCEx_PeriphCLKConfig &rArr; RCCEx_PLL3_Config
<P>
<H3>
Mutually Recursive functions
</H3> <LI><a href="#[6]">SecureFault_Handler</a>&nbsp;&nbsp;&nbsp;&rArr;&nbsp;&nbsp;&nbsp;<a href="#[6]">SecureFault_Handler</a><BR>
 <LI><a href="#[2f]">ADC1_IRQHandler</a>&nbsp;&nbsp;&nbsp;&rArr;&nbsp;&nbsp;&nbsp;<a href="#[2f]">ADC1_IRQHandler</a><BR>
 <LI><a href="#[4]">BusFault_Handler</a>&nbsp;&nbsp;&nbsp;&rArr;&nbsp;&nbsp;&nbsp;<a href="#[4]">BusFault_Handler</a><BR>
 <LI><a href="#[2]">HardFault_Handler</a>&nbsp;&nbsp;&nbsp;&rArr;&nbsp;&nbsp;&nbsp;<a href="#[2]">HardFault_Handler</a><BR>
 <LI><a href="#[3]">MemManage_Handler</a>&nbsp;&nbsp;&nbsp;&rArr;&nbsp;&nbsp;&nbsp;<a href="#[3]">MemManage_Handler</a><BR>
 <LI><a href="#[1]">NMI_Handler</a>&nbsp;&nbsp;&nbsp;&rArr;&nbsp;&nbsp;&nbsp;<a href="#[1]">NMI_Handler</a><BR>
 <LI><a href="#[5]">UsageFault_Handler</a>&nbsp;&nbsp;&nbsp;&rArr;&nbsp;&nbsp;&nbsp;<a href="#[5]">UsageFault_Handler</a><BR>
</UL>
<P>
<H3>
Function Pointers
</H3><UL>
 <LI><a href="#[2f]">ADC1_IRQHandler</a> from startup_stm32u575xx.o(.text) referenced from startup_stm32u575xx.o(RESET)
 <LI><a href="#[77]">ADC4_IRQHandler</a> from startup_stm32u575xx.o(.text) referenced from startup_stm32u575xx.o(RESET)
 <LI><a href="#[76]">ADF1_IRQHandler</a> from startup_stm32u575xx.o(.text) referenced from startup_stm32u575xx.o(RESET)
 <LI><a href="#[4]">BusFault_Handler</a> from stm32u5xx_it.o(.text.BusFault_Handler) referenced from startup_stm32u575xx.o(RESET)
 <LI><a href="#[52]">COMP_IRQHandler</a> from startup_stm32u575xx.o(.text) referenced from startup_stm32u575xx.o(RESET)
 <LI><a href="#[81]">CORDIC_IRQHandler</a> from startup_stm32u575xx.o(.text) referenced from startup_stm32u575xx.o(RESET)
 <LI><a href="#[54]">CRS_IRQHandler</a> from startup_stm32u575xx.o(.text) referenced from startup_stm32u575xx.o(RESET)
 <LI><a href="#[30]">DAC1_IRQHandler</a> from startup_stm32u575xx.o(.text) referenced from startup_stm32u575xx.o(RESET)
 <LI><a href="#[75]">DCACHE1_IRQHandler</a> from startup_stm32u575xx.o(.text) referenced from startup_stm32u575xx.o(RESET)
 <LI><a href="#[7d]">DCMI_PSSI_IRQHandler</a> from startup_stm32u575xx.o(.text) referenced from startup_stm32u575xx.o(RESET)
 <LI><a href="#[7c]">DMA2D_IRQHandler</a> from startup_stm32u575xx.o(.text) referenced from startup_stm32u575xx.o(RESET)
 <LI><a href="#[8]">DebugMon_Handler</a> from stm32u5xx_it.o(.text.DebugMon_Handler) referenced from startup_stm32u575xx.o(RESET)
 <LI><a href="#[16]">EXTI0_IRQHandler</a> from startup_stm32u575xx.o(.text) referenced from startup_stm32u575xx.o(RESET)
 <LI><a href="#[20]">EXTI10_IRQHandler</a> from startup_stm32u575xx.o(.text) referenced from startup_stm32u575xx.o(RESET)
 <LI><a href="#[21]">EXTI11_IRQHandler</a> from startup_stm32u575xx.o(.text) referenced from startup_stm32u575xx.o(RESET)
 <LI><a href="#[22]">EXTI12_IRQHandler</a> from startup_stm32u575xx.o(.text) referenced from startup_stm32u575xx.o(RESET)
 <LI><a href="#[23]">EXTI13_IRQHandler</a> from startup_stm32u575xx.o(.text) referenced from startup_stm32u575xx.o(RESET)
 <LI><a href="#[24]">EXTI14_IRQHandler</a> from startup_stm32u575xx.o(.text) referenced from startup_stm32u575xx.o(RESET)
 <LI><a href="#[25]">EXTI15_IRQHandler</a> from startup_stm32u575xx.o(.text) referenced from startup_stm32u575xx.o(RESET)
 <LI><a href="#[17]">EXTI1_IRQHandler</a> from startup_stm32u575xx.o(.text) referenced from startup_stm32u575xx.o(RESET)
 <LI><a href="#[18]">EXTI2_IRQHandler</a> from startup_stm32u575xx.o(.text) referenced from startup_stm32u575xx.o(RESET)
 <LI><a href="#[19]">EXTI3_IRQHandler</a> from startup_stm32u575xx.o(.text) referenced from startup_stm32u575xx.o(RESET)
 <LI><a href="#[1a]">EXTI4_IRQHandler</a> from startup_stm32u575xx.o(.text) referenced from startup_stm32u575xx.o(RESET)
 <LI><a href="#[1b]">EXTI5_IRQHandler</a> from startup_stm32u575xx.o(.text) referenced from startup_stm32u575xx.o(RESET)
 <LI><a href="#[1c]">EXTI6_IRQHandler</a> from startup_stm32u575xx.o(.text) referenced from startup_stm32u575xx.o(RESET)
 <LI><a href="#[1d]">EXTI7_IRQHandler</a> from stm32u5xx_it.o(.text.EXTI7_IRQHandler) referenced from startup_stm32u575xx.o(RESET)
 <LI><a href="#[1e]">EXTI8_IRQHandler</a> from startup_stm32u575xx.o(.text) referenced from startup_stm32u575xx.o(RESET)
 <LI><a href="#[1f]">EXTI9_IRQHandler</a> from startup_stm32u575xx.o(.text) referenced from startup_stm32u575xx.o(RESET)
 <LI><a href="#[31]">FDCAN1_IT0_IRQHandler</a> from startup_stm32u575xx.o(.text) referenced from startup_stm32u575xx.o(RESET)
 <LI><a href="#[32]">FDCAN1_IT1_IRQHandler</a> from startup_stm32u575xx.o(.text) referenced from startup_stm32u575xx.o(RESET)
 <LI><a href="#[11]">FLASH_IRQHandler</a> from startup_stm32u575xx.o(.text) referenced from startup_stm32u575xx.o(RESET)
 <LI><a href="#[12]">FLASH_S_IRQHandler</a> from startup_stm32u575xx.o(.text) referenced from startup_stm32u575xx.o(RESET)
 <LI><a href="#[82]">FMAC_IRQHandler</a> from startup_stm32u575xx.o(.text) referenced from startup_stm32u575xx.o(RESET)
 <LI><a href="#[55]">FMC_IRQHandler</a> from startup_stm32u575xx.o(.text) referenced from startup_stm32u575xx.o(RESET)
 <LI><a href="#[68]">FPU_IRQHandler</a> from startup_stm32u575xx.o(.text) referenced from startup_stm32u575xx.o(RESET)
 <LI><a href="#[27]">GPDMA1_Channel0_IRQHandler</a> from stm32u5xx_it.o(.text.GPDMA1_Channel0_IRQHandler) referenced from startup_stm32u575xx.o(RESET)
 <LI><a href="#[5c]">GPDMA1_Channel10_IRQHandler</a> from startup_stm32u575xx.o(.text) referenced from startup_stm32u575xx.o(RESET)
 <LI><a href="#[5d]">GPDMA1_Channel11_IRQHandler</a> from startup_stm32u575xx.o(.text) referenced from startup_stm32u575xx.o(RESET)
 <LI><a href="#[5e]">GPDMA1_Channel12_IRQHandler</a> from startup_stm32u575xx.o(.text) referenced from startup_stm32u575xx.o(RESET)
 <LI><a href="#[5f]">GPDMA1_Channel13_IRQHandler</a> from startup_stm32u575xx.o(.text) referenced from startup_stm32u575xx.o(RESET)
 <LI><a href="#[60]">GPDMA1_Channel14_IRQHandler</a> from startup_stm32u575xx.o(.text) referenced from startup_stm32u575xx.o(RESET)
 <LI><a href="#[61]">GPDMA1_Channel15_IRQHandler</a> from startup_stm32u575xx.o(.text) referenced from startup_stm32u575xx.o(RESET)
 <LI><a href="#[28]">GPDMA1_Channel1_IRQHandler</a> from stm32u5xx_it.o(.text.GPDMA1_Channel1_IRQHandler) referenced from startup_stm32u575xx.o(RESET)
 <LI><a href="#[29]">GPDMA1_Channel2_IRQHandler</a> from startup_stm32u575xx.o(.text) referenced from startup_stm32u575xx.o(RESET)
 <LI><a href="#[2a]">GPDMA1_Channel3_IRQHandler</a> from startup_stm32u575xx.o(.text) referenced from startup_stm32u575xx.o(RESET)
 <LI><a href="#[2b]">GPDMA1_Channel4_IRQHandler</a> from startup_stm32u575xx.o(.text) referenced from startup_stm32u575xx.o(RESET)
 <LI><a href="#[2c]">GPDMA1_Channel5_IRQHandler</a> from startup_stm32u575xx.o(.text) referenced from startup_stm32u575xx.o(RESET)
 <LI><a href="#[2d]">GPDMA1_Channel6_IRQHandler</a> from startup_stm32u575xx.o(.text) referenced from startup_stm32u575xx.o(RESET)
 <LI><a href="#[2e]">GPDMA1_Channel7_IRQHandler</a> from startup_stm32u575xx.o(.text) referenced from startup_stm32u575xx.o(RESET)
 <LI><a href="#[5a]">GPDMA1_Channel8_IRQHandler</a> from startup_stm32u575xx.o(.text) referenced from startup_stm32u575xx.o(RESET)
 <LI><a href="#[5b]">GPDMA1_Channel9_IRQHandler</a> from startup_stm32u575xx.o(.text) referenced from startup_stm32u575xx.o(RESET)
 <LI><a href="#[13]">GTZC_IRQHandler</a> from startup_stm32u575xx.o(.text) referenced from startup_stm32u575xx.o(RESET)
 <LI><a href="#[69]">HASH_IRQHandler</a> from startup_stm32u575xx.o(.text) referenced from startup_stm32u575xx.o(RESET)
 <LI><a href="#[2]">HardFault_Handler</a> from stm32u5xx_it.o(.text.HardFault_Handler) referenced from startup_stm32u575xx.o(RESET)
 <LI><a href="#[42]">I2C1_ER_IRQHandler</a> from startup_stm32u575xx.o(.text) referenced from startup_stm32u575xx.o(RESET)
 <LI><a href="#[41]">I2C1_EV_IRQHandler</a> from startup_stm32u575xx.o(.text) referenced from startup_stm32u575xx.o(RESET)
 <LI><a href="#[44]">I2C2_ER_IRQHandler</a> from startup_stm32u575xx.o(.text) referenced from startup_stm32u575xx.o(RESET)
 <LI><a href="#[43]">I2C2_EV_IRQHandler</a> from startup_stm32u575xx.o(.text) referenced from startup_stm32u575xx.o(RESET)
 <LI><a href="#[63]">I2C3_ER_IRQHandler</a> from startup_stm32u575xx.o(.text) referenced from startup_stm32u575xx.o(RESET)
 <LI><a href="#[62]">I2C3_EV_IRQHandler</a> from startup_stm32u575xx.o(.text) referenced from startup_stm32u575xx.o(RESET)
 <LI><a href="#[6c]">I2C4_ER_IRQHandler</a> from startup_stm32u575xx.o(.text) referenced from startup_stm32u575xx.o(RESET)
 <LI><a href="#[6d]">I2C4_EV_IRQHandler</a> from startup_stm32u575xx.o(.text) referenced from startup_stm32u575xx.o(RESET)
 <LI><a href="#[73]">ICACHE_IRQHandler</a> from startup_stm32u575xx.o(.text) referenced from startup_stm32u575xx.o(RESET)
 <LI><a href="#[26]">IWDG_IRQHandler</a> from startup_stm32u575xx.o(.text) referenced from startup_stm32u575xx.o(RESET)
 <LI><a href="#[78]">LPDMA1_Channel0_IRQHandler</a> from startup_stm32u575xx.o(.text) referenced from startup_stm32u575xx.o(RESET)
 <LI><a href="#[79]">LPDMA1_Channel1_IRQHandler</a> from startup_stm32u575xx.o(.text) referenced from startup_stm32u575xx.o(RESET)
 <LI><a href="#[7a]">LPDMA1_Channel2_IRQHandler</a> from startup_stm32u575xx.o(.text) referenced from startup_stm32u575xx.o(RESET)
 <LI><a href="#[7b]">LPDMA1_Channel3_IRQHandler</a> from startup_stm32u575xx.o(.text) referenced from startup_stm32u575xx.o(RESET)
 <LI><a href="#[4d]">LPTIM1_IRQHandler</a> from startup_stm32u575xx.o(.text) referenced from startup_stm32u575xx.o(RESET)
 <LI><a href="#[4e]">LPTIM2_IRQHandler</a> from startup_stm32u575xx.o(.text) referenced from startup_stm32u575xx.o(RESET)
 <LI><a href="#[6a]">LPTIM3_IRQHandler</a> from startup_stm32u575xx.o(.text) referenced from startup_stm32u575xx.o(RESET)
 <LI><a href="#[74]">LPTIM4_IRQHandler</a> from startup_stm32u575xx.o(.text) referenced from startup_stm32u575xx.o(RESET)
 <LI><a href="#[4c]">LPUART1_IRQHandler</a> from startup_stm32u575xx.o(.text) referenced from startup_stm32u575xx.o(RESET)
 <LI><a href="#[83]">LSECSSD_IRQHandler</a> from startup_stm32u575xx.o(.text) referenced from startup_stm32u575xx.o(RESET)
 <LI><a href="#[6e]">MDF1_FLT0_IRQHandler</a> from startup_stm32u575xx.o(.text) referenced from startup_stm32u575xx.o(RESET)
 <LI><a href="#[6f]">MDF1_FLT1_IRQHandler</a> from startup_stm32u575xx.o(.text) referenced from startup_stm32u575xx.o(RESET)
 <LI><a href="#[70]">MDF1_FLT2_IRQHandler</a> from startup_stm32u575xx.o(.text) referenced from startup_stm32u575xx.o(RESET)
 <LI><a href="#[71]">MDF1_FLT3_IRQHandler</a> from startup_stm32u575xx.o(.text) referenced from startup_stm32u575xx.o(RESET)
 <LI><a href="#[7f]">MDF1_FLT4_IRQHandler</a> from startup_stm32u575xx.o(.text) referenced from startup_stm32u575xx.o(RESET)
 <LI><a href="#[80]">MDF1_FLT5_IRQHandler</a> from startup_stm32u575xx.o(.text) referenced from startup_stm32u575xx.o(RESET)
 <LI><a href="#[3]">MemManage_Handler</a> from stm32u5xx_it.o(.text.MemManage_Handler) referenced from startup_stm32u575xx.o(RESET)
 <LI><a href="#[1]">NMI_Handler</a> from stm32u5xx_it.o(.text.NMI_Handler) referenced from startup_stm32u575xx.o(RESET)
 <LI><a href="#[56]">OCTOSPI1_IRQHandler</a> from startup_stm32u575xx.o(.text) referenced from startup_stm32u575xx.o(RESET)
 <LI><a href="#[7e]">OCTOSPI2_IRQHandler</a> from startup_stm32u575xx.o(.text) referenced from startup_stm32u575xx.o(RESET)
 <LI><a href="#[53]">OTG_FS_IRQHandler</a> from startup_stm32u575xx.o(.text) referenced from startup_stm32u575xx.o(RESET)
 <LI><a href="#[c]">PVD_PVM_IRQHandler</a> from startup_stm32u575xx.o(.text) referenced from startup_stm32u575xx.o(RESET)
 <LI><a href="#[57]">PWR_S3WU_IRQHandler</a> from startup_stm32u575xx.o(.text) referenced from startup_stm32u575xx.o(RESET)
 <LI><a href="#[9]">PendSV_Handler</a> from stm32u5xx_it.o(.text.PendSV_Handler) referenced from startup_stm32u575xx.o(RESET)
 <LI><a href="#[10]">RAMCFG_IRQHandler</a> from startup_stm32u575xx.o(.text) referenced from startup_stm32u575xx.o(RESET)
 <LI><a href="#[14]">RCC_IRQHandler</a> from startup_stm32u575xx.o(.text) referenced from startup_stm32u575xx.o(RESET)
 <LI><a href="#[15]">RCC_S_IRQHandler</a> from startup_stm32u575xx.o(.text) referenced from startup_stm32u575xx.o(RESET)
 <LI><a href="#[67]">RNG_IRQHandler</a> from startup_stm32u575xx.o(.text) referenced from startup_stm32u575xx.o(RESET)
 <LI><a href="#[d]">RTC_IRQHandler</a> from startup_stm32u575xx.o(.text) referenced from startup_stm32u575xx.o(RESET)
 <LI><a href="#[e]">RTC_S_IRQHandler</a> from startup_stm32u575xx.o(.text) referenced from startup_stm32u575xx.o(RESET)
 <LI><a href="#[0]">Reset_Handler</a> from startup_stm32u575xx.o(.text) referenced from startup_stm32u575xx.o(RESET)
 <LI><a href="#[64]">SAI1_IRQHandler</a> from startup_stm32u575xx.o(.text) referenced from startup_stm32u575xx.o(RESET)
 <LI><a href="#[65]">SAI2_IRQHandler</a> from startup_stm32u575xx.o(.text) referenced from startup_stm32u575xx.o(RESET)
 <LI><a href="#[58]">SDMMC1_IRQHandler</a> from startup_stm32u575xx.o(.text) referenced from startup_stm32u575xx.o(RESET)
 <LI><a href="#[59]">SDMMC2_IRQHandler</a> from startup_stm32u575xx.o(.text) referenced from startup_stm32u575xx.o(RESET)
 <LI><a href="#[45]">SPI1_IRQHandler</a> from stm32u5xx_it.o(.text.SPI1_IRQHandler) referenced from startup_stm32u575xx.o(RESET)
 <LI><a href="#[46]">SPI2_IRQHandler</a> from startup_stm32u575xx.o(.text) referenced from startup_stm32u575xx.o(RESET)
 <LI><a href="#[6b]">SPI3_IRQHandler</a> from startup_stm32u575xx.o(.text) referenced from startup_stm32u575xx.o(RESET)
 <LI><a href="#[88]">SPI_DMAAbortOnError</a> from stm32u5xx_hal_spi.o(.text.SPI_DMAAbortOnError) referenced 2 times from stm32u5xx_hal_spi.o(.text.HAL_SPI_IRQHandler)
 <LI><a href="#[8b]">SPI_DMAError</a> from stm32u5xx_hal_spi.o(.text.SPI_DMAError) referenced 2 times from stm32u5xx_hal_spi.o(.text.HAL_SPI_TransmitReceive_DMA)
 <LI><a href="#[8a]">SPI_DMAHalfTransmitReceiveCplt</a> from stm32u5xx_hal_spi.o(.text.SPI_DMAHalfTransmitReceiveCplt) referenced 2 times from stm32u5xx_hal_spi.o(.text.HAL_SPI_TransmitReceive_DMA)
 <LI><a href="#[89]">SPI_DMATransmitReceiveCplt</a> from stm32u5xx_hal_spi.o(.text.SPI_DMATransmitReceiveCplt) referenced 2 times from stm32u5xx_hal_spi.o(.text.HAL_SPI_TransmitReceive_DMA)
 <LI><a href="#[7]">SVC_Handler</a> from stm32u5xx_it.o(.text.SVC_Handler) referenced from startup_stm32u575xx.o(RESET)
 <LI><a href="#[6]">SecureFault_Handler</a> from startup_stm32u575xx.o(.text) referenced from startup_stm32u575xx.o(RESET)
 <LI><a href="#[a]">SysTick_Handler</a> from stm32u5xx_it.o(.text.SysTick_Handler) referenced from startup_stm32u575xx.o(RESET)
 <LI><a href="#[84]">SystemInit</a> from system_stm32u5xx.o(.text.SystemInit) referenced from startup_stm32u575xx.o(.text)
 <LI><a href="#[f]">TAMP_IRQHandler</a> from startup_stm32u575xx.o(.text) referenced from startup_stm32u575xx.o(RESET)
 <LI><a href="#[4f]">TIM15_IRQHandler</a> from startup_stm32u575xx.o(.text) referenced from startup_stm32u575xx.o(RESET)
 <LI><a href="#[50]">TIM16_IRQHandler</a> from startup_stm32u575xx.o(.text) referenced from startup_stm32u575xx.o(RESET)
 <LI><a href="#[51]">TIM17_IRQHandler</a> from startup_stm32u575xx.o(.text) referenced from startup_stm32u575xx.o(RESET)
 <LI><a href="#[33]">TIM1_BRK_IRQHandler</a> from startup_stm32u575xx.o(.text) referenced from startup_stm32u575xx.o(RESET)
 <LI><a href="#[36]">TIM1_CC_IRQHandler</a> from startup_stm32u575xx.o(.text) referenced from startup_stm32u575xx.o(RESET)
 <LI><a href="#[35]">TIM1_TRG_COM_IRQHandler</a> from startup_stm32u575xx.o(.text) referenced from startup_stm32u575xx.o(RESET)
 <LI><a href="#[34]">TIM1_UP_IRQHandler</a> from startup_stm32u575xx.o(.text) referenced from startup_stm32u575xx.o(RESET)
 <LI><a href="#[37]">TIM2_IRQHandler</a> from startup_stm32u575xx.o(.text) referenced from startup_stm32u575xx.o(RESET)
 <LI><a href="#[38]">TIM3_IRQHandler</a> from startup_stm32u575xx.o(.text) referenced from startup_stm32u575xx.o(RESET)
 <LI><a href="#[39]">TIM4_IRQHandler</a> from startup_stm32u575xx.o(.text) referenced from startup_stm32u575xx.o(RESET)
 <LI><a href="#[3a]">TIM5_IRQHandler</a> from startup_stm32u575xx.o(.text) referenced from startup_stm32u575xx.o(RESET)
 <LI><a href="#[3b]">TIM6_IRQHandler</a> from startup_stm32u575xx.o(.text) referenced from startup_stm32u575xx.o(RESET)
 <LI><a href="#[3c]">TIM7_IRQHandler</a> from startup_stm32u575xx.o(.text) referenced from startup_stm32u575xx.o(RESET)
 <LI><a href="#[3d]">TIM8_BRK_IRQHandler</a> from startup_stm32u575xx.o(.text) referenced from startup_stm32u575xx.o(RESET)
 <LI><a href="#[40]">TIM8_CC_IRQHandler</a> from startup_stm32u575xx.o(.text) referenced from startup_stm32u575xx.o(RESET)
 <LI><a href="#[3f]">TIM8_TRG_COM_IRQHandler</a> from startup_stm32u575xx.o(.text) referenced from startup_stm32u575xx.o(RESET)
 <LI><a href="#[3e]">TIM8_UP_IRQHandler</a> from startup_stm32u575xx.o(.text) referenced from startup_stm32u575xx.o(RESET)
 <LI><a href="#[66]">TSC_IRQHandler</a> from startup_stm32u575xx.o(.text) referenced from startup_stm32u575xx.o(RESET)
 <LI><a href="#[4a]">UART4_IRQHandler</a> from startup_stm32u575xx.o(.text) referenced from startup_stm32u575xx.o(RESET)
 <LI><a href="#[4b]">UART5_IRQHandler</a> from startup_stm32u575xx.o(.text) referenced from startup_stm32u575xx.o(RESET)
 <LI><a href="#[72]">UCPD1_IRQHandler</a> from startup_stm32u575xx.o(.text) referenced from startup_stm32u575xx.o(RESET)
 <LI><a href="#[47]">USART1_IRQHandler</a> from startup_stm32u575xx.o(.text) referenced from startup_stm32u575xx.o(RESET)
 <LI><a href="#[48]">USART2_IRQHandler</a> from startup_stm32u575xx.o(.text) referenced from startup_stm32u575xx.o(RESET)
 <LI><a href="#[49]">USART3_IRQHandler</a> from startup_stm32u575xx.o(.text) referenced from startup_stm32u575xx.o(RESET)
 <LI><a href="#[5]">UsageFault_Handler</a> from stm32u5xx_it.o(.text.UsageFault_Handler) referenced from startup_stm32u575xx.o(RESET)
 <LI><a href="#[b]">WWDG_IRQHandler</a> from startup_stm32u575xx.o(.text) referenced from startup_stm32u575xx.o(RESET)
 <LI><a href="#[85]">__main</a> from __main.o(!!!main) referenced from startup_stm32u575xx.o(.text)
 <LI><a href="#[87]">_printf_input_char</a> from _printf_char_common.o(.text) referenced from _printf_char_common.o(.text)
 <LI><a href="#[86]">fputc</a> from usart.o(.text.fputc) referenced from _printf_char_file.o(.text)
</UL>
<P>
<H3>
Global Symbols
</H3>
<P><STRONG><a name="[85]"></a>__main</STRONG> (Thumb, 8 bytes, Stack size 0 bytes, __main.o(!!!main))
<BR><BR>[Calls]<UL><LI><a href="#[8d]">&gt;&gt;</a>&nbsp;&nbsp;&nbsp;__rt_entry
<LI><a href="#[8c]">&gt;&gt;</a>&nbsp;&nbsp;&nbsp;__scatterload
</UL>
<BR>[Address Reference Count : 1]<UL><LI> startup_stm32u575xx.o(.text)
</UL>
<P><STRONG><a name="[8c]"></a>__scatterload</STRONG> (Thumb, 0 bytes, Stack size unknown bytes, __scatter.o(!!!scatter))
<BR><BR>[Called By]<UL><LI><a href="#[85]">&gt;&gt;</a>&nbsp;&nbsp;&nbsp;__main
</UL>

<P><STRONG><a name="[8e]"></a>__scatterload_rt2</STRONG> (Thumb, 44 bytes, Stack size unknown bytes, __scatter.o(!!!scatter), UNUSED)
<BR><BR>[Calls]<UL><LI><a href="#[8d]">&gt;&gt;</a>&nbsp;&nbsp;&nbsp;__rt_entry
</UL>

<P><STRONG><a name="[11c]"></a>__scatterload_rt2_thumb_only</STRONG> (Thumb, 0 bytes, Stack size unknown bytes, __scatter.o(!!!scatter), UNUSED)

<P><STRONG><a name="[11d]"></a>__scatterload_null</STRONG> (Thumb, 0 bytes, Stack size unknown bytes, __scatter.o(!!!scatter), UNUSED)

<P><STRONG><a name="[8f]"></a>__scatterload_copy</STRONG> (Thumb, 26 bytes, Stack size unknown bytes, __scatter_copy.o(!!handler_copy), UNUSED)
<BR><BR>[Calls]<UL><LI><a href="#[8f]">&gt;&gt;</a>&nbsp;&nbsp;&nbsp;__scatterload_copy
</UL>
<BR>[Called By]<UL><LI><a href="#[8f]">&gt;&gt;</a>&nbsp;&nbsp;&nbsp;__scatterload_copy
</UL>

<P><STRONG><a name="[11e]"></a>__scatterload_zeroinit</STRONG> (Thumb, 28 bytes, Stack size unknown bytes, __scatter_zi.o(!!handler_zi), UNUSED)

<P><STRONG><a name="[90]"></a>_printf_f</STRONG> (Thumb, 0 bytes, Stack size unknown bytes, _printf_f.o(.ARM.Collect$$_printf_percent$$00000003))
<BR><BR>[Stack]<UL><LI>Max Depth = 324 + Unknown Stack Size
<LI>Call Chain = _printf_f &rArr; _printf_fp_dec &rArr; _printf_fp_dec_real &rArr; _fp_digits &rArr; _btod_etento &rArr; _btod_emul &rArr; _e2e
</UL>
<BR>[Calls]<UL><LI><a href="#[91]">&gt;&gt;</a>&nbsp;&nbsp;&nbsp;_printf_fp_dec
</UL>

<P><STRONG><a name="[aa]"></a>_printf_percent</STRONG> (Thumb, 0 bytes, Stack size unknown bytes, _printf_percent.o(.ARM.Collect$$_printf_percent$$00000000))
<BR><BR>[Called By]<UL><LI><a href="#[a8]">&gt;&gt;</a>&nbsp;&nbsp;&nbsp;__printf
</UL>

<P><STRONG><a name="[92]"></a>_printf_x</STRONG> (Thumb, 0 bytes, Stack size unknown bytes, _printf_x.o(.ARM.Collect$$_printf_percent$$0000000C))
<BR><BR>[Stack]<UL><LI>Max Depth = 64 + Unknown Stack Size
<LI>Call Chain = _printf_x &rArr; _printf_int_hex &rArr; _printf_int_common &rArr; _printf_post_padding
</UL>
<BR>[Calls]<UL><LI><a href="#[93]">&gt;&gt;</a>&nbsp;&nbsp;&nbsp;_printf_int_hex
</UL>

<P><STRONG><a name="[11f]"></a>_printf_percent_end</STRONG> (Thumb, 0 bytes, Stack size unknown bytes, _printf_percent_end.o(.ARM.Collect$$_printf_percent$$00000017))

<P><STRONG><a name="[9d]"></a>__rt_lib_init</STRONG> (Thumb, 0 bytes, Stack size unknown bytes, libinit.o(.ARM.Collect$$libinit$$00000000))
<BR><BR>[Called By]<UL><LI><a href="#[9c]">&gt;&gt;</a>&nbsp;&nbsp;&nbsp;__rt_entry_li
</UL>

<P><STRONG><a name="[94]"></a>__rt_lib_init_fp_1</STRONG> (Thumb, 0 bytes, Stack size unknown bytes, libinit2.o(.ARM.Collect$$libinit$$00000001))
<BR><BR>[Calls]<UL><LI><a href="#[95]">&gt;&gt;</a>&nbsp;&nbsp;&nbsp;_fp_init
</UL>

<P><STRONG><a name="[120]"></a>__rt_lib_init_heap_1</STRONG> (Thumb, 0 bytes, Stack size unknown bytes, libinit2.o(.ARM.Collect$$libinit$$0000000A))

<P><STRONG><a name="[96]"></a>__rt_lib_init_lc_common</STRONG> (Thumb, 0 bytes, Stack size unknown bytes, libinit2.o(.ARM.Collect$$libinit$$0000000F))
<BR><BR>[Calls]<UL><LI><a href="#[97]">&gt;&gt;</a>&nbsp;&nbsp;&nbsp;__rt_locale
</UL>

<P><STRONG><a name="[121]"></a>__rt_lib_init_preinit_1</STRONG> (Thumb, 0 bytes, Stack size unknown bytes, libinit2.o(.ARM.Collect$$libinit$$00000004))

<P><STRONG><a name="[122]"></a>__rt_lib_init_rand_1</STRONG> (Thumb, 0 bytes, Stack size unknown bytes, libinit2.o(.ARM.Collect$$libinit$$0000000E))

<P><STRONG><a name="[123]"></a>__rt_lib_init_user_alloc_1</STRONG> (Thumb, 0 bytes, Stack size unknown bytes, libinit2.o(.ARM.Collect$$libinit$$0000000C))

<P><STRONG><a name="[124]"></a>__rt_lib_init_lc_collate_1</STRONG> (Thumb, 0 bytes, Stack size unknown bytes, libinit2.o(.ARM.Collect$$libinit$$00000011))

<P><STRONG><a name="[125]"></a>__rt_lib_init_lc_ctype_1</STRONG> (Thumb, 0 bytes, Stack size unknown bytes, libinit2.o(.ARM.Collect$$libinit$$00000013))

<P><STRONG><a name="[126]"></a>__rt_lib_init_lc_monetary_1</STRONG> (Thumb, 0 bytes, Stack size unknown bytes, libinit2.o(.ARM.Collect$$libinit$$00000015))

<P><STRONG><a name="[98]"></a>__rt_lib_init_lc_numeric_2</STRONG> (Thumb, 0 bytes, Stack size unknown bytes, libinit2.o(.ARM.Collect$$libinit$$00000016))
<BR><BR>[Stack]<UL><LI>Max Depth = 16 + Unknown Stack Size
<LI>Call Chain = __rt_lib_init_lc_numeric_2 &rArr; _get_lc_numeric &rArr; strcmp
</UL>
<BR>[Calls]<UL><LI><a href="#[99]">&gt;&gt;</a>&nbsp;&nbsp;&nbsp;_get_lc_numeric
</UL>

<P><STRONG><a name="[127]"></a>__rt_lib_init_alloca_1</STRONG> (Thumb, 0 bytes, Stack size unknown bytes, libinit2.o(.ARM.Collect$$libinit$$0000002E))

<P><STRONG><a name="[128]"></a>__rt_lib_init_argv_1</STRONG> (Thumb, 0 bytes, Stack size unknown bytes, libinit2.o(.ARM.Collect$$libinit$$0000002C))

<P><STRONG><a name="[129]"></a>__rt_lib_init_atexit_1</STRONG> (Thumb, 0 bytes, Stack size unknown bytes, libinit2.o(.ARM.Collect$$libinit$$0000001B))

<P><STRONG><a name="[12a]"></a>__rt_lib_init_clock_1</STRONG> (Thumb, 0 bytes, Stack size unknown bytes, libinit2.o(.ARM.Collect$$libinit$$00000021))

<P><STRONG><a name="[12b]"></a>__rt_lib_init_cpp_1</STRONG> (Thumb, 0 bytes, Stack size unknown bytes, libinit2.o(.ARM.Collect$$libinit$$00000032))

<P><STRONG><a name="[12c]"></a>__rt_lib_init_exceptions_1</STRONG> (Thumb, 0 bytes, Stack size unknown bytes, libinit2.o(.ARM.Collect$$libinit$$00000030))

<P><STRONG><a name="[12d]"></a>__rt_lib_init_fp_trap_1</STRONG> (Thumb, 0 bytes, Stack size unknown bytes, libinit2.o(.ARM.Collect$$libinit$$0000001F))

<P><STRONG><a name="[12e]"></a>__rt_lib_init_getenv_1</STRONG> (Thumb, 0 bytes, Stack size unknown bytes, libinit2.o(.ARM.Collect$$libinit$$00000023))

<P><STRONG><a name="[12f]"></a>__rt_lib_init_lc_numeric_1</STRONG> (Thumb, 0 bytes, Stack size unknown bytes, libinit2.o(.ARM.Collect$$libinit$$00000017))

<P><STRONG><a name="[130]"></a>__rt_lib_init_lc_time_1</STRONG> (Thumb, 0 bytes, Stack size unknown bytes, libinit2.o(.ARM.Collect$$libinit$$00000019))

<P><STRONG><a name="[131]"></a>__rt_lib_init_return</STRONG> (Thumb, 0 bytes, Stack size unknown bytes, libinit2.o(.ARM.Collect$$libinit$$00000033))

<P><STRONG><a name="[132]"></a>__rt_lib_init_signal_1</STRONG> (Thumb, 0 bytes, Stack size unknown bytes, libinit2.o(.ARM.Collect$$libinit$$0000001D))

<P><STRONG><a name="[133]"></a>__rt_lib_init_stdio_1</STRONG> (Thumb, 0 bytes, Stack size unknown bytes, libinit2.o(.ARM.Collect$$libinit$$00000025))

<P><STRONG><a name="[a2]"></a>__rt_lib_shutdown</STRONG> (Thumb, 0 bytes, Stack size unknown bytes, libshutdown.o(.ARM.Collect$$libshutdown$$00000000))
<BR><BR>[Called By]<UL><LI><a href="#[a1]">&gt;&gt;</a>&nbsp;&nbsp;&nbsp;__rt_exit_ls
</UL>

<P><STRONG><a name="[134]"></a>__rt_lib_shutdown_cpp_1</STRONG> (Thumb, 0 bytes, Stack size unknown bytes, libshutdown2.o(.ARM.Collect$$libshutdown$$00000002))

<P><STRONG><a name="[135]"></a>__rt_lib_shutdown_fp_trap_1</STRONG> (Thumb, 0 bytes, Stack size unknown bytes, libshutdown2.o(.ARM.Collect$$libshutdown$$00000007))

<P><STRONG><a name="[136]"></a>__rt_lib_shutdown_heap_1</STRONG> (Thumb, 0 bytes, Stack size unknown bytes, libshutdown2.o(.ARM.Collect$$libshutdown$$0000000F))

<P><STRONG><a name="[137]"></a>__rt_lib_shutdown_return</STRONG> (Thumb, 0 bytes, Stack size unknown bytes, libshutdown2.o(.ARM.Collect$$libshutdown$$00000010))

<P><STRONG><a name="[138]"></a>__rt_lib_shutdown_signal_1</STRONG> (Thumb, 0 bytes, Stack size unknown bytes, libshutdown2.o(.ARM.Collect$$libshutdown$$0000000A))

<P><STRONG><a name="[139]"></a>__rt_lib_shutdown_stdio_1</STRONG> (Thumb, 0 bytes, Stack size unknown bytes, libshutdown2.o(.ARM.Collect$$libshutdown$$00000004))

<P><STRONG><a name="[13a]"></a>__rt_lib_shutdown_user_alloc_1</STRONG> (Thumb, 0 bytes, Stack size unknown bytes, libshutdown2.o(.ARM.Collect$$libshutdown$$0000000C))

<P><STRONG><a name="[8d]"></a>__rt_entry</STRONG> (Thumb, 0 bytes, Stack size unknown bytes, __rtentry.o(.ARM.Collect$$rtentry$$00000000))
<BR><BR>[Called By]<UL><LI><a href="#[85]">&gt;&gt;</a>&nbsp;&nbsp;&nbsp;__main
<LI><a href="#[8e]">&gt;&gt;</a>&nbsp;&nbsp;&nbsp;__scatterload_rt2
</UL>

<P><STRONG><a name="[13b]"></a>__rt_entry_presh_1</STRONG> (Thumb, 0 bytes, Stack size unknown bytes, __rtentry2.o(.ARM.Collect$$rtentry$$00000002))

<P><STRONG><a name="[9a]"></a>__rt_entry_sh</STRONG> (Thumb, 0 bytes, Stack size unknown bytes, __rtentry4.o(.ARM.Collect$$rtentry$$00000004))
<BR><BR>[Stack]<UL><LI>Max Depth = 8 + Unknown Stack Size
<LI>Call Chain = __rt_entry_sh &rArr; __user_setup_stackheap
</UL>
<BR>[Calls]<UL><LI><a href="#[9b]">&gt;&gt;</a>&nbsp;&nbsp;&nbsp;__user_setup_stackheap
</UL>

<P><STRONG><a name="[9c]"></a>__rt_entry_li</STRONG> (Thumb, 0 bytes, Stack size unknown bytes, __rtentry2.o(.ARM.Collect$$rtentry$$0000000A))
<BR><BR>[Calls]<UL><LI><a href="#[9d]">&gt;&gt;</a>&nbsp;&nbsp;&nbsp;__rt_lib_init
</UL>

<P><STRONG><a name="[13c]"></a>__rt_entry_postsh_1</STRONG> (Thumb, 0 bytes, Stack size unknown bytes, __rtentry2.o(.ARM.Collect$$rtentry$$00000009))

<P><STRONG><a name="[9e]"></a>__rt_entry_main</STRONG> (Thumb, 0 bytes, Stack size unknown bytes, __rtentry2.o(.ARM.Collect$$rtentry$$0000000D))
<BR><BR>[Stack]<UL><LI>Max Depth = 664 + Unknown Stack Size
<LI>Call Chain = __rt_entry_main &rArr; main &rArr; MX_SPI1_Init &rArr; HAL_SPI_Init &rArr; HAL_SPI_MspInit &rArr; HAL_RCCEx_PeriphCLKConfig &rArr; RCCEx_PLL3_Config
</UL>
<BR>[Calls]<UL><LI><a href="#[9f]">&gt;&gt;</a>&nbsp;&nbsp;&nbsp;main
<LI><a href="#[a0]">&gt;&gt;</a>&nbsp;&nbsp;&nbsp;exit
</UL>

<P><STRONG><a name="[13d]"></a>__rt_entry_postli_1</STRONG> (Thumb, 0 bytes, Stack size unknown bytes, __rtentry2.o(.ARM.Collect$$rtentry$$0000000C))

<P><STRONG><a name="[bd]"></a>__rt_exit</STRONG> (Thumb, 0 bytes, Stack size unknown bytes, rtexit.o(.ARM.Collect$$rtexit$$00000000))
<BR><BR>[Called By]<UL><LI><a href="#[a0]">&gt;&gt;</a>&nbsp;&nbsp;&nbsp;exit
</UL>

<P><STRONG><a name="[a1]"></a>__rt_exit_ls</STRONG> (Thumb, 0 bytes, Stack size unknown bytes, rtexit2.o(.ARM.Collect$$rtexit$$00000003))
<BR><BR>[Calls]<UL><LI><a href="#[a2]">&gt;&gt;</a>&nbsp;&nbsp;&nbsp;__rt_lib_shutdown
</UL>

<P><STRONG><a name="[13e]"></a>__rt_exit_prels_1</STRONG> (Thumb, 0 bytes, Stack size unknown bytes, rtexit2.o(.ARM.Collect$$rtexit$$00000002))

<P><STRONG><a name="[a3]"></a>__rt_exit_exit</STRONG> (Thumb, 0 bytes, Stack size unknown bytes, rtexit2.o(.ARM.Collect$$rtexit$$00000004))
<BR><BR>[Calls]<UL><LI><a href="#[a4]">&gt;&gt;</a>&nbsp;&nbsp;&nbsp;_sys_exit
</UL>

<P><STRONG><a name="[0]"></a>Reset_Handler</STRONG> (Thumb, 8 bytes, Stack size 0 bytes, startup_stm32u575xx.o(.text))
<BR>[Address Reference Count : 1]<UL><LI> startup_stm32u575xx.o(RESET)
</UL>
<P><STRONG><a name="[6]"></a>SecureFault_Handler</STRONG> (Thumb, 2 bytes, Stack size 0 bytes, startup_stm32u575xx.o(.text))
<BR><BR>[Calls]<UL><LI><a href="#[6]">&gt;&gt;</a>&nbsp;&nbsp;&nbsp;SecureFault_Handler
</UL>
<BR>[Called By]<UL><LI><a href="#[6]">&gt;&gt;</a>&nbsp;&nbsp;&nbsp;SecureFault_Handler
</UL>
<BR>[Address Reference Count : 1]<UL><LI> startup_stm32u575xx.o(RESET)
</UL>
<P><STRONG><a name="[2f]"></a>ADC1_IRQHandler</STRONG> (Thumb, 0 bytes, Stack size 0 bytes, startup_stm32u575xx.o(.text))
<BR><BR>[Calls]<UL><LI><a href="#[2f]">&gt;&gt;</a>&nbsp;&nbsp;&nbsp;ADC1_IRQHandler
</UL>
<BR>[Called By]<UL><LI><a href="#[2f]">&gt;&gt;</a>&nbsp;&nbsp;&nbsp;ADC1_IRQHandler
</UL>
<BR>[Address Reference Count : 1]<UL><LI> startup_stm32u575xx.o(RESET)
</UL>
<P><STRONG><a name="[77]"></a>ADC4_IRQHandler</STRONG> (Thumb, 0 bytes, Stack size 0 bytes, startup_stm32u575xx.o(.text))
<BR>[Address Reference Count : 1]<UL><LI> startup_stm32u575xx.o(RESET)
</UL>
<P><STRONG><a name="[76]"></a>ADF1_IRQHandler</STRONG> (Thumb, 0 bytes, Stack size 0 bytes, startup_stm32u575xx.o(.text))
<BR>[Address Reference Count : 1]<UL><LI> startup_stm32u575xx.o(RESET)
</UL>
<P><STRONG><a name="[52]"></a>COMP_IRQHandler</STRONG> (Thumb, 0 bytes, Stack size 0 bytes, startup_stm32u575xx.o(.text))
<BR>[Address Reference Count : 1]<UL><LI> startup_stm32u575xx.o(RESET)
</UL>
<P><STRONG><a name="[81]"></a>CORDIC_IRQHandler</STRONG> (Thumb, 0 bytes, Stack size 0 bytes, startup_stm32u575xx.o(.text))
<BR>[Address Reference Count : 1]<UL><LI> startup_stm32u575xx.o(RESET)
</UL>
<P><STRONG><a name="[54]"></a>CRS_IRQHandler</STRONG> (Thumb, 0 bytes, Stack size 0 bytes, startup_stm32u575xx.o(.text))
<BR>[Address Reference Count : 1]<UL><LI> startup_stm32u575xx.o(RESET)
</UL>
<P><STRONG><a name="[30]"></a>DAC1_IRQHandler</STRONG> (Thumb, 0 bytes, Stack size 0 bytes, startup_stm32u575xx.o(.text))
<BR>[Address Reference Count : 1]<UL><LI> startup_stm32u575xx.o(RESET)
</UL>
<P><STRONG><a name="[75]"></a>DCACHE1_IRQHandler</STRONG> (Thumb, 0 bytes, Stack size 0 bytes, startup_stm32u575xx.o(.text))
<BR>[Address Reference Count : 1]<UL><LI> startup_stm32u575xx.o(RESET)
</UL>
<P><STRONG><a name="[7d]"></a>DCMI_PSSI_IRQHandler</STRONG> (Thumb, 0 bytes, Stack size 0 bytes, startup_stm32u575xx.o(.text))
<BR>[Address Reference Count : 1]<UL><LI> startup_stm32u575xx.o(RESET)
</UL>
<P><STRONG><a name="[7c]"></a>DMA2D_IRQHandler</STRONG> (Thumb, 0 bytes, Stack size 0 bytes, startup_stm32u575xx.o(.text))
<BR>[Address Reference Count : 1]<UL><LI> startup_stm32u575xx.o(RESET)
</UL>
<P><STRONG><a name="[16]"></a>EXTI0_IRQHandler</STRONG> (Thumb, 0 bytes, Stack size 0 bytes, startup_stm32u575xx.o(.text))
<BR>[Address Reference Count : 1]<UL><LI> startup_stm32u575xx.o(RESET)
</UL>
<P><STRONG><a name="[20]"></a>EXTI10_IRQHandler</STRONG> (Thumb, 0 bytes, Stack size 0 bytes, startup_stm32u575xx.o(.text))
<BR>[Address Reference Count : 1]<UL><LI> startup_stm32u575xx.o(RESET)
</UL>
<P><STRONG><a name="[21]"></a>EXTI11_IRQHandler</STRONG> (Thumb, 0 bytes, Stack size 0 bytes, startup_stm32u575xx.o(.text))
<BR>[Address Reference Count : 1]<UL><LI> startup_stm32u575xx.o(RESET)
</UL>
<P><STRONG><a name="[22]"></a>EXTI12_IRQHandler</STRONG> (Thumb, 0 bytes, Stack size 0 bytes, startup_stm32u575xx.o(.text))
<BR>[Address Reference Count : 1]<UL><LI> startup_stm32u575xx.o(RESET)
</UL>
<P><STRONG><a name="[23]"></a>EXTI13_IRQHandler</STRONG> (Thumb, 0 bytes, Stack size 0 bytes, startup_stm32u575xx.o(.text))
<BR>[Address Reference Count : 1]<UL><LI> startup_stm32u575xx.o(RESET)
</UL>
<P><STRONG><a name="[24]"></a>EXTI14_IRQHandler</STRONG> (Thumb, 0 bytes, Stack size 0 bytes, startup_stm32u575xx.o(.text))
<BR>[Address Reference Count : 1]<UL><LI> startup_stm32u575xx.o(RESET)
</UL>
<P><STRONG><a name="[25]"></a>EXTI15_IRQHandler</STRONG> (Thumb, 0 bytes, Stack size 0 bytes, startup_stm32u575xx.o(.text))
<BR>[Address Reference Count : 1]<UL><LI> startup_stm32u575xx.o(RESET)
</UL>
<P><STRONG><a name="[17]"></a>EXTI1_IRQHandler</STRONG> (Thumb, 0 bytes, Stack size 0 bytes, startup_stm32u575xx.o(.text))
<BR>[Address Reference Count : 1]<UL><LI> startup_stm32u575xx.o(RESET)
</UL>
<P><STRONG><a name="[18]"></a>EXTI2_IRQHandler</STRONG> (Thumb, 0 bytes, Stack size 0 bytes, startup_stm32u575xx.o(.text))
<BR>[Address Reference Count : 1]<UL><LI> startup_stm32u575xx.o(RESET)
</UL>
<P><STRONG><a name="[19]"></a>EXTI3_IRQHandler</STRONG> (Thumb, 0 bytes, Stack size 0 bytes, startup_stm32u575xx.o(.text))
<BR>[Address Reference Count : 1]<UL><LI> startup_stm32u575xx.o(RESET)
</UL>
<P><STRONG><a name="[1a]"></a>EXTI4_IRQHandler</STRONG> (Thumb, 0 bytes, Stack size 0 bytes, startup_stm32u575xx.o(.text))
<BR>[Address Reference Count : 1]<UL><LI> startup_stm32u575xx.o(RESET)
</UL>
<P><STRONG><a name="[1b]"></a>EXTI5_IRQHandler</STRONG> (Thumb, 0 bytes, Stack size 0 bytes, startup_stm32u575xx.o(.text))
<BR>[Address Reference Count : 1]<UL><LI> startup_stm32u575xx.o(RESET)
</UL>
<P><STRONG><a name="[1c]"></a>EXTI6_IRQHandler</STRONG> (Thumb, 0 bytes, Stack size 0 bytes, startup_stm32u575xx.o(.text))
<BR>[Address Reference Count : 1]<UL><LI> startup_stm32u575xx.o(RESET)
</UL>
<P><STRONG><a name="[1e]"></a>EXTI8_IRQHandler</STRONG> (Thumb, 0 bytes, Stack size 0 bytes, startup_stm32u575xx.o(.text))
<BR>[Address Reference Count : 1]<UL><LI> startup_stm32u575xx.o(RESET)
</UL>
<P><STRONG><a name="[1f]"></a>EXTI9_IRQHandler</STRONG> (Thumb, 0 bytes, Stack size 0 bytes, startup_stm32u575xx.o(.text))
<BR>[Address Reference Count : 1]<UL><LI> startup_stm32u575xx.o(RESET)
</UL>
<P><STRONG><a name="[31]"></a>FDCAN1_IT0_IRQHandler</STRONG> (Thumb, 0 bytes, Stack size 0 bytes, startup_stm32u575xx.o(.text))
<BR>[Address Reference Count : 1]<UL><LI> startup_stm32u575xx.o(RESET)
</UL>
<P><STRONG><a name="[32]"></a>FDCAN1_IT1_IRQHandler</STRONG> (Thumb, 0 bytes, Stack size 0 bytes, startup_stm32u575xx.o(.text))
<BR>[Address Reference Count : 1]<UL><LI> startup_stm32u575xx.o(RESET)
</UL>
<P><STRONG><a name="[11]"></a>FLASH_IRQHandler</STRONG> (Thumb, 0 bytes, Stack size 0 bytes, startup_stm32u575xx.o(.text))
<BR>[Address Reference Count : 1]<UL><LI> startup_stm32u575xx.o(RESET)
</UL>
<P><STRONG><a name="[12]"></a>FLASH_S_IRQHandler</STRONG> (Thumb, 0 bytes, Stack size 0 bytes, startup_stm32u575xx.o(.text))
<BR>[Address Reference Count : 1]<UL><LI> startup_stm32u575xx.o(RESET)
</UL>
<P><STRONG><a name="[82]"></a>FMAC_IRQHandler</STRONG> (Thumb, 0 bytes, Stack size 0 bytes, startup_stm32u575xx.o(.text))
<BR>[Address Reference Count : 1]<UL><LI> startup_stm32u575xx.o(RESET)
</UL>
<P><STRONG><a name="[55]"></a>FMC_IRQHandler</STRONG> (Thumb, 0 bytes, Stack size 0 bytes, startup_stm32u575xx.o(.text))
<BR>[Address Reference Count : 1]<UL><LI> startup_stm32u575xx.o(RESET)
</UL>
<P><STRONG><a name="[68]"></a>FPU_IRQHandler</STRONG> (Thumb, 0 bytes, Stack size 0 bytes, startup_stm32u575xx.o(.text))
<BR>[Address Reference Count : 1]<UL><LI> startup_stm32u575xx.o(RESET)
</UL>
<P><STRONG><a name="[5c]"></a>GPDMA1_Channel10_IRQHandler</STRONG> (Thumb, 0 bytes, Stack size 0 bytes, startup_stm32u575xx.o(.text))
<BR>[Address Reference Count : 1]<UL><LI> startup_stm32u575xx.o(RESET)
</UL>
<P><STRONG><a name="[5d]"></a>GPDMA1_Channel11_IRQHandler</STRONG> (Thumb, 0 bytes, Stack size 0 bytes, startup_stm32u575xx.o(.text))
<BR>[Address Reference Count : 1]<UL><LI> startup_stm32u575xx.o(RESET)
</UL>
<P><STRONG><a name="[5e]"></a>GPDMA1_Channel12_IRQHandler</STRONG> (Thumb, 0 bytes, Stack size 0 bytes, startup_stm32u575xx.o(.text))
<BR>[Address Reference Count : 1]<UL><LI> startup_stm32u575xx.o(RESET)
</UL>
<P><STRONG><a name="[5f]"></a>GPDMA1_Channel13_IRQHandler</STRONG> (Thumb, 0 bytes, Stack size 0 bytes, startup_stm32u575xx.o(.text))
<BR>[Address Reference Count : 1]<UL><LI> startup_stm32u575xx.o(RESET)
</UL>
<P><STRONG><a name="[60]"></a>GPDMA1_Channel14_IRQHandler</STRONG> (Thumb, 0 bytes, Stack size 0 bytes, startup_stm32u575xx.o(.text))
<BR>[Address Reference Count : 1]<UL><LI> startup_stm32u575xx.o(RESET)
</UL>
<P><STRONG><a name="[61]"></a>GPDMA1_Channel15_IRQHandler</STRONG> (Thumb, 0 bytes, Stack size 0 bytes, startup_stm32u575xx.o(.text))
<BR>[Address Reference Count : 1]<UL><LI> startup_stm32u575xx.o(RESET)
</UL>
<P><STRONG><a name="[29]"></a>GPDMA1_Channel2_IRQHandler</STRONG> (Thumb, 0 bytes, Stack size 0 bytes, startup_stm32u575xx.o(.text))
<BR>[Address Reference Count : 1]<UL><LI> startup_stm32u575xx.o(RESET)
</UL>
<P><STRONG><a name="[2a]"></a>GPDMA1_Channel3_IRQHandler</STRONG> (Thumb, 0 bytes, Stack size 0 bytes, startup_stm32u575xx.o(.text))
<BR>[Address Reference Count : 1]<UL><LI> startup_stm32u575xx.o(RESET)
</UL>
<P><STRONG><a name="[2b]"></a>GPDMA1_Channel4_IRQHandler</STRONG> (Thumb, 0 bytes, Stack size 0 bytes, startup_stm32u575xx.o(.text))
<BR>[Address Reference Count : 1]<UL><LI> startup_stm32u575xx.o(RESET)
</UL>
<P><STRONG><a name="[2c]"></a>GPDMA1_Channel5_IRQHandler</STRONG> (Thumb, 0 bytes, Stack size 0 bytes, startup_stm32u575xx.o(.text))
<BR>[Address Reference Count : 1]<UL><LI> startup_stm32u575xx.o(RESET)
</UL>
<P><STRONG><a name="[2d]"></a>GPDMA1_Channel6_IRQHandler</STRONG> (Thumb, 0 bytes, Stack size 0 bytes, startup_stm32u575xx.o(.text))
<BR>[Address Reference Count : 1]<UL><LI> startup_stm32u575xx.o(RESET)
</UL>
<P><STRONG><a name="[2e]"></a>GPDMA1_Channel7_IRQHandler</STRONG> (Thumb, 0 bytes, Stack size 0 bytes, startup_stm32u575xx.o(.text))
<BR>[Address Reference Count : 1]<UL><LI> startup_stm32u575xx.o(RESET)
</UL>
<P><STRONG><a name="[5a]"></a>GPDMA1_Channel8_IRQHandler</STRONG> (Thumb, 0 bytes, Stack size 0 bytes, startup_stm32u575xx.o(.text))
<BR>[Address Reference Count : 1]<UL><LI> startup_stm32u575xx.o(RESET)
</UL>
<P><STRONG><a name="[5b]"></a>GPDMA1_Channel9_IRQHandler</STRONG> (Thumb, 0 bytes, Stack size 0 bytes, startup_stm32u575xx.o(.text))
<BR>[Address Reference Count : 1]<UL><LI> startup_stm32u575xx.o(RESET)
</UL>
<P><STRONG><a name="[13]"></a>GTZC_IRQHandler</STRONG> (Thumb, 0 bytes, Stack size 0 bytes, startup_stm32u575xx.o(.text))
<BR>[Address Reference Count : 1]<UL><LI> startup_stm32u575xx.o(RESET)
</UL>
<P><STRONG><a name="[69]"></a>HASH_IRQHandler</STRONG> (Thumb, 0 bytes, Stack size 0 bytes, startup_stm32u575xx.o(.text))
<BR>[Address Reference Count : 1]<UL><LI> startup_stm32u575xx.o(RESET)
</UL>
<P><STRONG><a name="[42]"></a>I2C1_ER_IRQHandler</STRONG> (Thumb, 0 bytes, Stack size 0 bytes, startup_stm32u575xx.o(.text))
<BR>[Address Reference Count : 1]<UL><LI> startup_stm32u575xx.o(RESET)
</UL>
<P><STRONG><a name="[41]"></a>I2C1_EV_IRQHandler</STRONG> (Thumb, 0 bytes, Stack size 0 bytes, startup_stm32u575xx.o(.text))
<BR>[Address Reference Count : 1]<UL><LI> startup_stm32u575xx.o(RESET)
</UL>
<P><STRONG><a name="[44]"></a>I2C2_ER_IRQHandler</STRONG> (Thumb, 0 bytes, Stack size 0 bytes, startup_stm32u575xx.o(.text))
<BR>[Address Reference Count : 1]<UL><LI> startup_stm32u575xx.o(RESET)
</UL>
<P><STRONG><a name="[43]"></a>I2C2_EV_IRQHandler</STRONG> (Thumb, 0 bytes, Stack size 0 bytes, startup_stm32u575xx.o(.text))
<BR>[Address Reference Count : 1]<UL><LI> startup_stm32u575xx.o(RESET)
</UL>
<P><STRONG><a name="[63]"></a>I2C3_ER_IRQHandler</STRONG> (Thumb, 0 bytes, Stack size 0 bytes, startup_stm32u575xx.o(.text))
<BR>[Address Reference Count : 1]<UL><LI> startup_stm32u575xx.o(RESET)
</UL>
<P><STRONG><a name="[62]"></a>I2C3_EV_IRQHandler</STRONG> (Thumb, 0 bytes, Stack size 0 bytes, startup_stm32u575xx.o(.text))
<BR>[Address Reference Count : 1]<UL><LI> startup_stm32u575xx.o(RESET)
</UL>
<P><STRONG><a name="[6c]"></a>I2C4_ER_IRQHandler</STRONG> (Thumb, 0 bytes, Stack size 0 bytes, startup_stm32u575xx.o(.text))
<BR>[Address Reference Count : 1]<UL><LI> startup_stm32u575xx.o(RESET)
</UL>
<P><STRONG><a name="[6d]"></a>I2C4_EV_IRQHandler</STRONG> (Thumb, 0 bytes, Stack size 0 bytes, startup_stm32u575xx.o(.text))
<BR>[Address Reference Count : 1]<UL><LI> startup_stm32u575xx.o(RESET)
</UL>
<P><STRONG><a name="[73]"></a>ICACHE_IRQHandler</STRONG> (Thumb, 0 bytes, Stack size 0 bytes, startup_stm32u575xx.o(.text))
<BR>[Address Reference Count : 1]<UL><LI> startup_stm32u575xx.o(RESET)
</UL>
<P><STRONG><a name="[26]"></a>IWDG_IRQHandler</STRONG> (Thumb, 0 bytes, Stack size 0 bytes, startup_stm32u575xx.o(.text))
<BR>[Address Reference Count : 1]<UL><LI> startup_stm32u575xx.o(RESET)
</UL>
<P><STRONG><a name="[78]"></a>LPDMA1_Channel0_IRQHandler</STRONG> (Thumb, 0 bytes, Stack size 0 bytes, startup_stm32u575xx.o(.text))
<BR>[Address Reference Count : 1]<UL><LI> startup_stm32u575xx.o(RESET)
</UL>
<P><STRONG><a name="[79]"></a>LPDMA1_Channel1_IRQHandler</STRONG> (Thumb, 0 bytes, Stack size 0 bytes, startup_stm32u575xx.o(.text))
<BR>[Address Reference Count : 1]<UL><LI> startup_stm32u575xx.o(RESET)
</UL>
<P><STRONG><a name="[7a]"></a>LPDMA1_Channel2_IRQHandler</STRONG> (Thumb, 0 bytes, Stack size 0 bytes, startup_stm32u575xx.o(.text))
<BR>[Address Reference Count : 1]<UL><LI> startup_stm32u575xx.o(RESET)
</UL>
<P><STRONG><a name="[7b]"></a>LPDMA1_Channel3_IRQHandler</STRONG> (Thumb, 0 bytes, Stack size 0 bytes, startup_stm32u575xx.o(.text))
<BR>[Address Reference Count : 1]<UL><LI> startup_stm32u575xx.o(RESET)
</UL>
<P><STRONG><a name="[4d]"></a>LPTIM1_IRQHandler</STRONG> (Thumb, 0 bytes, Stack size 0 bytes, startup_stm32u575xx.o(.text))
<BR>[Address Reference Count : 1]<UL><LI> startup_stm32u575xx.o(RESET)
</UL>
<P><STRONG><a name="[4e]"></a>LPTIM2_IRQHandler</STRONG> (Thumb, 0 bytes, Stack size 0 bytes, startup_stm32u575xx.o(.text))
<BR>[Address Reference Count : 1]<UL><LI> startup_stm32u575xx.o(RESET)
</UL>
<P><STRONG><a name="[6a]"></a>LPTIM3_IRQHandler</STRONG> (Thumb, 0 bytes, Stack size 0 bytes, startup_stm32u575xx.o(.text))
<BR>[Address Reference Count : 1]<UL><LI> startup_stm32u575xx.o(RESET)
</UL>
<P><STRONG><a name="[74]"></a>LPTIM4_IRQHandler</STRONG> (Thumb, 0 bytes, Stack size 0 bytes, startup_stm32u575xx.o(.text))
<BR>[Address Reference Count : 1]<UL><LI> startup_stm32u575xx.o(RESET)
</UL>
<P><STRONG><a name="[4c]"></a>LPUART1_IRQHandler</STRONG> (Thumb, 0 bytes, Stack size 0 bytes, startup_stm32u575xx.o(.text))
<BR>[Address Reference Count : 1]<UL><LI> startup_stm32u575xx.o(RESET)
</UL>
<P><STRONG><a name="[83]"></a>LSECSSD_IRQHandler</STRONG> (Thumb, 0 bytes, Stack size 0 bytes, startup_stm32u575xx.o(.text))
<BR>[Address Reference Count : 1]<UL><LI> startup_stm32u575xx.o(RESET)
</UL>
<P><STRONG><a name="[6e]"></a>MDF1_FLT0_IRQHandler</STRONG> (Thumb, 0 bytes, Stack size 0 bytes, startup_stm32u575xx.o(.text))
<BR>[Address Reference Count : 1]<UL><LI> startup_stm32u575xx.o(RESET)
</UL>
<P><STRONG><a name="[6f]"></a>MDF1_FLT1_IRQHandler</STRONG> (Thumb, 0 bytes, Stack size 0 bytes, startup_stm32u575xx.o(.text))
<BR>[Address Reference Count : 1]<UL><LI> startup_stm32u575xx.o(RESET)
</UL>
<P><STRONG><a name="[70]"></a>MDF1_FLT2_IRQHandler</STRONG> (Thumb, 0 bytes, Stack size 0 bytes, startup_stm32u575xx.o(.text))
<BR>[Address Reference Count : 1]<UL><LI> startup_stm32u575xx.o(RESET)
</UL>
<P><STRONG><a name="[71]"></a>MDF1_FLT3_IRQHandler</STRONG> (Thumb, 0 bytes, Stack size 0 bytes, startup_stm32u575xx.o(.text))
<BR>[Address Reference Count : 1]<UL><LI> startup_stm32u575xx.o(RESET)
</UL>
<P><STRONG><a name="[7f]"></a>MDF1_FLT4_IRQHandler</STRONG> (Thumb, 0 bytes, Stack size 0 bytes, startup_stm32u575xx.o(.text))
<BR>[Address Reference Count : 1]<UL><LI> startup_stm32u575xx.o(RESET)
</UL>
<P><STRONG><a name="[80]"></a>MDF1_FLT5_IRQHandler</STRONG> (Thumb, 0 bytes, Stack size 0 bytes, startup_stm32u575xx.o(.text))
<BR>[Address Reference Count : 1]<UL><LI> startup_stm32u575xx.o(RESET)
</UL>
<P><STRONG><a name="[56]"></a>OCTOSPI1_IRQHandler</STRONG> (Thumb, 0 bytes, Stack size 0 bytes, startup_stm32u575xx.o(.text))
<BR>[Address Reference Count : 1]<UL><LI> startup_stm32u575xx.o(RESET)
</UL>
<P><STRONG><a name="[7e]"></a>OCTOSPI2_IRQHandler</STRONG> (Thumb, 0 bytes, Stack size 0 bytes, startup_stm32u575xx.o(.text))
<BR>[Address Reference Count : 1]<UL><LI> startup_stm32u575xx.o(RESET)
</UL>
<P><STRONG><a name="[53]"></a>OTG_FS_IRQHandler</STRONG> (Thumb, 0 bytes, Stack size 0 bytes, startup_stm32u575xx.o(.text))
<BR>[Address Reference Count : 1]<UL><LI> startup_stm32u575xx.o(RESET)
</UL>
<P><STRONG><a name="[c]"></a>PVD_PVM_IRQHandler</STRONG> (Thumb, 0 bytes, Stack size 0 bytes, startup_stm32u575xx.o(.text))
<BR>[Address Reference Count : 1]<UL><LI> startup_stm32u575xx.o(RESET)
</UL>
<P><STRONG><a name="[57]"></a>PWR_S3WU_IRQHandler</STRONG> (Thumb, 0 bytes, Stack size 0 bytes, startup_stm32u575xx.o(.text))
<BR>[Address Reference Count : 1]<UL><LI> startup_stm32u575xx.o(RESET)
</UL>
<P><STRONG><a name="[10]"></a>RAMCFG_IRQHandler</STRONG> (Thumb, 0 bytes, Stack size 0 bytes, startup_stm32u575xx.o(.text))
<BR>[Address Reference Count : 1]<UL><LI> startup_stm32u575xx.o(RESET)
</UL>
<P><STRONG><a name="[14]"></a>RCC_IRQHandler</STRONG> (Thumb, 0 bytes, Stack size 0 bytes, startup_stm32u575xx.o(.text))
<BR>[Address Reference Count : 1]<UL><LI> startup_stm32u575xx.o(RESET)
</UL>
<P><STRONG><a name="[15]"></a>RCC_S_IRQHandler</STRONG> (Thumb, 0 bytes, Stack size 0 bytes, startup_stm32u575xx.o(.text))
<BR>[Address Reference Count : 1]<UL><LI> startup_stm32u575xx.o(RESET)
</UL>
<P><STRONG><a name="[67]"></a>RNG_IRQHandler</STRONG> (Thumb, 0 bytes, Stack size 0 bytes, startup_stm32u575xx.o(.text))
<BR>[Address Reference Count : 1]<UL><LI> startup_stm32u575xx.o(RESET)
</UL>
<P><STRONG><a name="[d]"></a>RTC_IRQHandler</STRONG> (Thumb, 0 bytes, Stack size 0 bytes, startup_stm32u575xx.o(.text))
<BR>[Address Reference Count : 1]<UL><LI> startup_stm32u575xx.o(RESET)
</UL>
<P><STRONG><a name="[e]"></a>RTC_S_IRQHandler</STRONG> (Thumb, 0 bytes, Stack size 0 bytes, startup_stm32u575xx.o(.text))
<BR>[Address Reference Count : 1]<UL><LI> startup_stm32u575xx.o(RESET)
</UL>
<P><STRONG><a name="[64]"></a>SAI1_IRQHandler</STRONG> (Thumb, 0 bytes, Stack size 0 bytes, startup_stm32u575xx.o(.text))
<BR>[Address Reference Count : 1]<UL><LI> startup_stm32u575xx.o(RESET)
</UL>
<P><STRONG><a name="[65]"></a>SAI2_IRQHandler</STRONG> (Thumb, 0 bytes, Stack size 0 bytes, startup_stm32u575xx.o(.text))
<BR>[Address Reference Count : 1]<UL><LI> startup_stm32u575xx.o(RESET)
</UL>
<P><STRONG><a name="[58]"></a>SDMMC1_IRQHandler</STRONG> (Thumb, 0 bytes, Stack size 0 bytes, startup_stm32u575xx.o(.text))
<BR>[Address Reference Count : 1]<UL><LI> startup_stm32u575xx.o(RESET)
</UL>
<P><STRONG><a name="[59]"></a>SDMMC2_IRQHandler</STRONG> (Thumb, 0 bytes, Stack size 0 bytes, startup_stm32u575xx.o(.text))
<BR>[Address Reference Count : 1]<UL><LI> startup_stm32u575xx.o(RESET)
</UL>
<P><STRONG><a name="[46]"></a>SPI2_IRQHandler</STRONG> (Thumb, 0 bytes, Stack size 0 bytes, startup_stm32u575xx.o(.text))
<BR>[Address Reference Count : 1]<UL><LI> startup_stm32u575xx.o(RESET)
</UL>
<P><STRONG><a name="[6b]"></a>SPI3_IRQHandler</STRONG> (Thumb, 0 bytes, Stack size 0 bytes, startup_stm32u575xx.o(.text))
<BR>[Address Reference Count : 1]<UL><LI> startup_stm32u575xx.o(RESET)
</UL>
<P><STRONG><a name="[f]"></a>TAMP_IRQHandler</STRONG> (Thumb, 0 bytes, Stack size 0 bytes, startup_stm32u575xx.o(.text))
<BR>[Address Reference Count : 1]<UL><LI> startup_stm32u575xx.o(RESET)
</UL>
<P><STRONG><a name="[4f]"></a>TIM15_IRQHandler</STRONG> (Thumb, 0 bytes, Stack size 0 bytes, startup_stm32u575xx.o(.text))
<BR>[Address Reference Count : 1]<UL><LI> startup_stm32u575xx.o(RESET)
</UL>
<P><STRONG><a name="[50]"></a>TIM16_IRQHandler</STRONG> (Thumb, 0 bytes, Stack size 0 bytes, startup_stm32u575xx.o(.text))
<BR>[Address Reference Count : 1]<UL><LI> startup_stm32u575xx.o(RESET)
</UL>
<P><STRONG><a name="[51]"></a>TIM17_IRQHandler</STRONG> (Thumb, 0 bytes, Stack size 0 bytes, startup_stm32u575xx.o(.text))
<BR>[Address Reference Count : 1]<UL><LI> startup_stm32u575xx.o(RESET)
</UL>
<P><STRONG><a name="[33]"></a>TIM1_BRK_IRQHandler</STRONG> (Thumb, 0 bytes, Stack size 0 bytes, startup_stm32u575xx.o(.text))
<BR>[Address Reference Count : 1]<UL><LI> startup_stm32u575xx.o(RESET)
</UL>
<P><STRONG><a name="[36]"></a>TIM1_CC_IRQHandler</STRONG> (Thumb, 0 bytes, Stack size 0 bytes, startup_stm32u575xx.o(.text))
<BR>[Address Reference Count : 1]<UL><LI> startup_stm32u575xx.o(RESET)
</UL>
<P><STRONG><a name="[35]"></a>TIM1_TRG_COM_IRQHandler</STRONG> (Thumb, 0 bytes, Stack size 0 bytes, startup_stm32u575xx.o(.text))
<BR>[Address Reference Count : 1]<UL><LI> startup_stm32u575xx.o(RESET)
</UL>
<P><STRONG><a name="[34]"></a>TIM1_UP_IRQHandler</STRONG> (Thumb, 0 bytes, Stack size 0 bytes, startup_stm32u575xx.o(.text))
<BR>[Address Reference Count : 1]<UL><LI> startup_stm32u575xx.o(RESET)
</UL>
<P><STRONG><a name="[37]"></a>TIM2_IRQHandler</STRONG> (Thumb, 0 bytes, Stack size 0 bytes, startup_stm32u575xx.o(.text))
<BR>[Address Reference Count : 1]<UL><LI> startup_stm32u575xx.o(RESET)
</UL>
<P><STRONG><a name="[38]"></a>TIM3_IRQHandler</STRONG> (Thumb, 0 bytes, Stack size 0 bytes, startup_stm32u575xx.o(.text))
<BR>[Address Reference Count : 1]<UL><LI> startup_stm32u575xx.o(RESET)
</UL>
<P><STRONG><a name="[39]"></a>TIM4_IRQHandler</STRONG> (Thumb, 0 bytes, Stack size 0 bytes, startup_stm32u575xx.o(.text))
<BR>[Address Reference Count : 1]<UL><LI> startup_stm32u575xx.o(RESET)
</UL>
<P><STRONG><a name="[3a]"></a>TIM5_IRQHandler</STRONG> (Thumb, 0 bytes, Stack size 0 bytes, startup_stm32u575xx.o(.text))
<BR>[Address Reference Count : 1]<UL><LI> startup_stm32u575xx.o(RESET)
</UL>
<P><STRONG><a name="[3b]"></a>TIM6_IRQHandler</STRONG> (Thumb, 0 bytes, Stack size 0 bytes, startup_stm32u575xx.o(.text))
<BR>[Address Reference Count : 1]<UL><LI> startup_stm32u575xx.o(RESET)
</UL>
<P><STRONG><a name="[3c]"></a>TIM7_IRQHandler</STRONG> (Thumb, 0 bytes, Stack size 0 bytes, startup_stm32u575xx.o(.text))
<BR>[Address Reference Count : 1]<UL><LI> startup_stm32u575xx.o(RESET)
</UL>
<P><STRONG><a name="[3d]"></a>TIM8_BRK_IRQHandler</STRONG> (Thumb, 0 bytes, Stack size 0 bytes, startup_stm32u575xx.o(.text))
<BR>[Address Reference Count : 1]<UL><LI> startup_stm32u575xx.o(RESET)
</UL>
<P><STRONG><a name="[40]"></a>TIM8_CC_IRQHandler</STRONG> (Thumb, 0 bytes, Stack size 0 bytes, startup_stm32u575xx.o(.text))
<BR>[Address Reference Count : 1]<UL><LI> startup_stm32u575xx.o(RESET)
</UL>
<P><STRONG><a name="[3f]"></a>TIM8_TRG_COM_IRQHandler</STRONG> (Thumb, 0 bytes, Stack size 0 bytes, startup_stm32u575xx.o(.text))
<BR>[Address Reference Count : 1]<UL><LI> startup_stm32u575xx.o(RESET)
</UL>
<P><STRONG><a name="[3e]"></a>TIM8_UP_IRQHandler</STRONG> (Thumb, 0 bytes, Stack size 0 bytes, startup_stm32u575xx.o(.text))
<BR>[Address Reference Count : 1]<UL><LI> startup_stm32u575xx.o(RESET)
</UL>
<P><STRONG><a name="[66]"></a>TSC_IRQHandler</STRONG> (Thumb, 0 bytes, Stack size 0 bytes, startup_stm32u575xx.o(.text))
<BR>[Address Reference Count : 1]<UL><LI> startup_stm32u575xx.o(RESET)
</UL>
<P><STRONG><a name="[4a]"></a>UART4_IRQHandler</STRONG> (Thumb, 0 bytes, Stack size 0 bytes, startup_stm32u575xx.o(.text))
<BR>[Address Reference Count : 1]<UL><LI> startup_stm32u575xx.o(RESET)
</UL>
<P><STRONG><a name="[4b]"></a>UART5_IRQHandler</STRONG> (Thumb, 0 bytes, Stack size 0 bytes, startup_stm32u575xx.o(.text))
<BR>[Address Reference Count : 1]<UL><LI> startup_stm32u575xx.o(RESET)
</UL>
<P><STRONG><a name="[72]"></a>UCPD1_IRQHandler</STRONG> (Thumb, 0 bytes, Stack size 0 bytes, startup_stm32u575xx.o(.text))
<BR>[Address Reference Count : 1]<UL><LI> startup_stm32u575xx.o(RESET)
</UL>
<P><STRONG><a name="[47]"></a>USART1_IRQHandler</STRONG> (Thumb, 0 bytes, Stack size 0 bytes, startup_stm32u575xx.o(.text))
<BR>[Address Reference Count : 1]<UL><LI> startup_stm32u575xx.o(RESET)
</UL>
<P><STRONG><a name="[48]"></a>USART2_IRQHandler</STRONG> (Thumb, 0 bytes, Stack size 0 bytes, startup_stm32u575xx.o(.text))
<BR>[Address Reference Count : 1]<UL><LI> startup_stm32u575xx.o(RESET)
</UL>
<P><STRONG><a name="[49]"></a>USART3_IRQHandler</STRONG> (Thumb, 0 bytes, Stack size 0 bytes, startup_stm32u575xx.o(.text))
<BR>[Address Reference Count : 1]<UL><LI> startup_stm32u575xx.o(RESET)
</UL>
<P><STRONG><a name="[b]"></a>WWDG_IRQHandler</STRONG> (Thumb, 0 bytes, Stack size 0 bytes, startup_stm32u575xx.o(.text))
<BR>[Address Reference Count : 1]<UL><LI> startup_stm32u575xx.o(RESET)
</UL>
<P><STRONG><a name="[bc]"></a>__user_initial_stackheap</STRONG> (Thumb, 10 bytes, Stack size 0 bytes, startup_stm32u575xx.o(.text))
<BR><BR>[Called By]<UL><LI><a href="#[9b]">&gt;&gt;</a>&nbsp;&nbsp;&nbsp;__user_setup_stackheap
</UL>

<P><STRONG><a name="[13f]"></a>__use_no_semihosting</STRONG> (Thumb, 2 bytes, Stack size 0 bytes, use_no_semi_2.o(.text), UNUSED)

<P><STRONG><a name="[10c]"></a>__aeabi_uldivmod</STRONG> (Thumb, 0 bytes, Stack size 48 bytes, lludivv7m.o(.text))
<BR><BR>[Stack]<UL><LI>Max Depth = 48<LI>Call Chain = __aeabi_uldivmod
</UL>
<BR>[Called By]<UL><LI><a href="#[f9]">&gt;&gt;</a>&nbsp;&nbsp;&nbsp;UART_SetConfig
</UL>

<P><STRONG><a name="[140]"></a>_ll_udiv</STRONG> (Thumb, 240 bytes, Stack size 48 bytes, lludivv7m.o(.text), UNUSED)

<P><STRONG><a name="[a5]"></a>__2printf</STRONG> (Thumb, 20 bytes, Stack size 24 bytes, noretval__2printf.o(.text))
<BR><BR>[Stack]<UL><LI>Max Depth = 144 + Unknown Stack Size
<LI>Call Chain = __2printf &rArr; _printf_char_file &rArr; _printf_char_common &rArr; __printf
</UL>
<BR>[Calls]<UL><LI><a href="#[a6]">&gt;&gt;</a>&nbsp;&nbsp;&nbsp;_printf_char_file
</UL>
<BR>[Called By]<UL><LI><a href="#[f6]">&gt;&gt;</a>&nbsp;&nbsp;&nbsp;get_adxl355_fifo_data
<LI><a href="#[c7]">&gt;&gt;</a>&nbsp;&nbsp;&nbsp;ADXL355_Vibration_Config
<LI><a href="#[c2]">&gt;&gt;</a>&nbsp;&nbsp;&nbsp;ADXL355_Set_Range
</UL>

<P><STRONG><a name="[ae]"></a>_printf_pre_padding</STRONG> (Thumb, 44 bytes, Stack size 16 bytes, _printf_pad.o(.text))
<BR><BR>[Stack]<UL><LI>Max Depth = 16<LI>Call Chain = _printf_pre_padding
</UL>
<BR>[Called By]<UL><LI><a href="#[b8]">&gt;&gt;</a>&nbsp;&nbsp;&nbsp;_printf_fp_infnan
<LI><a href="#[b6]">&gt;&gt;</a>&nbsp;&nbsp;&nbsp;_printf_fp_dec_real
<LI><a href="#[a7]">&gt;&gt;</a>&nbsp;&nbsp;&nbsp;_printf_int_common
</UL>

<P><STRONG><a name="[af]"></a>_printf_post_padding</STRONG> (Thumb, 34 bytes, Stack size 16 bytes, _printf_pad.o(.text))
<BR><BR>[Stack]<UL><LI>Max Depth = 16<LI>Call Chain = _printf_post_padding
</UL>
<BR>[Called By]<UL><LI><a href="#[b8]">&gt;&gt;</a>&nbsp;&nbsp;&nbsp;_printf_fp_infnan
<LI><a href="#[b6]">&gt;&gt;</a>&nbsp;&nbsp;&nbsp;_printf_fp_dec_real
<LI><a href="#[a7]">&gt;&gt;</a>&nbsp;&nbsp;&nbsp;_printf_int_common
</UL>

<P><STRONG><a name="[93]"></a>_printf_int_hex</STRONG> (Thumb, 84 bytes, Stack size 16 bytes, _printf_hex_int.o(.text))
<BR><BR>[Stack]<UL><LI>Max Depth = 64<LI>Call Chain = _printf_int_hex &rArr; _printf_int_common &rArr; _printf_post_padding
</UL>
<BR>[Calls]<UL><LI><a href="#[a7]">&gt;&gt;</a>&nbsp;&nbsp;&nbsp;_printf_int_common
</UL>
<BR>[Called By]<UL><LI><a href="#[92]">&gt;&gt;</a>&nbsp;&nbsp;&nbsp;_printf_x
</UL>

<P><STRONG><a name="[141]"></a>_printf_longlong_hex</STRONG> (Thumb, 0 bytes, Stack size 16 bytes, _printf_hex_int.o(.text), UNUSED)

<P><STRONG><a name="[a8]"></a>__printf</STRONG> (Thumb, 388 bytes, Stack size 40 bytes, __printf_flags_ss_wp.o(.text))
<BR><BR>[Stack]<UL><LI>Max Depth = 40 + Unknown Stack Size
<LI>Call Chain = __printf
</UL>
<BR>[Calls]<UL><LI><a href="#[aa]">&gt;&gt;</a>&nbsp;&nbsp;&nbsp;_printf_percent
<LI><a href="#[a9]">&gt;&gt;</a>&nbsp;&nbsp;&nbsp;_is_digit
</UL>
<BR>[Called By]<UL><LI><a href="#[b9]">&gt;&gt;</a>&nbsp;&nbsp;&nbsp;_printf_char_common
</UL>

<P><STRONG><a name="[ab]"></a>puts</STRONG> (Thumb, 40 bytes, Stack size 8 bytes, puts.o(.text))
<BR><BR>[Stack]<UL><LI>Max Depth = 80<LI>Call Chain = puts &rArr; fputc &rArr; HAL_UART_Transmit &rArr; UART_WaitOnFlagUntilTimeout
</UL>
<BR>[Calls]<UL><LI><a href="#[86]">&gt;&gt;</a>&nbsp;&nbsp;&nbsp;fputc
</UL>
<BR>[Called By]<UL><LI><a href="#[cc]">&gt;&gt;</a>&nbsp;&nbsp;&nbsp;HAL_GPIO_EXTI_Falling_Callback
<LI><a href="#[c7]">&gt;&gt;</a>&nbsp;&nbsp;&nbsp;ADXL355_Vibration_Config
</UL>

<P><STRONG><a name="[101]"></a>__aeabi_memclr</STRONG> (Thumb, 0 bytes, Stack size unknown bytes, rt_memclr.o(.text))
<BR><BR>[Called By]<UL><LI><a href="#[100]">&gt;&gt;</a>&nbsp;&nbsp;&nbsp;MX_SPI1_Init
</UL>

<P><STRONG><a name="[142]"></a>__rt_memclr</STRONG> (Thumb, 0 bytes, Stack size unknown bytes, rt_memclr.o(.text), UNUSED)

<P><STRONG><a name="[ac]"></a>_memset</STRONG> (Thumb, 64 bytes, Stack size 0 bytes, rt_memclr.o(.text), UNUSED)
<BR><BR>[Calls]<UL><LI><a href="#[ad]">&gt;&gt;</a>&nbsp;&nbsp;&nbsp;_memset_w
</UL>

<P><STRONG><a name="[110]"></a>__aeabi_memclr4</STRONG> (Thumb, 0 bytes, Stack size unknown bytes, rt_memclr_w.o(.text))
<BR><BR>[Called By]<UL><LI><a href="#[9f]">&gt;&gt;</a>&nbsp;&nbsp;&nbsp;main
</UL>

<P><STRONG><a name="[ef]"></a>__aeabi_memclr8</STRONG> (Thumb, 0 bytes, Stack size unknown bytes, rt_memclr_w.o(.text))
<BR><BR>[Called By]<UL><LI><a href="#[f8]">&gt;&gt;</a>&nbsp;&nbsp;&nbsp;HAL_UART_MspInit
<LI><a href="#[ee]">&gt;&gt;</a>&nbsp;&nbsp;&nbsp;HAL_SPI_MspInit
</UL>

<P><STRONG><a name="[143]"></a>__rt_memclr_w</STRONG> (Thumb, 0 bytes, Stack size unknown bytes, rt_memclr_w.o(.text), UNUSED)

<P><STRONG><a name="[ad]"></a>_memset_w</STRONG> (Thumb, 74 bytes, Stack size 4 bytes, rt_memclr_w.o(.text), UNUSED)
<BR><BR>[Called By]<UL><LI><a href="#[ac]">&gt;&gt;</a>&nbsp;&nbsp;&nbsp;_memset
</UL>

<P><STRONG><a name="[144]"></a>__use_two_region_memory</STRONG> (Thumb, 2 bytes, Stack size 0 bytes, heapauxi.o(.text), UNUSED)

<P><STRONG><a name="[145]"></a>__rt_heap_escrow$2region</STRONG> (Thumb, 2 bytes, Stack size 0 bytes, heapauxi.o(.text), UNUSED)

<P><STRONG><a name="[146]"></a>__rt_heap_expand$2region</STRONG> (Thumb, 2 bytes, Stack size 0 bytes, heapauxi.o(.text), UNUSED)

<P><STRONG><a name="[147]"></a>__I$use$semihosting</STRONG> (Thumb, 0 bytes, Stack size 0 bytes, use_no_semi.o(.text), UNUSED)

<P><STRONG><a name="[148]"></a>__use_no_semihosting_swi</STRONG> (Thumb, 2 bytes, Stack size 0 bytes, use_no_semi.o(.text), UNUSED)

<P><STRONG><a name="[a7]"></a>_printf_int_common</STRONG> (Thumb, 178 bytes, Stack size 32 bytes, _printf_intcommon.o(.text))
<BR><BR>[Stack]<UL><LI>Max Depth = 48<LI>Call Chain = _printf_int_common &rArr; _printf_post_padding
</UL>
<BR>[Calls]<UL><LI><a href="#[af]">&gt;&gt;</a>&nbsp;&nbsp;&nbsp;_printf_post_padding
<LI><a href="#[ae]">&gt;&gt;</a>&nbsp;&nbsp;&nbsp;_printf_pre_padding
</UL>
<BR>[Called By]<UL><LI><a href="#[93]">&gt;&gt;</a>&nbsp;&nbsp;&nbsp;_printf_int_hex
</UL>

<P><STRONG><a name="[b6]"></a>_printf_fp_dec_real</STRONG> (Thumb, 620 bytes, Stack size 104 bytes, _printf_fp_dec.o(.text))
<BR><BR>[Stack]<UL><LI>Max Depth = 324<LI>Call Chain = _printf_fp_dec_real &rArr; _fp_digits &rArr; _btod_etento &rArr; _btod_emul &rArr; _e2e
</UL>
<BR>[Calls]<UL><LI><a href="#[b7]">&gt;&gt;</a>&nbsp;&nbsp;&nbsp;__ARM_fpclassify
<LI><a href="#[b8]">&gt;&gt;</a>&nbsp;&nbsp;&nbsp;_printf_fp_infnan
<LI><a href="#[97]">&gt;&gt;</a>&nbsp;&nbsp;&nbsp;__rt_locale
<LI><a href="#[b0]">&gt;&gt;</a>&nbsp;&nbsp;&nbsp;_fp_digits
<LI><a href="#[af]">&gt;&gt;</a>&nbsp;&nbsp;&nbsp;_printf_post_padding
<LI><a href="#[ae]">&gt;&gt;</a>&nbsp;&nbsp;&nbsp;_printf_pre_padding
</UL>
<BR>[Called By]<UL><LI><a href="#[91]">&gt;&gt;</a>&nbsp;&nbsp;&nbsp;_printf_fp_dec
</UL>

<P><STRONG><a name="[a6]"></a>_printf_char_file</STRONG> (Thumb, 32 bytes, Stack size 16 bytes, _printf_char_file.o(.text))
<BR><BR>[Stack]<UL><LI>Max Depth = 120 + Unknown Stack Size
<LI>Call Chain = _printf_char_file &rArr; _printf_char_common &rArr; __printf
</UL>
<BR>[Calls]<UL><LI><a href="#[ba]">&gt;&gt;</a>&nbsp;&nbsp;&nbsp;ferror
<LI><a href="#[b9]">&gt;&gt;</a>&nbsp;&nbsp;&nbsp;_printf_char_common
</UL>
<BR>[Called By]<UL><LI><a href="#[a5]">&gt;&gt;</a>&nbsp;&nbsp;&nbsp;__2printf
</UL>

<P><STRONG><a name="[97]"></a>__rt_locale</STRONG> (Thumb, 8 bytes, Stack size 0 bytes, rt_locale_intlibspace.o(.text))
<BR><BR>[Called By]<UL><LI><a href="#[96]">&gt;&gt;</a>&nbsp;&nbsp;&nbsp;__rt_lib_init_lc_common
<LI><a href="#[b6]">&gt;&gt;</a>&nbsp;&nbsp;&nbsp;_printf_fp_dec_real
</UL>

<P><STRONG><a name="[b5]"></a>_ll_udiv10</STRONG> (Thumb, 138 bytes, Stack size 12 bytes, lludiv10.o(.text))
<BR><BR>[Stack]<UL><LI>Max Depth = 12<LI>Call Chain = _ll_udiv10
</UL>
<BR>[Called By]<UL><LI><a href="#[b0]">&gt;&gt;</a>&nbsp;&nbsp;&nbsp;_fp_digits
</UL>

<P><STRONG><a name="[b9]"></a>_printf_char_common</STRONG> (Thumb, 32 bytes, Stack size 64 bytes, _printf_char_common.o(.text))
<BR><BR>[Stack]<UL><LI>Max Depth = 104 + Unknown Stack Size
<LI>Call Chain = _printf_char_common &rArr; __printf
</UL>
<BR>[Calls]<UL><LI><a href="#[a8]">&gt;&gt;</a>&nbsp;&nbsp;&nbsp;__printf
</UL>
<BR>[Called By]<UL><LI><a href="#[a6]">&gt;&gt;</a>&nbsp;&nbsp;&nbsp;_printf_char_file
</UL>

<P><STRONG><a name="[b8]"></a>_printf_fp_infnan</STRONG> (Thumb, 112 bytes, Stack size 24 bytes, _printf_fp_infnan.o(.text))
<BR><BR>[Stack]<UL><LI>Max Depth = 40<LI>Call Chain = _printf_fp_infnan &rArr; _printf_post_padding
</UL>
<BR>[Calls]<UL><LI><a href="#[af]">&gt;&gt;</a>&nbsp;&nbsp;&nbsp;_printf_post_padding
<LI><a href="#[ae]">&gt;&gt;</a>&nbsp;&nbsp;&nbsp;_printf_pre_padding
</UL>
<BR>[Called By]<UL><LI><a href="#[b6]">&gt;&gt;</a>&nbsp;&nbsp;&nbsp;_printf_fp_dec_real
</UL>

<P><STRONG><a name="[b1]"></a>_btod_etento</STRONG> (Thumb, 224 bytes, Stack size 72 bytes, bigflt0.o(.text))
<BR><BR>[Stack]<UL><LI>Max Depth = 124<LI>Call Chain = _btod_etento &rArr; _btod_emul &rArr; _e2e
</UL>
<BR>[Calls]<UL><LI><a href="#[b4]">&gt;&gt;</a>&nbsp;&nbsp;&nbsp;_btod_emul
<LI><a href="#[b3]">&gt;&gt;</a>&nbsp;&nbsp;&nbsp;_btod_ediv
</UL>
<BR>[Called By]<UL><LI><a href="#[b0]">&gt;&gt;</a>&nbsp;&nbsp;&nbsp;_fp_digits
</UL>

<P><STRONG><a name="[ba]"></a>ferror</STRONG> (Thumb, 8 bytes, Stack size 0 bytes, ferror.o(.text))
<BR><BR>[Called By]<UL><LI><a href="#[a6]">&gt;&gt;</a>&nbsp;&nbsp;&nbsp;_printf_char_file
</UL>

<P><STRONG><a name="[149]"></a>__user_libspace</STRONG> (Thumb, 8 bytes, Stack size 0 bytes, libspace.o(.text), UNUSED)

<P><STRONG><a name="[bb]"></a>__user_perproc_libspace</STRONG> (Thumb, 0 bytes, Stack size 0 bytes, libspace.o(.text))
<BR><BR>[Called By]<UL><LI><a href="#[9b]">&gt;&gt;</a>&nbsp;&nbsp;&nbsp;__user_setup_stackheap
</UL>

<P><STRONG><a name="[14a]"></a>__user_perthread_libspace</STRONG> (Thumb, 0 bytes, Stack size 0 bytes, libspace.o(.text), UNUSED)

<P><STRONG><a name="[9b]"></a>__user_setup_stackheap</STRONG> (Thumb, 74 bytes, Stack size 8 bytes, sys_stackheap_outer.o(.text))
<BR><BR>[Stack]<UL><LI>Max Depth = 8<LI>Call Chain = __user_setup_stackheap
</UL>
<BR>[Calls]<UL><LI><a href="#[bc]">&gt;&gt;</a>&nbsp;&nbsp;&nbsp;__user_initial_stackheap
<LI><a href="#[bb]">&gt;&gt;</a>&nbsp;&nbsp;&nbsp;__user_perproc_libspace
</UL>
<BR>[Called By]<UL><LI><a href="#[9a]">&gt;&gt;</a>&nbsp;&nbsp;&nbsp;__rt_entry_sh
</UL>

<P><STRONG><a name="[a0]"></a>exit</STRONG> (Thumb, 18 bytes, Stack size 8 bytes, exit.o(.text))
<BR><BR>[Stack]<UL><LI>Max Depth = 8 + Unknown Stack Size
<LI>Call Chain = exit
</UL>
<BR>[Calls]<UL><LI><a href="#[bd]">&gt;&gt;</a>&nbsp;&nbsp;&nbsp;__rt_exit
</UL>
<BR>[Called By]<UL><LI><a href="#[9e]">&gt;&gt;</a>&nbsp;&nbsp;&nbsp;__rt_entry_main
</UL>

<P><STRONG><a name="[118]"></a>strcmp</STRONG> (Thumb, 124 bytes, Stack size 8 bytes, strcmpv8m_maindsp.o(.text))
<BR><BR>[Stack]<UL><LI>Max Depth = 8<LI>Call Chain = strcmp
</UL>
<BR>[Called By]<UL><LI><a href="#[99]">&gt;&gt;</a>&nbsp;&nbsp;&nbsp;_get_lc_numeric
</UL>

<P><STRONG><a name="[10d]"></a>ADXL355_Acceleration_Data_Conversion</STRONG> (Thumb, 34 bytes, Stack size 4 bytes, adxl355.o(.text.ADXL355_Acceleration_Data_Conversion))
<BR><BR>[Stack]<UL><LI>Max Depth = 4<LI>Call Chain = ADXL355_Acceleration_Data_Conversion
</UL>
<BR>[Called By]<UL><LI><a href="#[f6]">&gt;&gt;</a>&nbsp;&nbsp;&nbsp;get_adxl355_fifo_data
</UL>

<P><STRONG><a name="[be]"></a>ADXL355_Set_HPF_Conner</STRONG> (Thumb, 180 bytes, Stack size 24 bytes, adxl355.o(.text.ADXL355_Set_HPF_Conner))
<BR><BR>[Stack]<UL><LI>Max Depth = 56<LI>Call Chain = ADXL355_Set_HPF_Conner &rArr; HAL_SPI_Transmit
</UL>
<BR>[Calls]<UL><LI><a href="#[bf]">&gt;&gt;</a>&nbsp;&nbsp;&nbsp;HAL_GPIO_WritePin
<LI><a href="#[c0]">&gt;&gt;</a>&nbsp;&nbsp;&nbsp;HAL_SPI_Transmit
<LI><a href="#[c1]">&gt;&gt;</a>&nbsp;&nbsp;&nbsp;HAL_SPI_Receive
</UL>
<BR>[Called By]<UL><LI><a href="#[c7]">&gt;&gt;</a>&nbsp;&nbsp;&nbsp;ADXL355_Vibration_Config
</UL>

<P><STRONG><a name="[c2]"></a>ADXL355_Set_Range</STRONG> (Thumb, 216 bytes, Stack size 24 bytes, adxl355.o(.text.ADXL355_Set_Range))
<BR><BR>[Stack]<UL><LI>Max Depth = 168 + Unknown Stack Size
<LI>Call Chain = ADXL355_Set_Range &rArr; __2printf &rArr; _printf_char_file &rArr; _printf_char_common &rArr; __printf
</UL>
<BR>[Calls]<UL><LI><a href="#[bf]">&gt;&gt;</a>&nbsp;&nbsp;&nbsp;HAL_GPIO_WritePin
<LI><a href="#[a5]">&gt;&gt;</a>&nbsp;&nbsp;&nbsp;__2printf
<LI><a href="#[c0]">&gt;&gt;</a>&nbsp;&nbsp;&nbsp;HAL_SPI_Transmit
<LI><a href="#[c1]">&gt;&gt;</a>&nbsp;&nbsp;&nbsp;HAL_SPI_Receive
</UL>
<BR>[Called By]<UL><LI><a href="#[c7]">&gt;&gt;</a>&nbsp;&nbsp;&nbsp;ADXL355_Vibration_Config
</UL>

<P><STRONG><a name="[c3]"></a>ADXL355_Set_Samples</STRONG> (Thumb, 186 bytes, Stack size 24 bytes, adxl355.o(.text.ADXL355_Set_Samples))
<BR><BR>[Stack]<UL><LI>Max Depth = 56<LI>Call Chain = ADXL355_Set_Samples &rArr; HAL_SPI_Transmit
</UL>
<BR>[Calls]<UL><LI><a href="#[bf]">&gt;&gt;</a>&nbsp;&nbsp;&nbsp;HAL_GPIO_WritePin
<LI><a href="#[c4]">&gt;&gt;</a>&nbsp;&nbsp;&nbsp;HAL_Delay
<LI><a href="#[c0]">&gt;&gt;</a>&nbsp;&nbsp;&nbsp;HAL_SPI_Transmit
<LI><a href="#[c1]">&gt;&gt;</a>&nbsp;&nbsp;&nbsp;HAL_SPI_Receive
</UL>
<BR>[Called By]<UL><LI><a href="#[c7]">&gt;&gt;</a>&nbsp;&nbsp;&nbsp;ADXL355_Vibration_Config
</UL>

<P><STRONG><a name="[c5]"></a>ADXL355_Start_Sensor</STRONG> (Thumb, 174 bytes, Stack size 24 bytes, adxl355.o(.text.ADXL355_Start_Sensor))
<BR><BR>[Stack]<UL><LI>Max Depth = 56<LI>Call Chain = ADXL355_Start_Sensor &rArr; HAL_SPI_Transmit
</UL>
<BR>[Calls]<UL><LI><a href="#[bf]">&gt;&gt;</a>&nbsp;&nbsp;&nbsp;HAL_GPIO_WritePin
<LI><a href="#[c0]">&gt;&gt;</a>&nbsp;&nbsp;&nbsp;HAL_SPI_Transmit
<LI><a href="#[c1]">&gt;&gt;</a>&nbsp;&nbsp;&nbsp;HAL_SPI_Receive
</UL>
<BR>[Called By]<UL><LI><a href="#[c7]">&gt;&gt;</a>&nbsp;&nbsp;&nbsp;ADXL355_Vibration_Config
</UL>

<P><STRONG><a name="[c6]"></a>ADXL355_Stop_Sensor</STRONG> (Thumb, 174 bytes, Stack size 24 bytes, adxl355.o(.text.ADXL355_Stop_Sensor))
<BR><BR>[Stack]<UL><LI>Max Depth = 56<LI>Call Chain = ADXL355_Stop_Sensor &rArr; HAL_SPI_Transmit
</UL>
<BR>[Calls]<UL><LI><a href="#[bf]">&gt;&gt;</a>&nbsp;&nbsp;&nbsp;HAL_GPIO_WritePin
<LI><a href="#[c0]">&gt;&gt;</a>&nbsp;&nbsp;&nbsp;HAL_SPI_Transmit
<LI><a href="#[c1]">&gt;&gt;</a>&nbsp;&nbsp;&nbsp;HAL_SPI_Receive
</UL>
<BR>[Called By]<UL><LI><a href="#[c7]">&gt;&gt;</a>&nbsp;&nbsp;&nbsp;ADXL355_Vibration_Config
</UL>

<P><STRONG><a name="[c7]"></a>ADXL355_Vibration_Config</STRONG> (Thumb, 984 bytes, Stack size 24 bytes, adxl355.o(.text.ADXL355_Vibration_Config))
<BR><BR>[Stack]<UL><LI>Max Depth = 192 + Unknown Stack Size
<LI>Call Chain = ADXL355_Vibration_Config &rArr; ADXL355_Set_Range &rArr; __2printf &rArr; _printf_char_file &rArr; _printf_char_common &rArr; __printf
</UL>
<BR>[Calls]<UL><LI><a href="#[bf]">&gt;&gt;</a>&nbsp;&nbsp;&nbsp;HAL_GPIO_WritePin
<LI><a href="#[c4]">&gt;&gt;</a>&nbsp;&nbsp;&nbsp;HAL_Delay
<LI><a href="#[ab]">&gt;&gt;</a>&nbsp;&nbsp;&nbsp;puts
<LI><a href="#[a5]">&gt;&gt;</a>&nbsp;&nbsp;&nbsp;__2printf
<LI><a href="#[c6]">&gt;&gt;</a>&nbsp;&nbsp;&nbsp;ADXL355_Stop_Sensor
<LI><a href="#[c5]">&gt;&gt;</a>&nbsp;&nbsp;&nbsp;ADXL355_Start_Sensor
<LI><a href="#[c3]">&gt;&gt;</a>&nbsp;&nbsp;&nbsp;ADXL355_Set_Samples
<LI><a href="#[c2]">&gt;&gt;</a>&nbsp;&nbsp;&nbsp;ADXL355_Set_Range
<LI><a href="#[be]">&gt;&gt;</a>&nbsp;&nbsp;&nbsp;ADXL355_Set_HPF_Conner
<LI><a href="#[c0]">&gt;&gt;</a>&nbsp;&nbsp;&nbsp;HAL_SPI_Transmit
<LI><a href="#[c1]">&gt;&gt;</a>&nbsp;&nbsp;&nbsp;HAL_SPI_Receive
</UL>
<BR>[Called By]<UL><LI><a href="#[9f]">&gt;&gt;</a>&nbsp;&nbsp;&nbsp;main
</UL>

<P><STRONG><a name="[4]"></a>BusFault_Handler</STRONG> (Thumb, 2 bytes, Stack size 0 bytes, stm32u5xx_it.o(.text.BusFault_Handler))
<BR><BR>[Calls]<UL><LI><a href="#[4]">&gt;&gt;</a>&nbsp;&nbsp;&nbsp;BusFault_Handler
</UL>
<BR>[Called By]<UL><LI><a href="#[4]">&gt;&gt;</a>&nbsp;&nbsp;&nbsp;BusFault_Handler
</UL>
<BR>[Address Reference Count : 1]<UL><LI> startup_stm32u575xx.o(RESET)
</UL>
<P><STRONG><a name="[8]"></a>DebugMon_Handler</STRONG> (Thumb, 2 bytes, Stack size 0 bytes, stm32u5xx_it.o(.text.DebugMon_Handler))
<BR>[Address Reference Count : 1]<UL><LI> startup_stm32u575xx.o(RESET)
</UL>
<P><STRONG><a name="[1d]"></a>EXTI7_IRQHandler</STRONG> (Thumb, 6 bytes, Stack size 0 bytes, stm32u5xx_it.o(.text.EXTI7_IRQHandler))
<BR><BR>[Stack]<UL><LI>Max Depth = 112<LI>Call Chain = EXTI7_IRQHandler &rArr; HAL_GPIO_EXTI_IRQHandler &rArr; HAL_GPIO_EXTI_Falling_Callback &rArr; puts &rArr; fputc &rArr; HAL_UART_Transmit &rArr; UART_WaitOnFlagUntilTimeout
</UL>
<BR>[Calls]<UL><LI><a href="#[c8]">&gt;&gt;</a>&nbsp;&nbsp;&nbsp;HAL_GPIO_EXTI_IRQHandler
</UL>
<BR>[Address Reference Count : 1]<UL><LI> startup_stm32u575xx.o(RESET)
</UL>
<P><STRONG><a name="[f0]"></a>Error_Handler</STRONG> (Thumb, 10 bytes, Stack size 0 bytes, main.o(.text.Error_Handler))
<BR><BR>[Called By]<UL><LI><a href="#[f8]">&gt;&gt;</a>&nbsp;&nbsp;&nbsp;HAL_UART_MspInit
<LI><a href="#[ee]">&gt;&gt;</a>&nbsp;&nbsp;&nbsp;HAL_SPI_MspInit
<LI><a href="#[103]">&gt;&gt;</a>&nbsp;&nbsp;&nbsp;MX_USART3_UART_Init
<LI><a href="#[100]">&gt;&gt;</a>&nbsp;&nbsp;&nbsp;MX_SPI1_Init
</UL>

<P><STRONG><a name="[27]"></a>GPDMA1_Channel0_IRQHandler</STRONG> (Thumb, 12 bytes, Stack size 0 bytes, stm32u5xx_it.o(.text.GPDMA1_Channel0_IRQHandler))
<BR><BR>[Stack]<UL><LI>Max Depth = 8<LI>Call Chain = GPDMA1_Channel0_IRQHandler &rArr; HAL_DMA_IRQHandler
</UL>
<BR>[Calls]<UL><LI><a href="#[c9]">&gt;&gt;</a>&nbsp;&nbsp;&nbsp;HAL_DMA_IRQHandler
</UL>
<BR>[Address Reference Count : 1]<UL><LI> startup_stm32u575xx.o(RESET)
</UL>
<P><STRONG><a name="[28]"></a>GPDMA1_Channel1_IRQHandler</STRONG> (Thumb, 12 bytes, Stack size 0 bytes, stm32u5xx_it.o(.text.GPDMA1_Channel1_IRQHandler))
<BR><BR>[Stack]<UL><LI>Max Depth = 8<LI>Call Chain = GPDMA1_Channel1_IRQHandler &rArr; HAL_DMA_IRQHandler
</UL>
<BR>[Calls]<UL><LI><a href="#[c9]">&gt;&gt;</a>&nbsp;&nbsp;&nbsp;HAL_DMA_IRQHandler
</UL>
<BR>[Address Reference Count : 1]<UL><LI> startup_stm32u575xx.o(RESET)
</UL>
<P><STRONG><a name="[f5]"></a>HAL_DMAEx_List_Start_IT</STRONG> (Thumb, 200 bytes, Stack size 8 bytes, stm32u5xx_hal_dma_ex.o(.text.HAL_DMAEx_List_Start_IT))
<BR><BR>[Stack]<UL><LI>Max Depth = 8<LI>Call Chain = HAL_DMAEx_List_Start_IT
</UL>
<BR>[Called By]<UL><LI><a href="#[ce]">&gt;&gt;</a>&nbsp;&nbsp;&nbsp;HAL_SPI_TransmitReceive_DMA
</UL>

<P><STRONG><a name="[ea]"></a>HAL_DMA_Abort_IT</STRONG> (Thumb, 48 bytes, Stack size 0 bytes, stm32u5xx_hal_dma.o(.text.HAL_DMA_Abort_IT))
<BR><BR>[Called By]<UL><LI><a href="#[e6]">&gt;&gt;</a>&nbsp;&nbsp;&nbsp;HAL_SPI_IRQHandler
</UL>

<P><STRONG><a name="[f2]"></a>HAL_DMA_ConfigChannelAttributes</STRONG> (Thumb, 72 bytes, Stack size 0 bytes, stm32u5xx_hal_dma.o(.text.HAL_DMA_ConfigChannelAttributes))
<BR><BR>[Called By]<UL><LI><a href="#[ee]">&gt;&gt;</a>&nbsp;&nbsp;&nbsp;HAL_SPI_MspInit
</UL>

<P><STRONG><a name="[109]"></a>HAL_DMA_GetError</STRONG> (Thumb, 4 bytes, Stack size 0 bytes, stm32u5xx_hal_dma.o(.text.HAL_DMA_GetError))
<BR><BR>[Called By]<UL><LI><a href="#[8b]">&gt;&gt;</a>&nbsp;&nbsp;&nbsp;SPI_DMAError
</UL>

<P><STRONG><a name="[c9]"></a>HAL_DMA_IRQHandler</STRONG> (Thumb, 454 bytes, Stack size 8 bytes, stm32u5xx_hal_dma.o(.text.HAL_DMA_IRQHandler))
<BR><BR>[Stack]<UL><LI>Max Depth = 8<LI>Call Chain = HAL_DMA_IRQHandler
</UL>
<BR>[Called By]<UL><LI><a href="#[28]">&gt;&gt;</a>&nbsp;&nbsp;&nbsp;GPDMA1_Channel1_IRQHandler
<LI><a href="#[27]">&gt;&gt;</a>&nbsp;&nbsp;&nbsp;GPDMA1_Channel0_IRQHandler
</UL>

<P><STRONG><a name="[ca]"></a>HAL_DMA_Init</STRONG> (Thumb, 1426 bytes, Stack size 16 bytes, stm32u5xx_hal_dma.o(.text.HAL_DMA_Init))
<BR><BR>[Stack]<UL><LI>Max Depth = 16<LI>Call Chain = HAL_DMA_Init
</UL>
<BR>[Calls]<UL><LI><a href="#[cb]">&gt;&gt;</a>&nbsp;&nbsp;&nbsp;HAL_GetTick
</UL>
<BR>[Called By]<UL><LI><a href="#[ee]">&gt;&gt;</a>&nbsp;&nbsp;&nbsp;HAL_SPI_MspInit
</UL>

<P><STRONG><a name="[f4]"></a>HAL_DMA_Start_IT</STRONG> (Thumb, 166 bytes, Stack size 8 bytes, stm32u5xx_hal_dma.o(.text.HAL_DMA_Start_IT))
<BR><BR>[Stack]<UL><LI>Max Depth = 8<LI>Call Chain = HAL_DMA_Start_IT
</UL>
<BR>[Called By]<UL><LI><a href="#[ce]">&gt;&gt;</a>&nbsp;&nbsp;&nbsp;HAL_SPI_TransmitReceive_DMA
</UL>

<P><STRONG><a name="[c4]"></a>HAL_Delay</STRONG> (Thumb, 40 bytes, Stack size 16 bytes, stm32u5xx_hal.o(.text.HAL_Delay))
<BR><BR>[Stack]<UL><LI>Max Depth = 16<LI>Call Chain = HAL_Delay
</UL>
<BR>[Calls]<UL><LI><a href="#[cb]">&gt;&gt;</a>&nbsp;&nbsp;&nbsp;HAL_GetTick
</UL>
<BR>[Called By]<UL><LI><a href="#[9f]">&gt;&gt;</a>&nbsp;&nbsp;&nbsp;main
<LI><a href="#[c7]">&gt;&gt;</a>&nbsp;&nbsp;&nbsp;ADXL355_Vibration_Config
<LI><a href="#[c3]">&gt;&gt;</a>&nbsp;&nbsp;&nbsp;ADXL355_Set_Samples
</UL>

<P><STRONG><a name="[cc]"></a>HAL_GPIO_EXTI_Falling_Callback</STRONG> (Thumb, 124 bytes, Stack size 16 bytes, spi.o(.text.HAL_GPIO_EXTI_Falling_Callback))
<BR><BR>[Stack]<UL><LI>Max Depth = 96<LI>Call Chain = HAL_GPIO_EXTI_Falling_Callback &rArr; puts &rArr; fputc &rArr; HAL_UART_Transmit &rArr; UART_WaitOnFlagUntilTimeout
</UL>
<BR>[Calls]<UL><LI><a href="#[ce]">&gt;&gt;</a>&nbsp;&nbsp;&nbsp;HAL_SPI_TransmitReceive_DMA
<LI><a href="#[cd]">&gt;&gt;</a>&nbsp;&nbsp;&nbsp;HAL_SPI_GetState
<LI><a href="#[bf]">&gt;&gt;</a>&nbsp;&nbsp;&nbsp;HAL_GPIO_WritePin
<LI><a href="#[ab]">&gt;&gt;</a>&nbsp;&nbsp;&nbsp;puts
</UL>
<BR>[Called By]<UL><LI><a href="#[c8]">&gt;&gt;</a>&nbsp;&nbsp;&nbsp;HAL_GPIO_EXTI_IRQHandler
</UL>

<P><STRONG><a name="[c8]"></a>HAL_GPIO_EXTI_IRQHandler</STRONG> (Thumb, 46 bytes, Stack size 16 bytes, stm32u5xx_hal_gpio.o(.text.HAL_GPIO_EXTI_IRQHandler))
<BR><BR>[Stack]<UL><LI>Max Depth = 112<LI>Call Chain = HAL_GPIO_EXTI_IRQHandler &rArr; HAL_GPIO_EXTI_Falling_Callback &rArr; puts &rArr; fputc &rArr; HAL_UART_Transmit &rArr; UART_WaitOnFlagUntilTimeout
</UL>
<BR>[Calls]<UL><LI><a href="#[cf]">&gt;&gt;</a>&nbsp;&nbsp;&nbsp;HAL_GPIO_EXTI_Rising_Callback
<LI><a href="#[cc]">&gt;&gt;</a>&nbsp;&nbsp;&nbsp;HAL_GPIO_EXTI_Falling_Callback
</UL>
<BR>[Called By]<UL><LI><a href="#[1d]">&gt;&gt;</a>&nbsp;&nbsp;&nbsp;EXTI7_IRQHandler
</UL>

<P><STRONG><a name="[cf]"></a>HAL_GPIO_EXTI_Rising_Callback</STRONG> (Thumb, 2 bytes, Stack size 0 bytes, stm32u5xx_hal_gpio.o(.text.HAL_GPIO_EXTI_Rising_Callback))
<BR><BR>[Called By]<UL><LI><a href="#[c8]">&gt;&gt;</a>&nbsp;&nbsp;&nbsp;HAL_GPIO_EXTI_IRQHandler
</UL>

<P><STRONG><a name="[f1]"></a>HAL_GPIO_Init</STRONG> (Thumb, 538 bytes, Stack size 40 bytes, stm32u5xx_hal_gpio.o(.text.HAL_GPIO_Init))
<BR><BR>[Stack]<UL><LI>Max Depth = 40<LI>Call Chain = HAL_GPIO_Init
</UL>
<BR>[Called By]<UL><LI><a href="#[f8]">&gt;&gt;</a>&nbsp;&nbsp;&nbsp;HAL_UART_MspInit
<LI><a href="#[ee]">&gt;&gt;</a>&nbsp;&nbsp;&nbsp;HAL_SPI_MspInit
<LI><a href="#[ff]">&gt;&gt;</a>&nbsp;&nbsp;&nbsp;MX_GPIO_Init
</UL>

<P><STRONG><a name="[bf]"></a>HAL_GPIO_WritePin</STRONG> (Thumb, 12 bytes, Stack size 0 bytes, stm32u5xx_hal_gpio.o(.text.HAL_GPIO_WritePin))
<BR><BR>[Called By]<UL><LI><a href="#[e9]">&gt;&gt;</a>&nbsp;&nbsp;&nbsp;HAL_SPI_TxRxCpltCallback
<LI><a href="#[e5]">&gt;&gt;</a>&nbsp;&nbsp;&nbsp;HAL_SPI_ErrorCallback
<LI><a href="#[cc]">&gt;&gt;</a>&nbsp;&nbsp;&nbsp;HAL_GPIO_EXTI_Falling_Callback
<LI><a href="#[9f]">&gt;&gt;</a>&nbsp;&nbsp;&nbsp;main
<LI><a href="#[108]">&gt;&gt;</a>&nbsp;&nbsp;&nbsp;SPI_ADXL355_Read_n_Bytes
<LI><a href="#[107]">&gt;&gt;</a>&nbsp;&nbsp;&nbsp;SPI_ADXL355_Read_Byte
<LI><a href="#[ff]">&gt;&gt;</a>&nbsp;&nbsp;&nbsp;MX_GPIO_Init
<LI><a href="#[c7]">&gt;&gt;</a>&nbsp;&nbsp;&nbsp;ADXL355_Vibration_Config
<LI><a href="#[c6]">&gt;&gt;</a>&nbsp;&nbsp;&nbsp;ADXL355_Stop_Sensor
<LI><a href="#[c5]">&gt;&gt;</a>&nbsp;&nbsp;&nbsp;ADXL355_Start_Sensor
<LI><a href="#[c3]">&gt;&gt;</a>&nbsp;&nbsp;&nbsp;ADXL355_Set_Samples
<LI><a href="#[c2]">&gt;&gt;</a>&nbsp;&nbsp;&nbsp;ADXL355_Set_Range
<LI><a href="#[be]">&gt;&gt;</a>&nbsp;&nbsp;&nbsp;ADXL355_Set_HPF_Conner
</UL>

<P><STRONG><a name="[cb]"></a>HAL_GetTick</STRONG> (Thumb, 12 bytes, Stack size 0 bytes, stm32u5xx_hal.o(.text.HAL_GetTick))
<BR><BR>[Called By]<UL><LI><a href="#[e1]">&gt;&gt;</a>&nbsp;&nbsp;&nbsp;RCCEx_PLL3_Config
<LI><a href="#[e0]">&gt;&gt;</a>&nbsp;&nbsp;&nbsp;RCCEx_PLL2_Config
<LI><a href="#[fc]">&gt;&gt;</a>&nbsp;&nbsp;&nbsp;HAL_UART_Transmit
<LI><a href="#[df]">&gt;&gt;</a>&nbsp;&nbsp;&nbsp;HAL_RCCEx_PeriphCLKConfig
<LI><a href="#[ca]">&gt;&gt;</a>&nbsp;&nbsp;&nbsp;HAL_DMA_Init
<LI><a href="#[e3]">&gt;&gt;</a>&nbsp;&nbsp;&nbsp;HAL_RCC_OscConfig
<LI><a href="#[e2]">&gt;&gt;</a>&nbsp;&nbsp;&nbsp;HAL_RCC_ClockConfig
<LI><a href="#[c4]">&gt;&gt;</a>&nbsp;&nbsp;&nbsp;HAL_Delay
<LI><a href="#[fd]">&gt;&gt;</a>&nbsp;&nbsp;&nbsp;UART_WaitOnFlagUntilTimeout
<LI><a href="#[fb]">&gt;&gt;</a>&nbsp;&nbsp;&nbsp;UART_CheckIdleState
<LI><a href="#[c0]">&gt;&gt;</a>&nbsp;&nbsp;&nbsp;HAL_SPI_Transmit
<LI><a href="#[c1]">&gt;&gt;</a>&nbsp;&nbsp;&nbsp;HAL_SPI_Receive
</UL>

<P><STRONG><a name="[10b]"></a>HAL_IncTick</STRONG> (Thumb, 26 bytes, Stack size 0 bytes, stm32u5xx_hal.o(.text.HAL_IncTick))
<BR><BR>[Called By]<UL><LI><a href="#[a]">&gt;&gt;</a>&nbsp;&nbsp;&nbsp;SysTick_Handler
</UL>

<P><STRONG><a name="[d0]"></a>HAL_Init</STRONG> (Thumb, 86 bytes, Stack size 8 bytes, stm32u5xx_hal.o(.text.HAL_Init))
[...]
<BR><BR>[Stack]<UL><LI>Max Depth = 352 + Unknown Stack Size
<LI>Call Chain = MX_SPI1_Init &rArr; HAL_SPI_Init &rArr; HAL_SPI_MspInit &rArr; HAL_RCCEx_PeriphCLKConfig &rArr; RCCEx_PLL3_Config
</UL>
<BR>[Calls]<UL><LI><a href="#[ed]">&gt;&gt;</a>&nbsp;&nbsp;&nbsp;HAL_SPI_Init
<LI><a href="#[102]">&gt;&gt;</a>&nbsp;&nbsp;&nbsp;HAL_SPIEx_SetConfigAutonomousMode
<LI><a href="#[f0]">&gt;&gt;</a>&nbsp;&nbsp;&nbsp;Error_Handler
<LI><a href="#[101]">&gt;&gt;</a>&nbsp;&nbsp;&nbsp;__aeabi_memclr
</UL>
<BR>[Called By]<UL><LI><a href="#[9f]">&gt;&gt;</a>&nbsp;&nbsp;&nbsp;main
</UL>

<P><STRONG><a name="[103]"></a>MX_USART3_UART_Init</STRONG> (Thumb, 136 bytes, Stack size 8 bytes, usart.o(.text.MX_USART3_UART_Init))
<BR><BR>[Stack]<UL><LI>Max Depth = 320 + Unknown Stack Size
<LI>Call Chain = MX_USART3_UART_Init &rArr; HAL_UART_Init &rArr; HAL_UART_MspInit &rArr; HAL_RCCEx_PeriphCLKConfig &rArr; RCCEx_PLL3_Config
</UL>
<BR>[Calls]<UL><LI><a href="#[f7]">&gt;&gt;</a>&nbsp;&nbsp;&nbsp;HAL_UART_Init
<LI><a href="#[104]">&gt;&gt;</a>&nbsp;&nbsp;&nbsp;HAL_UARTEx_SetTxFifoThreshold
<LI><a href="#[105]">&gt;&gt;</a>&nbsp;&nbsp;&nbsp;HAL_UARTEx_SetRxFifoThreshold
<LI><a href="#[106]">&gt;&gt;</a>&nbsp;&nbsp;&nbsp;HAL_UARTEx_DisableFifoMode
<LI><a href="#[f0]">&gt;&gt;</a>&nbsp;&nbsp;&nbsp;Error_Handler
</UL>
<BR>[Called By]<UL><LI><a href="#[9f]">&gt;&gt;</a>&nbsp;&nbsp;&nbsp;main
</UL>

<P><STRONG><a name="[3]"></a>MemManage_Handler</STRONG> (Thumb, 2 bytes, Stack size 0 bytes, stm32u5xx_it.o(.text.MemManage_Handler))
<BR><BR>[Calls]<UL><LI><a href="#[3]">&gt;&gt;</a>&nbsp;&nbsp;&nbsp;MemManage_Handler
</UL>
<BR>[Called By]<UL><LI><a href="#[3]">&gt;&gt;</a>&nbsp;&nbsp;&nbsp;MemManage_Handler
</UL>
<BR>[Address Reference Count : 1]<UL><LI> startup_stm32u575xx.o(RESET)
</UL>
<P><STRONG><a name="[1]"></a>NMI_Handler</STRONG> (Thumb, 2 bytes, Stack size 0 bytes, stm32u5xx_it.o(.text.NMI_Handler))
<BR><BR>[Calls]<UL><LI><a href="#[1]">&gt;&gt;</a>&nbsp;&nbsp;&nbsp;NMI_Handler
</UL>
<BR>[Called By]<UL><LI><a href="#[1]">&gt;&gt;</a>&nbsp;&nbsp;&nbsp;NMI_Handler
</UL>
<BR>[Address Reference Count : 1]<UL><LI> startup_stm32u575xx.o(RESET)
</UL>
<P><STRONG><a name="[9]"></a>PendSV_Handler</STRONG> (Thumb, 2 bytes, Stack size 0 bytes, stm32u5xx_it.o(.text.PendSV_Handler))
<BR>[Address Reference Count : 1]<UL><LI> startup_stm32u575xx.o(RESET)
</UL>
<P><STRONG><a name="[45]"></a>SPI1_IRQHandler</STRONG> (Thumb, 12 bytes, Stack size 0 bytes, stm32u5xx_it.o(.text.SPI1_IRQHandler))
<BR><BR>[Stack]<UL><LI>Max Depth = 256 + Unknown Stack Size
<LI>Call Chain = SPI1_IRQHandler &rArr; HAL_SPI_IRQHandler &rArr; HAL_SPI_TxRxCpltCallback &rArr; get_adxl355_fifo_data &rArr; __2printf &rArr; _printf_char_file &rArr; _printf_char_common &rArr; __printf
</UL>
<BR>[Calls]<UL><LI><a href="#[e6]">&gt;&gt;</a>&nbsp;&nbsp;&nbsp;HAL_SPI_IRQHandler
</UL>
<BR>[Address Reference Count : 1]<UL><LI> startup_stm32u575xx.o(RESET)
</UL>
<P><STRONG><a name="[107]"></a>SPI_ADXL355_Read_Byte</STRONG> (Thumb, 104 bytes, Stack size 24 bytes, adxl355.o(.text.SPI_ADXL355_Read_Byte))
<BR><BR>[Stack]<UL><LI>Max Depth = 56<LI>Call Chain = SPI_ADXL355_Read_Byte &rArr; HAL_SPI_Transmit
</UL>
<BR>[Calls]<UL><LI><a href="#[bf]">&gt;&gt;</a>&nbsp;&nbsp;&nbsp;HAL_GPIO_WritePin
<LI><a href="#[c0]">&gt;&gt;</a>&nbsp;&nbsp;&nbsp;HAL_SPI_Transmit
<LI><a href="#[c1]">&gt;&gt;</a>&nbsp;&nbsp;&nbsp;HAL_SPI_Receive
</UL>
<BR>[Called By]<UL><LI><a href="#[9f]">&gt;&gt;</a>&nbsp;&nbsp;&nbsp;main
</UL>

<P><STRONG><a name="[108]"></a>SPI_ADXL355_Read_n_Bytes</STRONG> (Thumb, 126 bytes, Stack size 32 bytes, adxl355.o(.text.SPI_ADXL355_Read_n_Bytes))
<BR><BR>[Stack]<UL><LI>Max Depth = 64<LI>Call Chain = SPI_ADXL355_Read_n_Bytes &rArr; HAL_SPI_Transmit
</UL>
<BR>[Calls]<UL><LI><a href="#[bf]">&gt;&gt;</a>&nbsp;&nbsp;&nbsp;HAL_GPIO_WritePin
<LI><a href="#[c0]">&gt;&gt;</a>&nbsp;&nbsp;&nbsp;HAL_SPI_Transmit
<LI><a href="#[c1]">&gt;&gt;</a>&nbsp;&nbsp;&nbsp;HAL_SPI_Receive
</UL>
<BR>[Called By]<UL><LI><a href="#[9f]">&gt;&gt;</a>&nbsp;&nbsp;&nbsp;main
</UL>

<P><STRONG><a name="[7]"></a>SVC_Handler</STRONG> (Thumb, 2 bytes, Stack size 0 bytes, stm32u5xx_it.o(.text.SVC_Handler))
<BR>[Address Reference Count : 1]<UL><LI> startup_stm32u575xx.o(RESET)
</UL>
<P><STRONG><a name="[a]"></a>SysTick_Handler</STRONG> (Thumb, 4 bytes, Stack size 0 bytes, stm32u5xx_it.o(.text.SysTick_Handler))
<BR><BR>[Calls]<UL><LI><a href="#[10b]">&gt;&gt;</a>&nbsp;&nbsp;&nbsp;HAL_IncTick
</UL>
<BR>[Address Reference Count : 1]<UL><LI> startup_stm32u575xx.o(RESET)
</UL>
<P><STRONG><a name="[84]"></a>SystemInit</STRONG> (Thumb, 76 bytes, Stack size 0 bytes, system_stm32u5xx.o(.text.SystemInit))
<BR>[Address Reference Count : 1]<UL><LI> startup_stm32u575xx.o(.text)
</UL>
<P><STRONG><a name="[fa]"></a>UART_AdvFeatureConfig</STRONG> (Thumb, 232 bytes, Stack size 8 bytes, stm32u5xx_hal_uart.o(.text.UART_AdvFeatureConfig))
<BR><BR>[Stack]<UL><LI>Max Depth = 8<LI>Call Chain = UART_AdvFeatureConfig
</UL>
<BR>[Called By]<UL><LI><a href="#[f7]">&gt;&gt;</a>&nbsp;&nbsp;&nbsp;HAL_UART_Init
</UL>

<P><STRONG><a name="[fb]"></a>UART_CheckIdleState</STRONG> (Thumb, 366 bytes, Stack size 24 bytes, stm32u5xx_hal_uart.o(.text.UART_CheckIdleState))
<BR><BR>[Stack]<UL><LI>Max Depth = 48<LI>Call Chain = UART_CheckIdleState &rArr; UART_WaitOnFlagUntilTimeout
</UL>
<BR>[Calls]<UL><LI><a href="#[cb]">&gt;&gt;</a>&nbsp;&nbsp;&nbsp;HAL_GetTick
<LI><a href="#[fd]">&gt;&gt;</a>&nbsp;&nbsp;&nbsp;UART_WaitOnFlagUntilTimeout
</UL>
<BR>[Called By]<UL><LI><a href="#[f7]">&gt;&gt;</a>&nbsp;&nbsp;&nbsp;HAL_UART_Init
</UL>

<P><STRONG><a name="[f9]"></a>UART_SetConfig</STRONG> (Thumb, 538 bytes, Stack size 16 bytes, stm32u5xx_hal_uart.o(.text.UART_SetConfig))
<BR><BR>[Stack]<UL><LI>Max Depth = 64<LI>Call Chain = UART_SetConfig &rArr; __aeabi_uldivmod
</UL>
<BR>[Calls]<UL><LI><a href="#[d7]">&gt;&gt;</a>&nbsp;&nbsp;&nbsp;HAL_RCCEx_GetPeriphCLKFreq
<LI><a href="#[10c]">&gt;&gt;</a>&nbsp;&nbsp;&nbsp;__aeabi_uldivmod
</UL>
<BR>[Called By]<UL><LI><a href="#[f7]">&gt;&gt;</a>&nbsp;&nbsp;&nbsp;HAL_UART_Init
</UL>

<P><STRONG><a name="[fd]"></a>UART_WaitOnFlagUntilTimeout</STRONG> (Thumb, 736 bytes, Stack size 24 bytes, stm32u5xx_hal_uart.o(.text.UART_WaitOnFlagUntilTimeout))
<BR><BR>[Stack]<UL><LI>Max Depth = 24<LI>Call Chain = UART_WaitOnFlagUntilTimeout
</UL>
<BR>[Calls]<UL><LI><a href="#[cb]">&gt;&gt;</a>&nbsp;&nbsp;&nbsp;HAL_GetTick
</UL>
<BR>[Called By]<UL><LI><a href="#[fc]">&gt;&gt;</a>&nbsp;&nbsp;&nbsp;HAL_UART_Transmit
<LI><a href="#[fb]">&gt;&gt;</a>&nbsp;&nbsp;&nbsp;UART_CheckIdleState
</UL>

<P><STRONG><a name="[5]"></a>UsageFault_Handler</STRONG> (Thumb, 2 bytes, Stack size 0 bytes, stm32u5xx_it.o(.text.UsageFault_Handler))
<BR><BR>[Calls]<UL><LI><a href="#[5]">&gt;&gt;</a>&nbsp;&nbsp;&nbsp;UsageFault_Handler
</UL>
<BR>[Called By]<UL><LI><a href="#[5]">&gt;&gt;</a>&nbsp;&nbsp;&nbsp;UsageFault_Handler
</UL>
<BR>[Address Reference Count : 1]<UL><LI> startup_stm32u575xx.o(RESET)
</UL>
<P><STRONG><a name="[a4]"></a>_sys_exit</STRONG> (Thumb, 2 bytes, Stack size 0 bytes, usart.o(.text._sys_exit))
<BR><BR>[Called By]<UL><LI><a href="#[a3]">&gt;&gt;</a>&nbsp;&nbsp;&nbsp;__rt_exit_exit
</UL>

<P><STRONG><a name="[86]"></a>fputc</STRONG> (Thumb, 36 bytes, Stack size 16 bytes, usart.o(.text.fputc))
<BR><BR>[Stack]<UL><LI>Max Depth = 72<LI>Call Chain = fputc &rArr; HAL_UART_Transmit &rArr; UART_WaitOnFlagUntilTimeout
</UL>
<BR>[Calls]<UL><LI><a href="#[fc]">&gt;&gt;</a>&nbsp;&nbsp;&nbsp;HAL_UART_Transmit
</UL>
<BR>[Called By]<UL><LI><a href="#[ab]">&gt;&gt;</a>&nbsp;&nbsp;&nbsp;puts
</UL>
<BR>[Address Reference Count : 1]<UL><LI> _printf_char_file.o(.text)
</UL>
<P><STRONG><a name="[f6]"></a>get_adxl355_fifo_data</STRONG> (Thumb, 656 bytes, Stack size 72 bytes, spi.o(.text.get_adxl355_fifo_data))
<BR><BR>[Stack]<UL><LI>Max Depth = 216 + Unknown Stack Size
<LI>Call Chain = get_adxl355_fifo_data &rArr; __2printf &rArr; _printf_char_file &rArr; _printf_char_common &rArr; __printf
</UL>
<BR>[Calls]<UL><LI><a href="#[10d]">&gt;&gt;</a>&nbsp;&nbsp;&nbsp;ADXL355_Acceleration_Data_Conversion
<LI><a href="#[10f]">&gt;&gt;</a>&nbsp;&nbsp;&nbsp;__aeabi_dmul
<LI><a href="#[10e]">&gt;&gt;</a>&nbsp;&nbsp;&nbsp;__aeabi_i2d
<LI><a href="#[a5]">&gt;&gt;</a>&nbsp;&nbsp;&nbsp;__2printf
</UL>
<BR>[Called By]<UL><LI><a href="#[e9]">&gt;&gt;</a>&nbsp;&nbsp;&nbsp;HAL_SPI_TxRxCpltCallback
</UL>

<P><STRONG><a name="[9f]"></a>main</STRONG> (Thumb, 266 bytes, Stack size 312 bytes, main.o(.text.main))
<BR><BR>[Stack]<UL><LI>Max Depth = 664 + Unknown Stack Size
<LI>Call Chain = main &rArr; MX_SPI1_Init &rArr; HAL_SPI_Init &rArr; HAL_SPI_MspInit &rArr; HAL_RCCEx_PeriphCLKConfig &rArr; RCCEx_PLL3_Config
</UL>
<BR>[Calls]<UL><LI><a href="#[108]">&gt;&gt;</a>&nbsp;&nbsp;&nbsp;SPI_ADXL355_Read_n_Bytes
<LI><a href="#[107]">&gt;&gt;</a>&nbsp;&nbsp;&nbsp;SPI_ADXL355_Read_Byte
<LI><a href="#[103]">&gt;&gt;</a>&nbsp;&nbsp;&nbsp;MX_USART3_UART_Init
<LI><a href="#[100]">&gt;&gt;</a>&nbsp;&nbsp;&nbsp;MX_SPI1_Init
<LI><a href="#[ff]">&gt;&gt;</a>&nbsp;&nbsp;&nbsp;MX_GPIO_Init
<LI><a href="#[fe]">&gt;&gt;</a>&nbsp;&nbsp;&nbsp;MX_GPDMA1_Init
<LI><a href="#[e3]">&gt;&gt;</a>&nbsp;&nbsp;&nbsp;HAL_RCC_OscConfig
<LI><a href="#[e2]">&gt;&gt;</a>&nbsp;&nbsp;&nbsp;HAL_RCC_ClockConfig
<LI><a href="#[112]">&gt;&gt;</a>&nbsp;&nbsp;&nbsp;HAL_PWREx_DisableUCPDDeadBattery
<LI><a href="#[111]">&gt;&gt;</a>&nbsp;&nbsp;&nbsp;HAL_PWREx_ControlVoltageScaling
<LI><a href="#[f3]">&gt;&gt;</a>&nbsp;&nbsp;&nbsp;HAL_NVIC_EnableIRQ
<LI><a href="#[d0]">&gt;&gt;</a>&nbsp;&nbsp;&nbsp;HAL_Init
<LI><a href="#[bf]">&gt;&gt;</a>&nbsp;&nbsp;&nbsp;HAL_GPIO_WritePin
<LI><a href="#[c4]">&gt;&gt;</a>&nbsp;&nbsp;&nbsp;HAL_Delay
<LI><a href="#[c7]">&gt;&gt;</a>&nbsp;&nbsp;&nbsp;ADXL355_Vibration_Config
<LI><a href="#[110]">&gt;&gt;</a>&nbsp;&nbsp;&nbsp;__aeabi_memclr4
</UL>
<BR>[Called By]<UL><LI><a href="#[9e]">&gt;&gt;</a>&nbsp;&nbsp;&nbsp;__rt_entry_main
</UL>

<P><STRONG><a name="[b2]"></a>_btod_d2e</STRONG> (Thumb, 62 bytes, Stack size 0 bytes, btod.o(CL$$btod_d2e))
<BR><BR>[Calls]<UL><LI><a href="#[113]">&gt;&gt;</a>&nbsp;&nbsp;&nbsp;_d2e_norm_op1
</UL>
<BR>[Called By]<UL><LI><a href="#[b0]">&gt;&gt;</a>&nbsp;&nbsp;&nbsp;_fp_digits
</UL>

<P><STRONG><a name="[114]"></a>_d2e_denorm_low</STRONG> (Thumb, 70 bytes, Stack size 0 bytes, btod.o(CL$$btod_d2e_denorm_low))
<BR><BR>[Called By]<UL><LI><a href="#[113]">&gt;&gt;</a>&nbsp;&nbsp;&nbsp;_d2e_norm_op1
</UL>

<P><STRONG><a name="[113]"></a>_d2e_norm_op1</STRONG> (Thumb, 96 bytes, Stack size 0 bytes, btod.o(CL$$btod_d2e_norm_op1))
<BR><BR>[Calls]<UL><LI><a href="#[114]">&gt;&gt;</a>&nbsp;&nbsp;&nbsp;_d2e_denorm_low
</UL>
<BR>[Called By]<UL><LI><a href="#[b2]">&gt;&gt;</a>&nbsp;&nbsp;&nbsp;_btod_d2e
</UL>

<P><STRONG><a name="[115]"></a>__btod_div_common</STRONG> (Thumb, 696 bytes, Stack size 24 bytes, btod.o(CL$$btod_div_common))
<BR><BR>[Stack]<UL><LI>Max Depth = 24<LI>Call Chain = __btod_div_common
</UL>
<BR>[Called By]<UL><LI><a href="#[b3]">&gt;&gt;</a>&nbsp;&nbsp;&nbsp;_btod_ediv
</UL>

<P><STRONG><a name="[116]"></a>_e2e</STRONG> (Thumb, 220 bytes, Stack size 24 bytes, btod.o(CL$$btod_e2e))
<BR><BR>[Stack]<UL><LI>Max Depth = 24<LI>Call Chain = _e2e
</UL>
<BR>[Called By]<UL><LI><a href="#[b4]">&gt;&gt;</a>&nbsp;&nbsp;&nbsp;_btod_emul
<LI><a href="#[b3]">&gt;&gt;</a>&nbsp;&nbsp;&nbsp;_btod_ediv
</UL>

<P><STRONG><a name="[b3]"></a>_btod_ediv</STRONG> (Thumb, 42 bytes, Stack size 28 bytes, btod.o(CL$$btod_ediv))
<BR><BR>[Stack]<UL><LI>Max Depth = 52<LI>Call Chain = _btod_ediv &rArr; _e2e
</UL>
<BR>[Calls]<UL><LI><a href="#[116]">&gt;&gt;</a>&nbsp;&nbsp;&nbsp;_e2e
<LI><a href="#[115]">&gt;&gt;</a>&nbsp;&nbsp;&nbsp;__btod_div_common
</UL>
<BR>[Called By]<UL><LI><a href="#[b1]">&gt;&gt;</a>&nbsp;&nbsp;&nbsp;_btod_etento
<LI><a href="#[b0]">&gt;&gt;</a>&nbsp;&nbsp;&nbsp;_fp_digits
</UL>

<P><STRONG><a name="[b4]"></a>_btod_emul</STRONG> (Thumb, 42 bytes, Stack size 28 bytes, btod.o(CL$$btod_emul))
<BR><BR>[Stack]<UL><LI>Max Depth = 52<LI>Call Chain = _btod_emul &rArr; _e2e
</UL>
<BR>[Calls]<UL><LI><a href="#[117]">&gt;&gt;</a>&nbsp;&nbsp;&nbsp;__btod_mult_common
<LI><a href="#[116]">&gt;&gt;</a>&nbsp;&nbsp;&nbsp;_e2e
</UL>
<BR>[Called By]<UL><LI><a href="#[b1]">&gt;&gt;</a>&nbsp;&nbsp;&nbsp;_btod_etento
<LI><a href="#[b0]">&gt;&gt;</a>&nbsp;&nbsp;&nbsp;_fp_digits
</UL>

<P><STRONG><a name="[117]"></a>__btod_mult_common</STRONG> (Thumb, 580 bytes, Stack size 16 bytes, btod.o(CL$$btod_mult_common))
<BR><BR>[Stack]<UL><LI>Max Depth = 16<LI>Call Chain = __btod_mult_common
</UL>
<BR>[Called By]<UL><LI><a href="#[b4]">&gt;&gt;</a>&nbsp;&nbsp;&nbsp;_btod_emul
</UL>

<P><STRONG><a name="[b7]"></a>__ARM_fpclassify</STRONG> (Thumb, 48 bytes, Stack size 8 bytes, fpclassify.o(i.__ARM_fpclassify))
<BR><BR>[Stack]<UL><LI>Max Depth = 8<LI>Call Chain = __ARM_fpclassify
</UL>
<BR>[Called By]<UL><LI><a href="#[b6]">&gt;&gt;</a>&nbsp;&nbsp;&nbsp;_printf_fp_dec_real
</UL>

<P><STRONG><a name="[a9]"></a>_is_digit</STRONG> (Thumb, 14 bytes, Stack size 0 bytes, __printf_wp.o(i._is_digit))
<BR><BR>[Called By]<UL><LI><a href="#[a8]">&gt;&gt;</a>&nbsp;&nbsp;&nbsp;__printf
</UL>

<P><STRONG><a name="[99]"></a>_get_lc_numeric</STRONG> (Thumb, 44 bytes, Stack size 8 bytes, lc_numeric_c.o(locale$$code))
<BR><BR>[Stack]<UL><LI>Max Depth = 16<LI>Call Chain = _get_lc_numeric &rArr; strcmp
</UL>
<BR>[Calls]<UL><LI><a href="#[118]">&gt;&gt;</a>&nbsp;&nbsp;&nbsp;strcmp
</UL>
<BR>[Called By]<UL><LI><a href="#[98]">&gt;&gt;</a>&nbsp;&nbsp;&nbsp;__rt_lib_init_lc_numeric_2
</UL>

<P><STRONG><a name="[10e]"></a>__aeabi_i2d</STRONG> (Thumb, 0 bytes, Stack size 0 bytes, dflt_clz.o(x$fpl$dflt))
<BR><BR>[Called By]<UL><LI><a href="#[f6]">&gt;&gt;</a>&nbsp;&nbsp;&nbsp;get_adxl355_fifo_data
</UL>

<P><STRONG><a name="[14b]"></a>_dflt</STRONG> (Thumb, 46 bytes, Stack size 0 bytes, dflt_clz.o(x$fpl$dflt), UNUSED)

<P><STRONG><a name="[10f]"></a>__aeabi_dmul</STRONG> (Thumb, 0 bytes, Stack size 32 bytes, dmul.o(x$fpl$dmul))
<BR><BR>[Stack]<UL><LI>Max Depth = 32<LI>Call Chain = __aeabi_dmul
</UL>
<BR>[Called By]<UL><LI><a href="#[f6]">&gt;&gt;</a>&nbsp;&nbsp;&nbsp;get_adxl355_fifo_data
</UL>

<P><STRONG><a name="[119]"></a>_dmul</STRONG> (Thumb, 332 bytes, Stack size 32 bytes, dmul.o(x$fpl$dmul), UNUSED)
<BR><BR>[Calls]<UL><LI><a href="#[11a]">&gt;&gt;</a>&nbsp;&nbsp;&nbsp;__fpl_dretinf
<LI><a href="#[11b]">&gt;&gt;</a>&nbsp;&nbsp;&nbsp;__fpl_dnaninf
</UL>

<P><STRONG><a name="[11b]"></a>__fpl_dnaninf</STRONG> (Thumb, 156 bytes, Stack size 16 bytes, dnaninf.o(x$fpl$dnaninf), UNUSED)
<BR><BR>[Called By]<UL><LI><a href="#[119]">&gt;&gt;</a>&nbsp;&nbsp;&nbsp;_dmul
</UL>

<P><STRONG><a name="[11a]"></a>__fpl_dretinf</STRONG> (Thumb, 12 bytes, Stack size 0 bytes, dretinf.o(x$fpl$dretinf), UNUSED)
<BR><BR>[Called By]<UL><LI><a href="#[119]">&gt;&gt;</a>&nbsp;&nbsp;&nbsp;_dmul
</UL>

<P><STRONG><a name="[95]"></a>_fp_init</STRONG> (Thumb, 26 bytes, Stack size 0 bytes, fpinit.o(x$fpl$fpinit))
<BR><BR>[Called By]<UL><LI><a href="#[94]">&gt;&gt;</a>&nbsp;&nbsp;&nbsp;__rt_lib_init_fp_1
</UL>

<P><STRONG><a name="[14c]"></a>__fplib_config_fpu_vfp</STRONG> (Thumb, 0 bytes, Stack size unknown bytes, fpinit.o(x$fpl$fpinit), UNUSED)

<P><STRONG><a name="[14d]"></a>__fplib_config_pureend_doubles</STRONG> (Thumb, 0 bytes, Stack size unknown bytes, fpinit.o(x$fpl$fpinit), UNUSED)

<P><STRONG><a name="[91]"></a>_printf_fp_dec</STRONG> (Thumb, 4 bytes, Stack size 0 bytes, printf1.o(x$fpl$printf1))
<BR><BR>[Stack]<UL><LI>Max Depth = 324<LI>Call Chain = _printf_fp_dec &rArr; _printf_fp_dec_real &rArr; _fp_digits &rArr; _btod_etento &rArr; _btod_emul &rArr; _e2e
</UL>
<BR>[Calls]<UL><LI><a href="#[b6]">&gt;&gt;</a>&nbsp;&nbsp;&nbsp;_printf_fp_dec_real
</UL>
<BR>[Called By]<UL><LI><a href="#[90]">&gt;&gt;</a>&nbsp;&nbsp;&nbsp;_printf_f
</UL>
<P>
<H3>
Local Symbols
</H3>
<P><STRONG><a name="[e0]"></a>RCCEx_PLL2_Config</STRONG> (Thumb, 248 bytes, Stack size 16 bytes, stm32u5xx_hal_rcc_ex.o(.text.RCCEx_PLL2_Config))
<BR><BR>[Stack]<UL><LI>Max Depth = 16<LI>Call Chain = RCCEx_PLL2_Config
</UL>
<BR>[Calls]<UL><LI><a href="#[cb]">&gt;&gt;</a>&nbsp;&nbsp;&nbsp;HAL_GetTick
</UL>
<BR>[Called By]<UL><LI><a href="#[df]">&gt;&gt;</a>&nbsp;&nbsp;&nbsp;HAL_RCCEx_PeriphCLKConfig
</UL>

<P><STRONG><a name="[e1]"></a>RCCEx_PLL3_Config</STRONG> (Thumb, 248 bytes, Stack size 16 bytes, stm32u5xx_hal_rcc_ex.o(.text.RCCEx_PLL3_Config))
<BR><BR>[Stack]<UL><LI>Max Depth = 16<LI>Call Chain = RCCEx_PLL3_Config
</UL>
<BR>[Calls]<UL><LI><a href="#[cb]">&gt;&gt;</a>&nbsp;&nbsp;&nbsp;HAL_GetTick
</UL>
<BR>[Called By]<UL><LI><a href="#[df]">&gt;&gt;</a>&nbsp;&nbsp;&nbsp;HAL_RCCEx_PeriphCLKConfig
</UL>

<P><STRONG><a name="[e8]"></a>SPI_CloseTransfer</STRONG> (Thumb, 202 bytes, Stack size 0 bytes, stm32u5xx_hal_spi.o(.text.SPI_CloseTransfer))
<BR><BR>[Called By]<UL><LI><a href="#[8b]">&gt;&gt;</a>&nbsp;&nbsp;&nbsp;SPI_DMAError
<LI><a href="#[e6]">&gt;&gt;</a>&nbsp;&nbsp;&nbsp;HAL_SPI_IRQHandler
<LI><a href="#[c0]">&gt;&gt;</a>&nbsp;&nbsp;&nbsp;HAL_SPI_Transmit
<LI><a href="#[c1]">&gt;&gt;</a>&nbsp;&nbsp;&nbsp;HAL_SPI_Receive
</UL>

<P><STRONG><a name="[88]"></a>SPI_DMAAbortOnError</STRONG> (Thumb, 22 bytes, Stack size 0 bytes, stm32u5xx_hal_spi.o(.text.SPI_DMAAbortOnError))
<BR><BR>[Stack]<UL><LI>Max Depth = 8<LI>Call Chain = SPI_DMAAbortOnError &rArr; HAL_SPI_ErrorCallback
</UL>
<BR>[Calls]<UL><LI><a href="#[e5]">&gt;&gt;</a>&nbsp;&nbsp;&nbsp;HAL_SPI_ErrorCallback
</UL>
<BR>[Address Reference Count : 1]<UL><LI> stm32u5xx_hal_spi.o(.text.HAL_SPI_IRQHandler)
</UL>
<P><STRONG><a name="[8b]"></a>SPI_DMAError</STRONG> (Thumb, 48 bytes, Stack size 8 bytes, stm32u5xx_hal_spi.o(.text.SPI_DMAError))
<BR><BR>[Stack]<UL><LI>Max Depth = 16<LI>Call Chain = SPI_DMAError &rArr; HAL_SPI_ErrorCallback
</UL>
<BR>[Calls]<UL><LI><a href="#[e8]">&gt;&gt;</a>&nbsp;&nbsp;&nbsp;SPI_CloseTransfer
<LI><a href="#[109]">&gt;&gt;</a>&nbsp;&nbsp;&nbsp;HAL_DMA_GetError
<LI><a href="#[e5]">&gt;&gt;</a>&nbsp;&nbsp;&nbsp;HAL_SPI_ErrorCallback
</UL>
<BR>[Address Reference Count : 1]<UL><LI> stm32u5xx_hal_spi.o(.text.HAL_SPI_TransmitReceive_DMA)
</UL>
<P><STRONG><a name="[8a]"></a>SPI_DMAHalfTransmitReceiveCplt</STRONG> (Thumb, 6 bytes, Stack size 0 bytes, stm32u5xx_hal_spi.o(.text.SPI_DMAHalfTransmitReceiveCplt))
<BR><BR>[Calls]<UL><LI><a href="#[10a]">&gt;&gt;</a>&nbsp;&nbsp;&nbsp;HAL_SPI_TxRxHalfCpltCallback
</UL>
<BR>[Address Reference Count : 1]<UL><LI> stm32u5xx_hal_spi.o(.text.HAL_SPI_TransmitReceive_DMA)
</UL>
<P><STRONG><a name="[89]"></a>SPI_DMATransmitReceiveCplt</STRONG> (Thumb, 48 bytes, Stack size 0 bytes, stm32u5xx_hal_spi.o(.text.SPI_DMATransmitReceiveCplt))
<BR><BR>[Stack]<UL><LI>Max Depth = 224 + Unknown Stack Size
<LI>Call Chain = SPI_DMATransmitReceiveCplt &rArr; HAL_SPI_TxRxCpltCallback &rArr; get_adxl355_fifo_data &rArr; __2printf &rArr; _printf_char_file &rArr; _printf_char_common &rArr; __printf
</UL>
<BR>[Calls]<UL><LI><a href="#[e9]">&gt;&gt;</a>&nbsp;&nbsp;&nbsp;HAL_SPI_TxRxCpltCallback
</UL>
<BR>[Address Reference Count : 1]<UL><LI> stm32u5xx_hal_spi.o(.text.HAL_SPI_TransmitReceive_DMA)
</UL>
<P><STRONG><a name="[b0]"></a>_fp_digits</STRONG> (Thumb, 432 bytes, Stack size 96 bytes, _printf_fp_dec.o(.text))
<BR><BR>[Stack]<UL><LI>Max Depth = 220<LI>Call Chain = _fp_digits &rArr; _btod_etento &rArr; _btod_emul &rArr; _e2e
</UL>
<BR>[Calls]<UL><LI><a href="#[b4]">&gt;&gt;</a>&nbsp;&nbsp;&nbsp;_btod_emul
<LI><a href="#[b3]">&gt;&gt;</a>&nbsp;&nbsp;&nbsp;_btod_ediv
<LI><a href="#[b2]">&gt;&gt;</a>&nbsp;&nbsp;&nbsp;_btod_d2e
<LI><a href="#[b1]">&gt;&gt;</a>&nbsp;&nbsp;&nbsp;_btod_etento
<LI><a href="#[b5]">&gt;&gt;</a>&nbsp;&nbsp;&nbsp;_ll_udiv10
</UL>
<BR>[Called By]<UL><LI><a href="#[b6]">&gt;&gt;</a>&nbsp;&nbsp;&nbsp;_printf_fp_dec_real
</UL>

<P><STRONG><a name="[87]"></a>_printf_input_char</STRONG> (Thumb, 10 bytes, Stack size 0 bytes, _printf_char_common.o(.text))
<BR>[Address Reference Count : 1]<UL><LI> _printf_char_common.o(.text)
</UL><P>
<H3>
Undefined Global Symbols
</H3><HR></body></html>
