Component: ARM Compiler 6.16 Tool: armlink [5dfeaa00]

==============================================================================

Section Cross References

    startup_stm32u575xx.o(STACK) refers (Special) to heapauxi.o(.text) for __use_two_region_memory
    startup_stm32u575xx.o(HEAP) refers (Special) to heapauxi.o(.text) for __use_two_region_memory
    startup_stm32u575xx.o(RESET) refers (Special) to heapauxi.o(.text) for __use_two_region_memory
    startup_stm32u575xx.o(RESET) refers to startup_stm32u575xx.o(STACK) for __initial_sp
    startup_stm32u575xx.o(RESET) refers to startup_stm32u575xx.o(.text) for Reset_Handler
    startup_stm32u575xx.o(RESET) refers to stm32u5xx_it.o(.text.NMI_Handler) for NMI_Handler
    startup_stm32u575xx.o(RESET) refers to stm32u5xx_it.o(.text.HardFault_Handler) for HardFault_Handler
    startup_stm32u575xx.o(RESET) refers to stm32u5xx_it.o(.text.MemManage_Handler) for MemManage_Handler
    startup_stm32u575xx.o(RESET) refers to stm32u5xx_it.o(.text.BusFault_Handler) for BusFault_Handler
    startup_stm32u575xx.o(RESET) refers to stm32u5xx_it.o(.text.UsageFault_Handler) for UsageFault_Handler
    startup_stm32u575xx.o(RESET) refers to stm32u5xx_it.o(.text.SVC_Handler) for SVC_Handler
    startup_stm32u575xx.o(RESET) refers to stm32u5xx_it.o(.text.DebugMon_Handler) for DebugMon_Handler
    startup_stm32u575xx.o(RESET) refers to stm32u5xx_it.o(.text.PendSV_Handler) for PendSV_Handler
    startup_stm32u575xx.o(RESET) refers to stm32u5xx_it.o(.text.SysTick_Handler) for SysTick_Handler
    startup_stm32u575xx.o(RESET) refers to stm32u5xx_it.o(.text.EXTI7_IRQHandler) for EXTI7_IRQHandler
    startup_stm32u575xx.o(RESET) refers to stm32u5xx_it.o(.text.GPDMA1_Channel0_IRQHandler) for GPDMA1_Channel0_IRQHandler
    startup_stm32u575xx.o(RESET) refers to stm32u5xx_it.o(.text.GPDMA1_Channel1_IRQHandler) for GPDMA1_Channel1_IRQHandler
    startup_stm32u575xx.o(RESET) refers to stm32u5xx_it.o(.text.GPDMA1_Channel2_IRQHandler) for GPDMA1_Channel2_IRQHandler
    startup_stm32u575xx.o(RESET) refers to stm32u5xx_it.o(.text.SPI1_IRQHandler) for SPI1_IRQHandler
    startup_stm32u575xx.o(.text) refers (Special) to heapauxi.o(.text) for __use_two_region_memory
    startup_stm32u575xx.o(.text) refers to system_stm32u5xx.o(.text.SystemInit) for SystemInit
    startup_stm32u575xx.o(.text) refers to __main.o(!!!main) for __main
    startup_stm32u575xx.o(.text) refers to startup_stm32u575xx.o(HEAP) for Heap_Mem
    startup_stm32u575xx.o(.text) refers to startup_stm32u575xx.o(STACK) for Stack_Mem
    main.o(.text) refers (Special) to _printf_d.o(.ARM.Collect$$_printf_percent$$00000009) for _printf_d
    main.o(.text) refers (Special) to _printf_dec.o(.text) for _printf_int_dec
    main.o(.text) refers (Special) to _printf_percent.o(.ARM.Collect$$_printf_percent$$00000000) for _printf_percent
    main.o(.text.main) refers (Special) to _printf_d.o(.ARM.Collect$$_printf_percent$$00000009) for _printf_d
    main.o(.text.main) refers (Special) to _printf_dec.o(.text) for _printf_int_dec
    main.o(.text.main) refers (Special) to _printf_percent.o(.ARM.Collect$$_printf_percent$$00000000) for _printf_percent
    main.o(.text.main) refers to stm32u5xx_hal.o(.text.HAL_Init) for HAL_Init
    main.o(.text.main) refers to rt_memclr_w.o(.text) for __aeabi_memclr4
    main.o(.text.main) refers to stm32u5xx_hal_pwr_ex.o(.text.HAL_PWREx_ControlVoltageScaling) for HAL_PWREx_ControlVoltageScaling
    main.o(.text.main) refers to stm32u5xx_hal_rcc.o(.text.HAL_RCC_OscConfig) for HAL_RCC_OscConfig
    main.o(.text.main) refers to stm32u5xx_hal_rcc.o(.text.HAL_RCC_ClockConfig) for HAL_RCC_ClockConfig
    main.o(.text.main) refers to stm32u5xx_hal_pwr_ex.o(.text.HAL_PWREx_DisableUCPDDeadBattery) for HAL_PWREx_DisableUCPDDeadBattery
    main.o(.text.main) refers to gpio.o(.text.MX_GPIO_Init) for MX_GPIO_Init
    main.o(.text.main) refers to gpdma.o(.text.MX_GPDMA1_Init) for MX_GPDMA1_Init
    main.o(.text.main) refers to spi.o(.text.MX_SPI1_Init) for MX_SPI1_Init
    main.o(.text.main) refers to usart.o(.text.MX_USART3_UART_Init) for MX_USART3_UART_Init
    main.o(.text.main) refers to stm32u5xx_hal_gpio.o(.text.HAL_GPIO_WritePin) for HAL_GPIO_WritePin
    main.o(.text.main) refers to stm32u5xx_hal.o(.text.HAL_Delay) for HAL_Delay
    main.o(.text.main) refers to main.o(.bss.fsr) for fsr
    main.o(.text.main) refers to adxl355.o(.text.ADXL355_Vibration_Config) for ADXL355_Vibration_Config
    main.o(.text.main) refers to stm32u5xx_hal_cortex.o(.text.HAL_NVIC_EnableIRQ) for HAL_NVIC_EnableIRQ
    main.o(.text.main) refers to adxl355.o(.text.SPI_ADXL355_Read_n_Bytes) for SPI_ADXL355_Read_n_Bytes
    main.o(.text.main) refers to spi.o(.text.ADXL355_Get_Buffer_Count) for ADXL355_Get_Buffer_Count
    main.o(.text.main) refers to noretval__2printf.o(.text) for __2printf
    main.o(.text.main) refers to spi.o(.text.ADXL355_Read_Buffer) for ADXL355_Read_Buffer
[...]
    [Anonymous Symbol]                       0x08002930   Section        0  stm32u5xx_hal_rcc_ex.o(.text.HAL_RCCEx_GetPLL1ClockFreq)
    [Anonymous Symbol]                       0x08002ac8   Section        0  stm32u5xx_hal_rcc_ex.o(.text.HAL_RCCEx_GetPLL2ClockFreq)
    [Anonymous Symbol]                       0x08002c60   Section        0  stm32u5xx_hal_rcc_ex.o(.text.HAL_RCCEx_GetPLL3ClockFreq)
    [Anonymous Symbol]                       0x08002df8   Section        0  stm32u5xx_hal_rcc_ex.o(.text.HAL_RCCEx_GetPeriphCLKFreq)
    [Anonymous Symbol]                       0x08003888   Section        0  stm32u5xx_hal_rcc_ex.o(.text.HAL_RCCEx_PeriphCLKConfig)
    [Anonymous Symbol]                       0x08003ee0   Section        0  stm32u5xx_hal_rcc.o(.text.HAL_RCC_ClockConfig)
    [Anonymous Symbol]                       0x080041e0   Section        0  stm32u5xx_hal_rcc.o(.text.HAL_RCC_GetHCLKFreq)
    [Anonymous Symbol]                       0x0800420c   Section        0  stm32u5xx_hal_rcc.o(.text.HAL_RCC_GetPCLK1Freq)
    [Anonymous Symbol]                       0x0800424c   Section        0  stm32u5xx_hal_rcc.o(.text.HAL_RCC_GetPCLK2Freq)
    [Anonymous Symbol]                       0x0800428c   Section        0  stm32u5xx_hal_rcc.o(.text.HAL_RCC_GetPCLK3Freq)
    [Anonymous Symbol]                       0x080042cc   Section        0  stm32u5xx_hal_rcc.o(.text.HAL_RCC_GetSysClockFreq)
    [Anonymous Symbol]                       0x080043dc   Section        0  stm32u5xx_hal_rcc.o(.text.HAL_RCC_OscConfig)
    [Anonymous Symbol]                       0x08004f68   Section        0  stm32u5xx_hal_spi_ex.o(.text.HAL_SPIEx_SetConfigAutonomousMode)
    [Anonymous Symbol]                       0x08004fb0   Section        0  spi.o(.text.HAL_SPI_ErrorCallback)
    [Anonymous Symbol]                       0x08004fe0   Section        0  stm32u5xx_hal_spi.o(.text.HAL_SPI_GetState)
    [Anonymous Symbol]                       0x08004fe8   Section        0  stm32u5xx_hal_spi.o(.text.HAL_SPI_IRQHandler)
    [Anonymous Symbol]                       0x0800525c   Section        0  stm32u5xx_hal_spi.o(.text.HAL_SPI_Init)
    [Anonymous Symbol]                       0x080053d8   Section        0  spi.o(.text.HAL_SPI_MspInit)
    [Anonymous Symbol]                       0x080055cc   Section        0  stm32u5xx_hal_spi.o(.text.HAL_SPI_Receive)
    [Anonymous Symbol]                       0x080058b0   Section        0  spi.o(.text.HAL_SPI_RxCpltCallback)
    [Anonymous Symbol]                       0x080058b4   Section        0  stm32u5xx_hal_spi.o(.text.HAL_SPI_SuspendCallback)
    [Anonymous Symbol]                       0x080058b8   Section        0  stm32u5xx_hal_spi.o(.text.HAL_SPI_Transmit)
    [Anonymous Symbol]                       0x08005c8c   Section        0  stm32u5xx_hal_spi.o(.text.HAL_SPI_TransmitReceive_DMA)
    [Anonymous Symbol]                       0x08005f44   Section        0  spi.o(.text.HAL_SPI_TxCpltCallback)
    [Anonymous Symbol]                       0x08005f48   Section        0  spi.o(.text.HAL_SPI_TxRxCpltCallback)
    [Anonymous Symbol]                       0x08005fc0   Section        0  stm32u5xx_hal_spi.o(.text.HAL_SPI_TxRxHalfCpltCallback)
    [Anonymous Symbol]                       0x08005fc4   Section        0  stm32u5xx_hal_cortex.o(.text.HAL_SYSTICK_Config)
    [Anonymous Symbol]                       0x08005ff0   Section        0  stm32u5xx_hal_uart_ex.o(.text.HAL_UARTEx_DisableFifoMode)
    [Anonymous Symbol]                       0x08006028   Section        0  stm32u5xx_hal_uart_ex.o(.text.HAL_UARTEx_SetRxFifoThreshold)
    [Anonymous Symbol]                       0x080060b4   Section        0  stm32u5xx_hal_uart_ex.o(.text.HAL_UARTEx_SetTxFifoThreshold)
    [Anonymous Symbol]                       0x08006140   Section        0  stm32u5xx_hal_uart.o(.text.HAL_UART_Init)
    [Anonymous Symbol]                       0x080061a8   Section        0  usart.o(.text.HAL_UART_MspInit)
    [Anonymous Symbol]                       0x0800623c   Section        0  stm32u5xx_hal_uart.o(.text.HAL_UART_Transmit)
    [Anonymous Symbol]                       0x0800631c   Section        0  stm32u5xx_it.o(.text.HardFault_Handler)
    [Anonymous Symbol]                       0x08006320   Section        0  gpdma.o(.text.MX_GPDMA1_Init)
    [Anonymous Symbol]                       0x08006354   Section        0  gpio.o(.text.MX_GPIO_Init)
    [Anonymous Symbol]                       0x0800642c   Section        0  spi.o(.text.MX_SPI1_Init)
    [Anonymous Symbol]                       0x080064cc   Section        0  usart.o(.text.MX_USART3_UART_Init)
    [Anonymous Symbol]                       0x08006554   Section        0  stm32u5xx_it.o(.text.MemManage_Handler)
    [Anonymous Symbol]                       0x08006558   Section        0  stm32u5xx_it.o(.text.NMI_Handler)
    [Anonymous Symbol]                       0x0800655c   Section        0  stm32u5xx_it.o(.text.PendSV_Handler)
    RCCEx_PLL2_Config                        0x08006561   Thumb Code   248  stm32u5xx_hal_rcc_ex.o(.text.RCCEx_PLL2_Config)
    [Anonymous Symbol]                       0x08006560   Section        0  stm32u5xx_hal_rcc_ex.o(.text.RCCEx_PLL2_Config)
    RCCEx_PLL3_Config                        0x08006659   Thumb Code   248  stm32u5xx_hal_rcc_ex.o(.text.RCCEx_PLL3_Config)
    [Anonymous Symbol]                       0x08006658   Section        0  stm32u5xx_hal_rcc_ex.o(.text.RCCEx_PLL3_Config)
    [Anonymous Symbol]                       0x08006750   Section        0  stm32u5xx_it.o(.text.SPI1_IRQHandler)
    [Anonymous Symbol]                       0x0800675c   Section        0  adxl355.o(.text.SPI_ADXL355_Read_n_Bytes)
    SPI_CloseTransfer                        0x080067dd   Thumb Code   202  stm32u5xx_hal_spi.o(.text.SPI_CloseTransfer)
    [Anonymous Symbol]                       0x080067dc   Section        0  stm32u5xx_hal_spi.o(.text.SPI_CloseTransfer)
    SPI_DMAAbortOnError                      0x080068a9   Thumb Code    22  stm32u5xx_hal_spi.o(.text.SPI_DMAAbortOnError)
    [Anonymous Symbol]                       0x080068a8   Section        0  stm32u5xx_hal_spi.o(.text.SPI_DMAAbortOnError)
    SPI_DMAError                             0x080068c1   Thumb Code    48  stm32u5xx_hal_spi.o(.text.SPI_DMAError)
    [Anonymous Symbol]                       0x080068c0   Section        0  stm32u5xx_hal_spi.o(.text.SPI_DMAError)
    SPI_DMAHalfTransmitReceiveCplt           0x080068f1   Thumb Code     6  stm32u5xx_hal_spi.o(.text.SPI_DMAHalfTransmitReceiveCplt)
    [Anonymous Symbol]                       0x080068f0   Section        0  stm32u5xx_hal_spi.o(.text.SPI_DMAHalfTransmitReceiveCplt)
    SPI_DMATransmitReceiveCplt               0x080068f9   Thumb Code    48  stm32u5xx_hal_spi.o(.text.SPI_DMATransmitReceiveCplt)
    [Anonymous Symbol]                       0x080068f8   Section        0  stm32u5xx_hal_spi.o(.text.SPI_DMATransmitReceiveCplt)
    [Anonymous Symbol]                       0x08006928   Section        0  stm32u5xx_it.o(.text.SVC_Handler)
    [Anonymous Symbol]                       0x0800692c   Section        0  stm32u5xx_it.o(.text.SysTick_Handler)
    [Anonymous Symbol]                       0x08006930   Section        0  system_stm32u5xx.o(.text.SystemInit)
    [Anonymous Symbol]                       0x0800697c   Section        0  stm32u5xx_hal_uart.o(.text.UART_AdvFeatureConfig)
    [Anonymous Symbol]                       0x08006a64   Section        0  stm32u5xx_hal_uart.o(.text.UART_CheckIdleState)
    [Anonymous Symbol]                       0x08006bd4   Section        0  stm32u5xx_hal_uart.o(.text.UART_SetConfig)
    [Anonymous Symbol]                       0x08006df0   Section        0  stm32u5xx_hal_uart.o(.text.UART_WaitOnFlagUntilTimeout)
    [Anonymous Symbol]                       0x080070d0   Section        0  stm32u5xx_it.o(.text.UsageFault_Handler)
    [Anonymous Symbol]                       0x080070d4   Section        0  usart.o(.text._sys_exit)
    [Anonymous Symbol]                       0x080070d8   Section        0  usart.o(.text.fputc)
    [Anonymous Symbol]                       0x080070fc   Section        0  main.o(.text.main)
    CL$$btod_d2e                             0x08007288   Section       62  btod.o(CL$$btod_d2e)
    CL$$btod_d2e_denorm_low                  0x080072c6   Section       70  btod.o(CL$$btod_d2e_denorm_low)
    CL$$btod_d2e_norm_op1                    0x0800730c   Section       96  btod.o(CL$$btod_d2e_norm_op1)
    CL$$btod_div_common                      0x0800736c   Section      824  btod.o(CL$$btod_div_common)
    CL$$btod_e2e                             0x080076a4   Section      220  btod.o(CL$$btod_e2e)
    CL$$btod_ediv                            0x08007780   Section       42  btod.o(CL$$btod_ediv)
    CL$$btod_emul                            0x080077aa   Section       42  btod.o(CL$$btod_emul)
    CL$$btod_mult_common                     0x080077d4   Section      580  btod.o(CL$$btod_mult_common)
    i.__ARM_fpclassify                       0x08007a18   Section        0  fpclassify.o(i.__ARM_fpclassify)
    i._is_digit                              0x08007a48   Section        0  __printf_wp.o(i._is_digit)
    locale$$code                             0x08007a58   Section       44  lc_numeric_c.o(locale$$code)
    $v0                                      0x08007a84   Number         0  fpinit.o(x$fpl$fpinit)
    x$fpl$fpinit                             0x08007a84   Section       26  fpinit.o(x$fpl$fpinit)
    $v0                                      0x08007a9e   Number         0  printf1.o(x$fpl$printf1)
    x$fpl$printf1                            0x08007a9e   Section        4  printf1.o(x$fpl$printf1)
    uc_hextab                                0x08007aa2   Data          20  _printf_hex_int.o(.constdata)
    .constdata                               0x08007aa2   Section       40  _printf_hex_int.o(.constdata)
    x$fpl$usenofp                            0x08007aa2   Section        0  usenofp.o(x$fpl$usenofp)
    lc_hextab                                0x08007ab6   Data          20  _printf_hex_int.o(.constdata)
    maptable                                 0x08007aca   Data          17  __printf_flags_ss_wp.o(.constdata)
    .constdata                               0x08007aca   Section       17  __printf_flags_ss_wp.o(.constdata)
    tenpwrs_x                                0x08007adc   Data          60  bigflt0.o(.constdata)
    .constdata                               0x08007adc   Section      148  bigflt0.o(.constdata)
    tenpwrs_i                                0x08007b18   Data          64  bigflt0.o(.constdata)
    .Lswitch.table.ADXL355_Vibration_Config.28 0x08007b70   Data          12  adxl355.o(.rodata..Lswitch.table.ADXL355_Vibration_Config.28)
    .Lswitch.table.ADXL355_Vibration_Config.29 0x08007b80   Data          24  adxl355.o(.rodata..Lswitch.table.ADXL355_Vibration_Config.29)
    LPGPIO_Map                               0x08007bb0   Data         128  stm32u5xx_hal_gpio.o(.rodata.LPGPIO_Map)
    [Anonymous Symbol]                       0x08007bb0   Section        0  stm32u5xx_hal_gpio.o(.rodata.LPGPIO_Map)
    UARTEx_SetNbDataToProcess.numerator      0x08007c88   Data           8  stm32u5xx_hal_uart_ex.o(.rodata.cst8)
    [Anonymous Symbol]                       0x08007c88   Section        0  stm32u5xx_hal_uart_ex.o(.rodata.cst8)
    UARTEx_SetNbDataToProcess.denominator    0x08007c90   Data           8  stm32u5xx_hal_uart_ex.o(.rodata.cst8)
    .L.str                                   0x08007c98   Data          27  adxl355.o(.rodata.str1.1)
    .L.str.6                                 0x08007c98   Data          12  adxl355.o(.rodata.str1.1)
    [Anonymous Symbol]                       0x08007c98   Section        0  adxl355.o(.rodata.str1.1)
    locale$$data                             0x08007cc4   Section       28  lc_numeric_c.o(locale$$data)
    __lcnum_c_name                           0x08007cc8   Data           2  lc_numeric_c.o(locale$$data)
    __lcnum_c_start                          0x08007cd0   Data           0  lc_numeric_c.o(locale$$data)
    __lcnum_c_point                          0x08007cdc   Data           0  lc_numeric_c.o(locale$$data)
    __lcnum_c_thousands                      0x08007cde   Data           0  lc_numeric_c.o(locale$$data)
    __lcnum_c_grouping                       0x08007cdf   Data           0  lc_numeric_c.o(locale$$data)
    __lcnum_c_end                            0x08007ce0   Data           0  lc_numeric_c.o(locale$$data)
    .L_MergedGlobals                         0x20000000   Data           8  stm32u5xx_hal.o(.data..L_MergedGlobals)
    [Anonymous Symbol]                       0x20000000   Section        0  stm32u5xx_hal.o(.data..L_MergedGlobals)
    .L_MergedGlobals                         0x20000008   Data           2  adxl355.o(.data..L_MergedGlobals)
    [Anonymous Symbol]                       0x20000008   Section        0  adxl355.o(.data..L_MergedGlobals)
    .bss                                     0x20000010   Section       96  libspace.o(.bss)
    .L_MergedGlobals                         0x20000070   Data         124  spi.o(.bss..L_MergedGlobals)
    adxl_busy                                0x20000070   Data           1  spi.o(.bss..L_MergedGlobals)
    [Anonymous Symbol]                       0x20000070   Section        0  spi.o(.bss..L_MergedGlobals)
    mem_dma_busy                             0x20000071   Data           1  spi.o(.bss..L_MergedGlobals)
    adxl_write_index                         0x20000072   Data           2  spi.o(.bss..L_MergedGlobals)
    adxl_large_buffer                        0x20000140   Data       10000  spi.o(.bss.adxl_large_buffer)
    [Anonymous Symbol]                       0x20000140   Section        0  spi.o(.bss.adxl_large_buffer)
    adxl_rx_buf                              0x20002850   Data         289  spi.o(.bss.adxl_rx_buf)
    [Anonymous Symbol]                       0x20002850   Section        0  spi.o(.bss.adxl_rx_buf)
    adxl_tx_buf                              0x20002974   Data         289  spi.o(.bss.adxl_tx_buf)
    [Anonymous Symbol]                       0x20002974   Section        0  spi.o(.bss.adxl_tx_buf)
    Heap_Mem                                 0x20002cb8   Data       550000  startup_stm32u575xx.o(HEAP)
    HEAP                                     0x20002cb8   Section    550000  startup_stm32u575xx.o(HEAP)
    Stack_Mem                                0x20089128   Data        1024  startup_stm32u575xx.o(STACK)
    STACK                                    0x20089128   Section     1024  startup_stm32u575xx.o(STACK)
    __initial_sp                             0x20089528   Data           0  startup_stm32u575xx.o(STACK)

    Global Symbols

    Symbol Name                              Value     Ov Type        Size  Object(Section)

    BuildAttributes$$THM_ISAv4$E$P$D$K$B$S$7EM$8M$VFPi5$EXTD16$VFPS$VFMA$PE$A:L22UL41UL21$X:L11$S22US41US21$IEEE1$IW$~IW$USESV6$~STKCKD$USESV7$~SHL$OTIME$ROPI$IEEEJ$EBA8$UX$STANDARDLIB$REQ8$PRES8$EABIv2 0x00000000   Number         0  anon$$obj.o ABSOLUTE
    _printf_flags                            0x00000000   Number         0  printf_stubs.o ABSOLUTE
    _printf_return_value                     0x00000000   Number         0  printf_stubs.o ABSOLUTE
    _printf_sizespec                         0x00000000   Number         0  printf_stubs.o ABSOLUTE
    _printf_widthprec                        0x00000000   Number         0  printf_stubs.o ABSOLUTE
    __ARM_exceptions_init                     - Undefined Weak Reference
    __alloca_initialize                       - Undefined Weak Reference
    __arm_preinit_                            - Undefined Weak Reference
    __cpp_initialize__aeabi_                  - Undefined Weak Reference
    __cxa_finalize                            - Undefined Weak Reference
    __sigvec_lookup                           - Undefined Weak Reference
    _atexit_init                              - Undefined Weak Reference
    _call_atexit_fns                          - Undefined Weak Reference
    _clock_init                               - Undefined Weak Reference
    _fp_trap_init                             - Undefined Weak Reference
    _fp_trap_shutdown                         - Undefined Weak Reference
    _get_lc_collate                           - Undefined Weak Reference
    _get_lc_ctype                             - Undefined Weak Reference
    _get_lc_monetary                          - Undefined Weak Reference
    _get_lc_time                              - Undefined Weak Reference
    _getenv_init                              - Undefined Weak Reference
    _handle_redirection                       - Undefined Weak Reference
    _init_alloc                               - Undefined Weak Reference
    _init_user_alloc                          - Undefined Weak Reference
    _initio                                   - Undefined Weak Reference
    _mutex_acquire                            - Undefined Weak Reference
    _mutex_release                            - Undefined Weak Reference
    _printf_truncate_signed                   - Undefined Weak Reference
    _printf_truncate_unsigned                 - Undefined Weak Reference
    _rand_init                                - Undefined Weak Reference
    _signal_finish                            - Undefined Weak Reference
    _signal_init                              - Undefined Weak Reference
    _terminate_alloc                          - Undefined Weak Reference
    _terminate_user_alloc                     - Undefined Weak Reference
    _terminateio                              - Undefined Weak Reference
    __Vectors_Size                           0x00000238   Number         0  startup_stm32u575xx.o ABSOLUTE
    __Vectors                                0x08000000   Data           4  startup_stm32u575xx.o(RESET)
    __Vectors_End                            0x08000238   Data           0  startup_stm32u575xx.o(RESET)
    __main                                   0x08000239   Thumb Code     8  __main.o(!!!main)
    __scatterload                            0x08000241   Thumb Code     0  __scatter.o(!!!scatter)
    __scatterload_rt2                        0x08000241   Thumb Code    44  __scatter.o(!!!scatter)
    __scatterload_rt2_thumb_only             0x08000241   Thumb Code     0  __scatter.o(!!!scatter)
    __scatterload_null                       0x0800024f   Thumb Code     0  __scatter.o(!!!scatter)
    __scatterload_copy                       0x08000275   Thumb Code    26  __scatter_copy.o(!!handler_copy)
    __scatterload_zeroinit                   0x08000291   Thumb Code    28  __scatter_zi.o(!!handler_zi)
    _printf_f                                0x080002ad   Thumb Code     0  _printf_f.o(.ARM.Collect$$_printf_percent$$00000003)
    _printf_percent                          0x080002ad   Thumb Code     0  _printf_percent.o(.ARM.Collect$$_printf_percent$$00000000)
    _printf_d                                0x080002b3   Thumb Code     0  _printf_d.o(.ARM.Collect$$_printf_percent$$00000009)
    _printf_x                                0x080002b9   Thumb Code     0  _printf_x.o(.ARM.Collect$$_printf_percent$$0000000C)
    _printf_percent_end                      0x080002bf   Thumb Code     0  _printf_percent_end.o(.ARM.Collect$$_printf_percent$$00000017)
    __rt_lib_init                            0x080002c3   Thumb Code     0  libinit.o(.ARM.Collect$$libinit$$00000000)
    __rt_lib_init_fp_1                       0x080002c5   Thumb Code     0  libinit2.o(.ARM.Collect$$libinit$$00000001)
    __rt_lib_init_heap_1                     0x080002c9   Thumb Code     0  libinit2.o(.ARM.Collect$$libinit$$0000000A)
    __rt_lib_init_lc_common                  0x080002c9   Thumb Code     0  libinit2.o(.ARM.Collect$$libinit$$0000000F)
    __rt_lib_init_preinit_1                  0x080002c9   Thumb Code     0  libinit2.o(.ARM.Collect$$libinit$$00000004)
    __rt_lib_init_rand_1                     0x080002c9   Thumb Code     0  libinit2.o(.ARM.Collect$$libinit$$0000000E)
    __rt_lib_init_user_alloc_1               0x080002c9   Thumb Code     0  libinit2.o(.ARM.Collect$$libinit$$0000000C)
    __rt_lib_init_lc_collate_1               0x080002cf   Thumb Code     0  libinit2.o(.ARM.Collect$$libinit$$00000011)
    __rt_lib_init_lc_ctype_1                 0x080002cf   Thumb Code     0  libinit2.o(.ARM.Collect$$libinit$$00000013)
    __rt_lib_init_lc_monetary_1              0x080002cf   Thumb Code     0  libinit2.o(.ARM.Collect$$libinit$$00000015)
    __rt_lib_init_lc_numeric_2               0x080002cf   Thumb Code     0  libinit2.o(.ARM.Collect$$libinit$$00000016)
    __rt_lib_init_alloca_1                   0x080002d9   Thumb Code     0  libinit2.o(.ARM.Collect$$libinit$$0000002E)
    __rt_lib_init_argv_1                     0x080002d9   Thumb Code     0  libinit2.o(.ARM.Collect$$libinit$$0000002C)
    __rt_lib_init_atexit_1                   0x080002d9   Thumb Code     0  libinit2.o(.ARM.Collect$$libinit$$0000001B)
    __rt_lib_init_clock_1                    0x080002d9   Thumb Code     0  libinit2.o(.ARM.Collect$$libinit$$00000021)
    __rt_lib_init_cpp_1                      0x080002d9   Thumb Code     0  libinit2.o(.ARM.Collect$$libinit$$00000032)
    __rt_lib_init_exceptions_1               0x080002d9   Thumb Code     0  libinit2.o(.ARM.Collect$$libinit$$00000030)
    __rt_lib_init_fp_trap_1                  0x080002d9   Thumb Code     0  libinit2.o(.ARM.Collect$$libinit$$0000001F)
    __rt_lib_init_getenv_1                   0x080002d9   Thumb Code     0  libinit2.o(.ARM.Collect$$libinit$$00000023)
    __rt_lib_init_lc_numeric_1               0x080002d9   Thumb Code     0  libinit2.o(.ARM.Collect$$libinit$$00000017)
    __rt_lib_init_lc_time_1                  0x080002d9   Thumb Code     0  libinit2.o(.ARM.Collect$$libinit$$00000019)
    __rt_lib_init_return                     0x080002d9   Thumb Code     0  libinit2.o(.ARM.Collect$$libinit$$00000033)
    __rt_lib_init_signal_1                   0x080002d9   Thumb Code     0  libinit2.o(.ARM.Collect$$libinit$$0000001D)
    __rt_lib_init_stdio_1                    0x080002d9   Thumb Code     0  libinit2.o(.ARM.Collect$$libinit$$00000025)
    __rt_lib_shutdown                        0x080002db   Thumb Code     0  libshutdown.o(.ARM.Collect$$libshutdown$$00000000)
    __rt_lib_shutdown_cpp_1                  0x080002dd   Thumb Code     0  libshutdown2.o(.ARM.Collect$$libshutdown$$00000002)
    __rt_lib_shutdown_fp_trap_1              0x080002dd   Thumb Code     0  libshutdown2.o(.ARM.Collect$$libshutdown$$00000007)
    __rt_lib_shutdown_heap_1                 0x080002dd   Thumb Code     0  libshutdown2.o(.ARM.Collect$$libshutdown$$0000000F)
    __rt_lib_shutdown_return                 0x080002dd   Thumb Code     0  libshutdown2.o(.ARM.Collect$$libshutdown$$00000010)
    __rt_lib_shutdown_signal_1               0x080002dd   Thumb Code     0  libshutdown2.o(.ARM.Collect$$libshutdown$$0000000A)
    __rt_lib_shutdown_stdio_1                0x080002dd   Thumb Code     0  libshutdown2.o(.ARM.Collect$$libshutdown$$00000004)
    __rt_lib_shutdown_user_alloc_1           0x080002dd   Thumb Code     0  libshutdown2.o(.ARM.Collect$$libshutdown$$0000000C)
    __rt_entry                               0x080002df   Thumb Code     0  __rtentry.o(.ARM.Collect$$rtentry$$00000000)
    __rt_entry_presh_1                       0x080002df   Thumb Code     0  __rtentry2.o(.ARM.Collect$$rtentry$$00000002)
    __rt_entry_sh                            0x080002df   Thumb Code     0  __rtentry4.o(.ARM.Collect$$rtentry$$00000004)
    __rt_entry_li                            0x080002e5   Thumb Code     0  __rtentry2.o(.ARM.Collect$$rtentry$$0000000A)
    __rt_entry_postsh_1                      0x080002e5   Thumb Code     0  __rtentry2.o(.ARM.Collect$$rtentry$$00000009)
    __rt_entry_main                          0x080002e9   Thumb Code     0  __rtentry2.o(.ARM.Collect$$rtentry$$0000000D)
    __rt_entry_postli_1                      0x080002e9   Thumb Code     0  __rtentry2.o(.ARM.Collect$$rtentry$$0000000C)
    __rt_exit                                0x080002f1   Thumb Code     0  rtexit.o(.ARM.Collect$$rtexit$$00000000)
    __rt_exit_ls                             0x080002f3   Thumb Code     0  rtexit2.o(.ARM.Collect$$rtexit$$00000003)
    __rt_exit_prels_1                        0x080002f3   Thumb Code     0  rtexit2.o(.ARM.Collect$$rtexit$$00000002)
    __rt_exit_exit                           0x080002f7   Thumb Code     0  rtexit2.o(.ARM.Collect$$rtexit$$00000004)
    Reset_Handler                            0x080002fd   Thumb Code     8  startup_stm32u575xx.o(.text)
    SecureFault_Handler                      0x0800030f   Thumb Code     2  startup_stm32u575xx.o(.text)
    ADC1_IRQHandler                          0x08000319   Thumb Code     0  startup_stm32u575xx.o(.text)
    ADC4_IRQHandler                          0x08000319   Thumb Code     0  startup_stm32u575xx.o(.text)
    ADF1_IRQHandler                          0x08000319   Thumb Code     0  startup_stm32u575xx.o(.text)
    COMP_IRQHandler                          0x08000319   Thumb Code     0  startup_stm32u575xx.o(.text)
    CORDIC_IRQHandler                        0x08000319   Thumb Code     0  startup_stm32u575xx.o(.text)
    CRS_IRQHandler                           0x08000319   Thumb Code     0  startup_stm32u575xx.o(.text)
    DAC1_IRQHandler                          0x08000319   Thumb Code     0  startup_stm32u575xx.o(.text)
    DCACHE1_IRQHandler                       0x08000319   Thumb Code     0  startup_stm32u575xx.o(.text)
    DCMI_PSSI_IRQHandler                     0x08000319   Thumb Code     0  startup_stm32u575xx.o(.text)
    DMA2D_IRQHandler                         0x08000319   Thumb Code     0  startup_stm32u575xx.o(.text)
    EXTI0_IRQHandler                         0x08000319   Thumb Code     0  startup_stm32u575xx.o(.text)
    EXTI10_IRQHandler                        0x08000319   Thumb Code     0  startup_stm32u575xx.o(.text)
    EXTI11_IRQHandler                        0x08000319   Thumb Code     0  startup_stm32u575xx.o(.text)
    EXTI12_IRQHandler                        0x08000319   Thumb Code     0  startup_stm32u575xx.o(.text)
    EXTI13_IRQHandler                        0x08000319   Thumb Code     0  startup_stm32u575xx.o(.text)
    EXTI14_IRQHandler                        0x08000319   Thumb Code     0  startup_stm32u575xx.o(.text)
    EXTI15_IRQHandler                        0x08000319   Thumb Code     0  startup_stm32u575xx.o(.text)
    EXTI1_IRQHandler                         0x08000319   Thumb Code     0  startup_stm32u575xx.o(.text)
    EXTI2_IRQHandler                         0x08000319   Thumb Code     0  startup_stm32u575xx.o(.text)
    EXTI3_IRQHandler                         0x08000319   Thumb Code     0  startup_stm32u575xx.o(.text)
    EXTI4_IRQHandler                         0x08000319   Thumb Code     0  startup_stm32u575xx.o(.text)
    EXTI5_IRQHandler                         0x08000319   Thumb Code     0  startup_stm32u575xx.o(.text)
    EXTI6_IRQHandler                         0x08000319   Thumb Code     0  startup_stm32u575xx.o(.text)
    EXTI8_IRQHandler                         0x08000319   Thumb Code     0  startup_stm32u575xx.o(.text)
    EXTI9_IRQHandler                         0x08000319   Thumb Code     0  startup_stm32u575xx.o(.text)
    FDCAN1_IT0_IRQHandler                    0x08000319   Thumb Code     0  startup_stm32u575xx.o(.text)
    FDCAN1_IT1_IRQHandler                    0x08000319   Thumb Code     0  startup_stm32u575xx.o(.text)
    FLASH_IRQHandler                         0x08000319   Thumb Code     0  startup_stm32u575xx.o(.text)
    FLASH_S_IRQHandler                       0x08000319   Thumb Code     0  startup_stm32u575xx.o(.text)
    FMAC_IRQHandler                          0x08000319   Thumb Code     0  startup_stm32u575xx.o(.text)
    FMC_IRQHandler                           0x08000319   Thumb Code     0  startup_stm32u575xx.o(.text)
    FPU_IRQHandler                           0x08000319   Thumb Code     0  startup_stm32u575xx.o(.text)
    GPDMA1_Channel10_IRQHandler              0x08000319   Thumb Code     0  startup_stm32u575xx.o(.text)
    GPDMA1_Channel11_IRQHandler              0x08000319   Thumb Code     0  startup_stm32u575xx.o(.text)
    GPDMA1_Channel12_IRQHandler              0x08000319   Thumb Code     0  startup_stm32u575xx.o(.text)
    GPDMA1_Channel13_IRQHandler              0x08000319   Thumb Code     0  startup_stm32u575xx.o(.text)
    GPDMA1_Channel14_IRQHandler              0x08000319   Thumb Code     0  startup_stm32u575xx.o(.text)
    GPDMA1_Channel15_IRQHandler              0x08000319   Thumb Code     0  startup_stm32u575xx.o(.text)
    GPDMA1_Channel3_IRQHandler               0x08000319   Thumb Code     0  startup_stm32u575xx.o(.text)
    GPDMA1_Channel4_IRQHandler               0x08000319   Thumb Code     0  startup_stm32u575xx.o(.text)
    GPDMA1_Channel5_IRQHandler               0x08000319   Thumb Code     0  startup_stm32u575xx.o(.text)
    GPDMA1_Channel6_IRQHandler               0x08000319   Thumb Code     0  startup_stm32u575xx.o(.text)
    GPDMA1_Channel7_IRQHandler               0x08000319   Thumb Code     0  startup_stm32u575xx.o(.text)
    GPDMA1_Channel8_IRQHandler               0x08000319   Thumb Code     0  startup_stm32u575xx.o(.text)
    GPDMA1_Channel9_IRQHandler               0x08000319   Thumb Code     0  startup_stm32u575xx.o(.text)
    GTZC_IRQHandler                          0x08000319   Thumb Code     0  startup_stm32u575xx.o(.text)
    HASH_IRQHandler                          0x08000319   Thumb Code     0  startup_stm32u575xx.o(.text)
    I2C1_ER_IRQHandler                       0x08000319   Thumb Code     0  startup_stm32u575xx.o(.text)
    I2C1_EV_IRQHandler                       0x08000319   Thumb Code     0  startup_stm32u575xx.o(.text)
    I2C2_ER_IRQHandler                       0x08000319   Thumb Code     0  startup_stm32u575xx.o(.text)
    I2C2_EV_IRQHandler                       0x08000319   Thumb Code     0  startup_stm32u575xx.o(.text)
    I2C3_ER_IRQHandler                       0x08000319   Thumb Code     0  startup_stm32u575xx.o(.text)
    I2C3_EV_IRQHandler                       0x08000319   Thumb Code     0  startup_stm32u575xx.o(.text)
    I2C4_ER_IRQHandler                       0x08000319   Thumb Code     0  startup_stm32u575xx.o(.text)
    I2C4_EV_IRQHandler                       0x08000319   Thumb Code     0  startup_stm32u575xx.o(.text)
    ICACHE_IRQHandler                        0x08000319   Thumb Code     0  startup_stm32u575xx.o(.text)
    IWDG_IRQHandler                          0x08000319   Thumb Code     0  startup_stm32u575xx.o(.text)
    LPDMA1_Channel0_IRQHandler               0x08000319   Thumb Code     0  startup_stm32u575xx.o(.text)
    LPDMA1_Channel1_IRQHandler               0x08000319   Thumb Code     0  startup_stm32u575xx.o(.text)
    LPDMA1_Channel2_IRQHandler               0x08000319   Thumb Code     0  startup_stm32u575xx.o(.text)
    LPDMA1_Channel3_IRQHandler               0x08000319   Thumb Code     0  startup_stm32u575xx.o(.text)
    LPTIM1_IRQHandler                        0x08000319   Thumb Code     0  startup_stm32u575xx.o(.text)
    LPTIM2_IRQHandler                        0x08000319   Thumb Code     0  startup_stm32u575xx.o(.text)
    LPTIM3_IRQHandler                        0x08000319   Thumb Code     0  startup_stm32u575xx.o(.text)
    LPTIM4_IRQHandler                        0x08000319   Thumb Code     0  startup_stm32u575xx.o(.text)
    LPUART1_IRQHandler                       0x08000319   Thumb Code     0  startup_stm32u575xx.o(.text)
    LSECSSD_IRQHandler                       0x08000319   Thumb Code     0  startup_stm32u575xx.o(.text)
    MDF1_FLT0_IRQHandler                     0x08000319   Thumb Code     0  startup_stm32u575xx.o(.text)
    MDF1_FLT1_IRQHandler                     0x08000319   Thumb Code     0  startup_stm32u575xx.o(.text)
    MDF1_FLT2_IRQHandler                     0x08000319   Thumb Code     0  startup_stm32u575xx.o(.text)
    MDF1_FLT3_IRQHandler                     0x08000319   Thumb Code     0  startup_stm32u575xx.o(.text)
    MDF1_FLT4_IRQHandler                     0x08000319   Thumb Code     0  startup_stm32u575xx.o(.text)
    MDF1_FLT5_IRQHandler                     0x08000319   Thumb Code     0  startup_stm32u575xx.o(.text)
    OCTOSPI1_IRQHandler                      0x08000319   Thumb Code     0  startup_stm32u575xx.o(.text)
    OCTOSPI2_IRQHandler                      0x08000319   Thumb Code     0  startup_stm32u575xx.o(.text)
    OTG_FS_IRQHandler                        0x08000319   Thumb Code     0  startup_stm32u575xx.o(.text)
    PVD_PVM_IRQHandler                       0x08000319   Thumb Code     0  startup_stm32u575xx.o(.text)
    PWR_S3WU_IRQHandler                      0x08000319   Thumb Code     0  startup_stm32u575xx.o(.text)
    RAMCFG_IRQHandler                        0x08000319   Thumb Code     0  startup_stm32u575xx.o(.text)
    RCC_IRQHandler                           0x08000319   Thumb Code     0  startup_stm32u575xx.o(.text)
    RCC_S_IRQHandler                         0x08000319   Thumb Code     0  startup_stm32u575xx.o(.text)
    RNG_IRQHandler                           0x08000319   Thumb Code     0  startup_stm32u575xx.o(.text)
    RTC_IRQHandler                           0x08000319   Thumb Code     0  startup_stm32u575xx.o(.text)
    RTC_S_IRQHandler                         0x08000319   Thumb Code     0  startup_stm32u575xx.o(.text)
    SAI1_IRQHandler                          0x08000319   Thumb Code     0  startup_stm32u575xx.o(.text)
    SAI2_IRQHandler                          0x08000319   Thumb Code     0  startup_stm32u575xx.o(.text)
    SDMMC1_IRQHandler                        0x08000319   Thumb Code     0  startup_stm32u575xx.o(.text)
    SDMMC2_IRQHandler                        0x08000319   Thumb Code     0  startup_stm32u575xx.o(.text)
    SPI2_IRQHandler                          0x08000319   Thumb Code     0  startup_stm32u575xx.o(.text)
    SPI3_IRQHandler                          0x08000319   Thumb Code     0  startup_stm32u575xx.o(.text)
    TAMP_IRQHandler                          0x08000319   Thumb Code     0  startup_stm32u575xx.o(.text)
    TIM15_IRQHandler                         0x08000319   Thumb Code     0  startup_stm32u575xx.o(.text)
    TIM16_IRQHandler                         0x08000319   Thumb Code     0  startup_stm32u575xx.o(.text)
    TIM17_IRQHandler                         0x08000319   Thumb Code     0  startup_stm32u575xx.o(.text)
    TIM1_BRK_IRQHandler                      0x08000319   Thumb Code     0  startup_stm32u575xx.o(.text)
    TIM1_CC_IRQHandler                       0x08000319   Thumb Code     0  startup_stm32u575xx.o(.text)
    TIM1_TRG_COM_IRQHandler                  0x08000319   Thumb Code     0  startup_stm32u575xx.o(.text)
    TIM1_UP_IRQHandler                       0x08000319   Thumb Code     0  startup_stm32u575xx.o(.text)
    TIM2_IRQHandler                          0x08000319   Thumb Code     0  startup_stm32u575xx.o(.text)
    TIM3_IRQHandler                          0x08000319   Thumb Code     0  startup_stm32u575xx.o(.text)
    TIM4_IRQHandler                          0x08000319   Thumb Code     0  startup_stm32u575xx.o(.text)
    TIM5_IRQHandler                          0x08000319   Thumb Code     0  startup_stm32u575xx.o(.text)
    TIM6_IRQHandler                          0x08000319   Thumb Code     0  startup_stm32u575xx.o(.text)
    TIM7_IRQHandler                          0x08000319   Thumb Code     0  startup_stm32u575xx.o(.text)
    TIM8_BRK_IRQHandler                      0x08000319   Thumb Code     0  startup_stm32u575xx.o(.text)
    TIM8_CC_IRQHandler                       0x08000319   Thumb Code     0  startup_stm32u575xx.o(.text)
    TIM8_TRG_COM_IRQHandler                  0x08000319   Thumb Code     0  startup_stm32u575xx.o(.text)
    TIM8_UP_IRQHandler                       0x08000319   Thumb Code     0  startup_stm32u575xx.o(.text)
    TSC_IRQHandler                           0x08000319   Thumb Code     0  startup_stm32u575xx.o(.text)
    UART4_IRQHandler                         0x08000319   Thumb Code     0  startup_stm32u575xx.o(.text)
    UART5_IRQHandler                         0x08000319   Thumb Code     0  startup_stm32u575xx.o(.text)
    UCPD1_IRQHandler                         0x08000319   Thumb Code     0  startup_stm32u575xx.o(.text)
    USART1_IRQHandler                        0x08000319   Thumb Code     0  startup_stm32u575xx.o(.text)
    USART2_IRQHandler                        0x08000319   Thumb Code     0  startup_stm32u575xx.o(.text)
    USART3_IRQHandler                        0x08000319   Thumb Code     0  startup_stm32u575xx.o(.text)
    WWDG_IRQHandler                          0x08000319   Thumb Code     0  startup_stm32u575xx.o(.text)
    __user_initial_stackheap                 0x0800031d   Thumb Code    10  startup_stm32u575xx.o(.text)
    __use_no_semihosting                     0x08000341   Thumb Code     2  use_no_semi_2.o(.text)
    __aeabi_uldivmod                         0x08000343   Thumb Code     0  lludivv7m.o(.text)
    _ll_udiv                                 0x08000343   Thumb Code   240  lludivv7m.o(.text)
    __2printf                                0x08000435   Thumb Code    20  noretval__2printf.o(.text)
    _printf_pre_padding                      0x0800044d   Thumb Code    44  _printf_pad.o(.text)
    _printf_post_padding                     0x08000479   Thumb Code    34  _printf_pad.o(.text)
    _printf_int_dec                          0x0800049d   Thumb Code   104  _printf_dec.o(.text)
    _printf_int_hex                          0x08000515   Thumb Code    84  _printf_hex_int.o(.text)
    _printf_longlong_hex                     0x08000515   Thumb Code     0  _printf_hex_int.o(.text)
    __printf                                 0x0800056d   Thumb Code   388  __printf_flags_ss_wp.o(.text)
    puts                                     0x080006f5   Thumb Code    40  puts.o(.text)
    __aeabi_memcpy                           0x08000721   Thumb Code     0  rt_memcpy_v6.o(.text)
    __rt_memcpy                              0x08000721   Thumb Code   138  rt_memcpy_v6.o(.text)
    _memcpy_lastbytes                        0x08000787   Thumb Code     0  rt_memcpy_v6.o(.text)
    __aeabi_memclr                           0x080007ab   Thumb Code     0  rt_memclr.o(.text)
    __rt_memclr                              0x080007ab   Thumb Code     0  rt_memclr.o(.text)
    _memset                                  0x080007af   Thumb Code    64  rt_memclr.o(.text)
    __aeabi_memclr4                          0x080007ef   Thumb Code     0  rt_memclr_w.o(.text)
    __aeabi_memclr8                          0x080007ef   Thumb Code     0  rt_memclr_w.o(.text)
    __rt_memclr_w                            0x080007ef   Thumb Code     0  rt_memclr_w.o(.text)
    _memset_w                                0x080007f3   Thumb Code    74  rt_memclr_w.o(.text)
    __use_two_region_memory                  0x0800083d   Thumb Code     2  heapauxi.o(.text)
    __rt_heap_escrow$2region                 0x0800083f   Thumb Code     2  heapauxi.o(.text)
    __rt_heap_expand$2region                 0x08000841   Thumb Code     2  heapauxi.o(.text)
    __I$use$semihosting                      0x08000843   Thumb Code     0  use_no_semi.o(.text)
    __use_no_semihosting_swi                 0x08000843   Thumb Code     2  use_no_semi.o(.text)
    _printf_int_common                       0x08000845   Thumb Code   178  _printf_intcommon.o(.text)
    _printf_fp_dec_real                      0x08000aa7   Thumb Code   620  _printf_fp_dec.o(.text)
    _printf_char_file                        0x08000d15   Thumb Code    32  _printf_char_file.o(.text)
    __aeabi_memcpy4                          0x08000d39   Thumb Code     0  rt_memcpy_w.o(.text)
    __aeabi_memcpy8                          0x08000d39   Thumb Code     0  rt_memcpy_w.o(.text)
    __rt_memcpy_w                            0x08000d39   Thumb Code   100  rt_memcpy_w.o(.text)
    _memcpy_lastbytes_aligned                0x08000d81   Thumb Code     0  rt_memcpy_w.o(.text)
    __rt_locale                              0x08000d9d   Thumb Code     8  rt_locale_intlibspace.o(.text)
    _ll_udiv10                               0x08000da5   Thumb Code   138  lludiv10.o(.text)
    _printf_char_common                      0x08000e3b   Thumb Code    32  _printf_char_common.o(.text)
    _printf_fp_infnan                        0x08000e61   Thumb Code   112  _printf_fp_infnan.o(.text)
    _btod_etento                             0x08000ee1   Thumb Code   224  bigflt0.o(.text)
    ferror                                   0x08000fc5   Thumb Code     8  ferror.o(.text)
    __user_libspace                          0x08000fcd   Thumb Code     8  libspace.o(.text)
    __user_perproc_libspace                  0x08000fcd   Thumb Code     0  libspace.o(.text)
    __user_perthread_libspace                0x08000fcd   Thumb Code     0  libspace.o(.text)
    __user_setup_stackheap                   0x08000fd5   Thumb Code    74  sys_stackheap_outer.o(.text)
    exit                                     0x0800101f   Thumb Code    18  exit.o(.text)
    strcmp                                   0x08001031   Thumb Code   124  strcmpv8m_maindsp.o(.text)
    ADXL355_Get_Buffer_Count                 0x080010ad   Thumb Code    12  spi.o(.text.ADXL355_Get_Buffer_Count)
    ADXL355_Read_Buffer                      0x080010b9   Thumb Code    38  spi.o(.text.ADXL355_Read_Buffer)
    ADXL355_Set_HPF_Conner                   0x080010e1   Thumb Code   180  adxl355.o(.text.ADXL355_Set_HPF_Conner)
    ADXL355_Set_Range                        0x08001195   Thumb Code   216  adxl355.o(.text.ADXL355_Set_Range)
    ADXL355_Set_Samples                      0x080012a1   Thumb Code   186  adxl355.o(.text.ADXL355_Set_Samples)
    ADXL355_Start_Sensor                     0x0800135d   Thumb Code   174  adxl355.o(.text.ADXL355_Start_Sensor)
    ADXL355_Stop_Sensor                      0x0800140d   Thumb Code   174  adxl355.o(.text.ADXL355_Stop_Sensor)
    ADXL355_Vibration_Config                 0x080014c1   Thumb Code   984  adxl355.o(.text.ADXL355_Vibration_Config)
    BusFault_Handler                         0x0800190d   Thumb Code     2  stm32u5xx_it.o(.text.BusFault_Handler)
    DebugMon_Handler                         0x08001911   Thumb Code     2  stm32u5xx_it.o(.text.DebugMon_Handler)
    EXTI7_IRQHandler                         0x08001915   Thumb Code     6  stm32u5xx_it.o(.text.EXTI7_IRQHandler)
    Error_Handler                            0x0800191d   Thumb Code    10  main.o(.text.Error_Handler)
    GPDMA1_Channel0_IRQHandler               0x08001929   Thumb Code    12  stm32u5xx_it.o(.text.GPDMA1_Channel0_IRQHandler)
    GPDMA1_Channel1_IRQHandler               0x08001935   Thumb Code    12  stm32u5xx_it.o(.text.GPDMA1_Channel1_IRQHandler)
    GPDMA1_Channel2_IRQHandler               0x08001941   Thumb Code    12  stm32u5xx_it.o(.text.GPDMA1_Channel2_IRQHandler)
    HAL_DMAEx_List_Start_IT                  0x0800194d   Thumb Code   200  stm32u5xx_hal_dma_ex.o(.text.HAL_DMAEx_List_Start_IT)
    HAL_DMA_Abort_IT                         0x08001a15   Thumb Code    48  stm32u5xx_hal_dma.o(.text.HAL_DMA_Abort_IT)
    HAL_DMA_ConfigChannelAttributes          0x08001a45   Thumb Code    72  stm32u5xx_hal_dma.o(.text.HAL_DMA_ConfigChannelAttributes)
    HAL_DMA_GetError                         0x08001a8d   Thumb Code     4  stm32u5xx_hal_dma.o(.text.HAL_DMA_GetError)
    HAL_DMA_IRQHandler                       0x08001a91   Thumb Code   454  stm32u5xx_hal_dma.o(.text.HAL_DMA_IRQHandler)
    HAL_DMA_Init                             0x08001c59   Thumb Code  1426  stm32u5xx_hal_dma.o(.text.HAL_DMA_Init)
    HAL_DMA_MemCplt_Callback                 0x080021ed   Thumb Code    72  spi.o(.text.HAL_DMA_MemCplt_Callback)
    HAL_DMA_RegisterCallback                 0x08002261   Thumb Code    66  stm32u5xx_hal_dma.o(.text.HAL_DMA_RegisterCallback)
    HAL_DMA_Start_IT                         0x080022a5   Thumb Code   166  stm32u5xx_hal_dma.o(.text.HAL_DMA_Start_IT)
    HAL_Delay                                0x0800234d   Thumb Code    40  stm32u5xx_hal.o(.text.HAL_Delay)
    HAL_GPIO_EXTI_Falling_Callback           0x08002375   Thumb Code   124  spi.o(.text.HAL_GPIO_EXTI_Falling_Callback)
    HAL_GPIO_EXTI_IRQHandler                 0x080023f9   Thumb Code    46  stm32u5xx_hal_gpio.o(.text.HAL_GPIO_EXTI_IRQHandler)
    HAL_GPIO_EXTI_Rising_Callback            0x08002429   Thumb Code     2  stm32u5xx_hal_gpio.o(.text.HAL_GPIO_EXTI_Rising_Callback)
    HAL_GPIO_Init                            0x0800242d   Thumb Code   538  stm32u5xx_hal_gpio.o(.text.HAL_GPIO_Init)
    HAL_GPIO_WritePin                        0x08002649   Thumb Code    12  stm32u5xx_hal_gpio.o(.text.HAL_GPIO_WritePin)
    HAL_GetTick                              0x08002655   Thumb Code    12  stm32u5xx_hal.o(.text.HAL_GetTick)
    HAL_IncTick                              0x08002661   Thumb Code    26  stm32u5xx_hal.o(.text.HAL_IncTick)
    HAL_Init                                 0x0800267d   Thumb Code    86  stm32u5xx_hal.o(.text.HAL_Init)
    HAL_InitTick                             0x080026d5   Thumb Code    78  stm32u5xx_hal.o(.text.HAL_InitTick)
    HAL_MspInit                              0x08002725   Thumb Code    32  stm32u5xx_hal_msp.o(.text.HAL_MspInit)
    HAL_NVIC_EnableIRQ                       0x08002745   Thumb Code    32  stm32u5xx_hal_cortex.o(.text.HAL_NVIC_EnableIRQ)
    HAL_NVIC_SetPriority                     0x08002765   Thumb Code    86  stm32u5xx_hal_cortex.o(.text.HAL_NVIC_SetPriority)
    HAL_NVIC_SetPriorityGrouping             0x080027bd   Thumb Code    32  stm32u5xx_hal_cortex.o(.text.HAL_NVIC_SetPriorityGrouping)
    HAL_PWREx_ControlVoltageScaling          0x080027dd   Thumb Code   302  stm32u5xx_hal_pwr_ex.o(.text.HAL_PWREx_ControlVoltageScaling)
    HAL_PWREx_DisableUCPDDeadBattery         0x0800290d   Thumb Code    18  stm32u5xx_hal_pwr_ex.o(.text.HAL_PWREx_DisableUCPDDeadBattery)
    HAL_PWREx_GetVoltageRange                0x08002921   Thumb Code    16  stm32u5xx_hal_pwr_ex.o(.text.HAL_PWREx_GetVoltageRange)
    HAL_RCCEx_GetPLL1ClockFreq               0x08002931   Thumb Code   408  stm32u5xx_hal_rcc_ex.o(.text.HAL_RCCEx_GetPLL1ClockFreq)
    HAL_RCCEx_GetPLL2ClockFreq               0x08002ac9   Thumb Code   408  stm32u5xx_hal_rcc_ex.o(.text.HAL_RCCEx_GetPLL2ClockFreq)
    HAL_RCCEx_GetPLL3ClockFreq               0x08002c61   Thumb Code   408  stm32u5xx_hal_rcc_ex.o(.text.HAL_RCCEx_GetPLL3ClockFreq)
    HAL_RCCEx_GetPeriphCLKFreq               0x08002df9   Thumb Code  2702  stm32u5xx_hal_rcc_ex.o(.text.HAL_RCCEx_GetPeriphCLKFreq)
    HAL_RCCEx_PeriphCLKConfig                0x08003889   Thumb Code  1622  stm32u5xx_hal_rcc_ex.o(.text.HAL_RCCEx_PeriphCLKConfig)
    HAL_RCC_ClockConfig                      0x08003ee1   Thumb Code   766  stm32u5xx_hal_rcc.o(.text.HAL_RCC_ClockConfig)
    HAL_RCC_GetHCLKFreq                      0x080041e1   Thumb Code    44  stm32u5xx_hal_rcc.o(.text.HAL_RCC_GetHCLKFreq)
    HAL_RCC_GetPCLK1Freq                     0x0800420d   Thumb Code    62  stm32u5xx_hal_rcc.o(.text.HAL_RCC_GetPCLK1Freq)
    HAL_RCC_GetPCLK2Freq                     0x0800424d   Thumb Code    62  stm32u5xx_hal_rcc.o(.text.HAL_RCC_GetPCLK2Freq)
    HAL_RCC_GetPCLK3Freq                     0x0800428d   Thumb Code    62  stm32u5xx_hal_rcc.o(.text.HAL_RCC_GetPCLK3Freq)
    HAL_RCC_GetSysClockFreq                  0x080042cd   Thumb Code   272  stm32u5xx_hal_rcc.o(.text.HAL_RCC_GetSysClockFreq)
    HAL_RCC_OscConfig                        0x080043dd   Thumb Code  2956  stm32u5xx_hal_rcc.o(.text.HAL_RCC_OscConfig)
    HAL_SPIEx_SetConfigAutonomousMode        0x08004f69   Thumb Code    72  stm32u5xx_hal_spi_ex.o(.text.HAL_SPIEx_SetConfigAutonomousMode)
    HAL_SPI_ErrorCallback                    0x08004fb1   Thumb Code    48  spi.o(.text.HAL_SPI_ErrorCallback)
    HAL_SPI_GetState                         0x08004fe1   Thumb Code     6  stm32u5xx_hal_spi.o(.text.HAL_SPI_GetState)
    HAL_SPI_IRQHandler                       0x08004fe9   Thumb Code   628  stm32u5xx_hal_spi.o(.text.HAL_SPI_IRQHandler)
    HAL_SPI_Init                             0x0800525d   Thumb Code   380  stm32u5xx_hal_spi.o(.text.HAL_SPI_Init)
    HAL_SPI_MspInit                          0x080053d9   Thumb Code   498  spi.o(.text.HAL_SPI_MspInit)
    HAL_SPI_Receive                          0x080055cd   Thumb Code   738  stm32u5xx_hal_spi.o(.text.HAL_SPI_Receive)
    HAL_SPI_RxCpltCallback                   0x080058b1   Thumb Code     2  spi.o(.text.HAL_SPI_RxCpltCallback)
    HAL_SPI_SuspendCallback                  0x080058b5   Thumb Code     2  stm32u5xx_hal_spi.o(.text.HAL_SPI_SuspendCallback)
    HAL_SPI_Transmit                         0x080058b9   Thumb Code   978  stm32u5xx_hal_spi.o(.text.HAL_SPI_Transmit)
    HAL_SPI_TransmitReceive_DMA              0x08005c8d   Thumb Code   694  stm32u5xx_hal_spi.o(.text.HAL_SPI_TransmitReceive_DMA)
    HAL_SPI_TxCpltCallback                   0x08005f45   Thumb Code     2  spi.o(.text.HAL_SPI_TxCpltCallback)
    HAL_SPI_TxRxCpltCallback                 0x08005f49   Thumb Code   118  spi.o(.text.HAL_SPI_TxRxCpltCallback)
    HAL_SPI_TxRxHalfCpltCallback             0x08005fc1   Thumb Code     2  stm32u5xx_hal_spi.o(.text.HAL_SPI_TxRxHalfCpltCallback)
    HAL_SYSTICK_Config                       0x08005fc5   Thumb Code    44  stm32u5xx_hal_cortex.o(.text.HAL_SYSTICK_Config)
    HAL_UARTEx_DisableFifoMode               0x08005ff1   Thumb Code    54  stm32u5xx_hal_uart_ex.o(.text.HAL_UARTEx_DisableFifoMode)
    HAL_UARTEx_SetRxFifoThreshold            0x08006029   Thumb Code   140  stm32u5xx_hal_uart_ex.o(.text.HAL_UARTEx_SetRxFifoThreshold)
    HAL_UARTEx_SetTxFifoThreshold            0x080060b5   Thumb Code   140  stm32u5xx_hal_uart_ex.o(.text.HAL_UARTEx_SetTxFifoThreshold)
    HAL_UART_Init                            0x08006141   Thumb Code   104  stm32u5xx_hal_uart.o(.text.HAL_UART_Init)
    HAL_UART_MspInit                         0x080061a9   Thumb Code   148  usart.o(.text.HAL_UART_MspInit)
    HAL_UART_Transmit                        0x0800623d   Thumb Code   222  stm32u5xx_hal_uart.o(.text.HAL_UART_Transmit)
    HardFault_Handler                        0x0800631d   Thumb Code     2  stm32u5xx_it.o(.text.HardFault_Handler)
    MX_GPDMA1_Init                           0x08006321   Thumb Code    52  gpdma.o(.text.MX_GPDMA1_Init)
    MX_GPIO_Init                             0x08006355   Thumb Code   214  gpio.o(.text.MX_GPIO_Init)
    MX_SPI1_Init                             0x0800642d   Thumb Code   160  spi.o(.text.MX_SPI1_Init)
    MX_USART3_UART_Init                      0x080064cd   Thumb Code   136  usart.o(.text.MX_USART3_UART_Init)
    MemManage_Handler                        0x08006555   Thumb Code     2  stm32u5xx_it.o(.text.MemManage_Handler)
    NMI_Handler                              0x08006559   Thumb Code     2  stm32u5xx_it.o(.text.NMI_Handler)
    PendSV_Handler                           0x0800655d   Thumb Code     2  stm32u5xx_it.o(.text.PendSV_Handler)
    SPI1_IRQHandler                          0x08006751   Thumb Code    12  stm32u5xx_it.o(.text.SPI1_IRQHandler)
    SPI_ADXL355_Read_n_Bytes                 0x0800675d   Thumb Code   126  adxl355.o(.text.SPI_ADXL355_Read_n_Bytes)
    SVC_Handler                              0x08006929   Thumb Code     2  stm32u5xx_it.o(.text.SVC_Handler)
    SysTick_Handler                          0x0800692d   Thumb Code     4  stm32u5xx_it.o(.text.SysTick_Handler)
    SystemInit                               0x08006931   Thumb Code    76  system_stm32u5xx.o(.text.SystemInit)
    UART_AdvFeatureConfig                    0x0800697d   Thumb Code   232  stm32u5xx_hal_uart.o(.text.UART_AdvFeatureConfig)
    UART_CheckIdleState                      0x08006a65   Thumb Code   366  stm32u5xx_hal_uart.o(.text.UART_CheckIdleState)
    UART_SetConfig                           0x08006bd5   Thumb Code   538  stm32u5xx_hal_uart.o(.text.UART_SetConfig)
    UART_WaitOnFlagUntilTimeout              0x08006df1   Thumb Code   736  stm32u5xx_hal_uart.o(.text.UART_WaitOnFlagUntilTimeout)
    UsageFault_Handler                       0x080070d1   Thumb Code     2  stm32u5xx_it.o(.text.UsageFault_Handler)
    _sys_exit                                0x080070d5   Thumb Code     2  usart.o(.text._sys_exit)
    fputc                                    0x080070d9   Thumb Code    36  usart.o(.text.fputc)
    main                                     0x080070fd   Thumb Code   344  main.o(.text.main)
    _btod_d2e                                0x08007289   Thumb Code    62  btod.o(CL$$btod_d2e)
    _d2e_denorm_low                          0x080072c7   Thumb Code    70  btod.o(CL$$btod_d2e_denorm_low)
    _d2e_norm_op1                            0x0800730d   Thumb Code    96  btod.o(CL$$btod_d2e_norm_op1)
    __btod_div_common                        0x0800736d   Thumb Code   696  btod.o(CL$$btod_div_common)
    _e2e                                     0x080076a5   Thumb Code   220  btod.o(CL$$btod_e2e)
    _btod_ediv                               0x08007781   Thumb Code    42  btod.o(CL$$btod_ediv)
    _btod_emul                               0x080077ab   Thumb Code    42  btod.o(CL$$btod_emul)
    __btod_mult_common                       0x080077d5   Thumb Code   580  btod.o(CL$$btod_mult_common)
    __ARM_fpclassify                         0x08007a19   Thumb Code    48  fpclassify.o(i.__ARM_fpclassify)
    _is_digit                                0x08007a49   Thumb Code    14  __printf_wp.o(i._is_digit)
    _get_lc_numeric                          0x08007a59   Thumb Code    44  lc_numeric_c.o(locale$$code)
    _fp_init                                 0x08007a85   Thumb Code    26  fpinit.o(x$fpl$fpinit)
    __fplib_config_fpu_vfp                   0x08007a9d   Thumb Code     0  fpinit.o(x$fpl$fpinit)
    __fplib_config_pureend_doubles           0x08007a9d   Thumb Code     0  fpinit.o(x$fpl$fpinit)
    _printf_fp_dec                           0x08007a9f   Thumb Code     4  printf1.o(x$fpl$printf1)
    __I$use$fp                               0x08007aa2   Number         0  usenofp.o(x$fpl$usenofp)
    AHBPrescTable                            0x08007b98   Data          16  system_stm32u5xx.o(.rodata.AHBPrescTable)
    APBPrescTable                            0x08007ba8   Data           8  system_stm32u5xx.o(.rodata.APBPrescTable)
    MSIRangeTable                            0x08007c30   Data          64  system_stm32u5xx.o(.rodata.MSIRangeTable)
    UARTPrescTable                           0x08007c70   Data          24  stm32u5xx_hal_uart.o(.rodata.UARTPrescTable)
    Region$$Table$$Base                      0x08007ca4   Number         0  anon$$obj.o(Region$$Table)
    Region$$Table$$Limit                     0x08007cc4   Number         0  anon$$obj.o(Region$$Table)
    uwTickFreq                               0x20000000   Data           1  stm32u5xx_hal.o(.data..L_MergedGlobals)
    uwTickPrio                               0x20000004   Data           4  stm32u5xx_hal.o(.data..L_MergedGlobals)
    range                                    0x20000008   Data           1  adxl355.o(.data..L_MergedGlobals)
    samples                                  0x20000009   Data           1  adxl355.o(.data..L_MergedGlobals)
    SystemCoreClock                          0x2000000c   Data           4  system_stm32u5xx.o(.data.SystemCoreClock)
    __libspace_start                         0x20000010   Data          96  libspace.o(.bss)
    __temporary_stack_top$libspace           0x20000070   Data           0  libspace.o(.bss)
    handle_GPDMA1_Channel0                   0x20000074   Data         120  spi.o(.bss..L_MergedGlobals)
    __stdout                                 0x200000ec   Data          84  usart.o(.bss.__stdout)
    fsr                                      0x20002a98   Data           4  main.o(.bss.fsr)
    handle_GPDMA1_Channel1                   0x20002a9c   Data         120  spi.o(.bss.handle_GPDMA1_Channel1)
    handle_GPDMA1_Channel2                   0x20002b14   Data         120  spi.o(.bss.handle_GPDMA1_Channel2)
    hspi1                                    0x20002b8c   Data         144  spi.o(.bss.hspi1)
    huart3                                   0x20002c1c   Data         148  usart.o(.bss.huart3)
    uwTick                                   0x20002cb0   Data           4  stm32u5xx_hal.o(.bss.uwTick)



==============================================================================

Memory Map of the image

  Image Entry point : 0x08000239

  Load Region LR_IROM1 (Base: 0x08000000, Size: 0x00007cf0, Max: 0x00100000, ABSOLUTE)

    Execution Region ER_IROM1 (Exec base: 0x08000000, Load base: 0x08000000, Size: 0x00007ce0, Max: 0x00100000, ABSOLUTE)

    Exec Addr    Load Addr    Size         Type   Attr      Idx    E Section Name        Object

    0x08000000   0x08000000   0x00000238   Data   RO            3    RESET               startup_stm32u575xx.o
    0x08000238   0x08000238   0x00000008   Code   RO         1300  * !!!main             c_w.l(__main.o)
    0x08000240   0x08000240   0x00000034   Code   RO         1548    !!!scatter          c_w.l(__scatter.o)
    0x08000274   0x08000274   0x0000001a   Code   RO         1550    !!handler_copy      c_w.l(__scatter_copy.o)
    0x0800028e   0x0800028e   0x00000002   PAD
    0x08000290   0x08000290   0x0000001c   Code   RO         1552    !!handler_zi        c_w.l(__scatter_zi.o)
    0x080002ac   0x080002ac   0x00000000   Code   RO         1289    .ARM.Collect$$_printf_percent$$00000000  c_w.l(_printf_percent.o)
    0x080002ac   0x080002ac   0x00000006   Code   RO         1288    .ARM.Collect$$_printf_percent$$00000003  c_w.l(_printf_f.o)
    0x080002b2   0x080002b2   0x00000006   Code   RO         1287    .ARM.Collect$$_printf_percent$$00000009  c_w.l(_printf_d.o)
    0x080002b8   0x080002b8   0x00000006   Code   RO         1286    .ARM.Collect$$_printf_percent$$0000000C  c_w.l(_printf_x.o)
    0x080002be   0x080002be   0x00000004   Code   RO         1327    .ARM.Collect$$_printf_percent$$00000017  c_w.l(_printf_percent_end.o)
    0x080002c2   0x080002c2   0x00000002   Code   RO         1423    .ARM.Collect$$libinit$$00000000  c_w.l(libinit.o)
    0x080002c4   0x080002c4   0x00000004   Code   RO         1424    .ARM.Collect$$libinit$$00000001  c_w.l(libinit2.o)
    0x080002c8   0x080002c8   0x00000000   Code   RO         1427    .ARM.Collect$$libinit$$00000004  c_w.l(libinit2.o)
    0x080002c8   0x080002c8   0x00000000   Code   RO         1430    .ARM.Collect$$libinit$$0000000A  c_w.l(libinit2.o)
    0x080002c8   0x080002c8   0x00000000   Code   RO         1432    .ARM.Collect$$libinit$$0000000C  c_w.l(libinit2.o)
    0x080002c8   0x080002c8   0x00000000   Code   RO         1434    .ARM.Collect$$libinit$$0000000E  c_w.l(libinit2.o)
    0x080002c8   0x080002c8   0x00000006   Code   RO         1435    .ARM.Collect$$libinit$$0000000F  c_w.l(libinit2.o)
    0x080002ce   0x080002ce   0x00000000   Code   RO         1437    .ARM.Collect$$libinit$$00000011  c_w.l(libinit2.o)
    0x080002ce   0x080002ce   0x00000000   Code   RO         1439    .ARM.Collect$$libinit$$00000013  c_w.l(libinit2.o)
    0x080002ce   0x080002ce   0x00000000   Code   RO         1441    .ARM.Collect$$libinit$$00000015  c_w.l(libinit2.o)
    0x080002ce   0x080002ce   0x0000000a   Code   RO         1442    .ARM.Collect$$libinit$$00000016  c_w.l(libinit2.o)
    0x080002d8   0x080002d8   0x00000000   Code   RO         1443    .ARM.Collect$$libinit$$00000017  c_w.l(libinit2.o)
    0x080002d8   0x080002d8   0x00000000   Code   RO         1445    .ARM.Collect$$libinit$$00000019  c_w.l(libinit2.o)
    0x080002d8   0x080002d8   0x00000000   Code   RO         1447    .ARM.Collect$$libinit$$0000001B  c_w.l(libinit2.o)
    0x080002d8   0x080002d8   0x00000000   Code   RO         1449    .ARM.Collect$$libinit$$0000001D  c_w.l(libinit2.o)
    0x080002d8   0x080002d8   0x00000000   Code   RO         1451    .ARM.Collect$$libinit$$0000001F  c_w.l(libinit2.o)
    0x080002d8   0x080002d8   0x00000000   Code   RO         1453    .ARM.Collect$$libinit$$00000021  c_w.l(libinit2.o)
    0x080002d8   0x080002d8   0x00000000   Code   RO         1455    .ARM.Collect$$libinit$$00000023  c_w.l(libinit2.o)
    0x080002d8   0x080002d8   0x00000000   Code   RO         1457    .ARM.Collect$$libinit$$00000025  c_w.l(libinit2.o)
    0x080002d8   0x080002d8   0x00000000   Code   RO         1461    .ARM.Collect$$libinit$$0000002C  c_w.l(libinit2.o)
    0x080002d8   0x080002d8   0x00000000   Code   RO         1463    .ARM.Collect$$libinit$$0000002E  c_w.l(libinit2.o)
    0x080002d8   0x080002d8   0x00000000   Code   RO         1465    .ARM.Collect$$libinit$$00000030  c_w.l(libinit2.o)
    0x080002d8   0x080002d8   0x00000000   Code   RO         1467    .ARM.Collect$$libinit$$00000032  c_w.l(libinit2.o)
    0x080002d8   0x080002d8   0x00000002   Code   RO         1468    .ARM.Collect$$libinit$$00000033  c_w.l(libinit2.o)
    0x080002da   0x080002da   0x00000002   Code   RO         1512    .ARM.Collect$$libshutdown$$00000000  c_w.l(libshutdown.o)
    0x080002dc   0x080002dc   0x00000000   Code   RO         1531    .ARM.Collect$$libshutdown$$00000002  c_w.l(libshutdown2.o)
    0x080002dc   0x080002dc   0x00000000   Code   RO         1533    .ARM.Collect$$libshutdown$$00000004  c_w.l(libshutdown2.o)
    0x080002dc   0x080002dc   0x00000000   Code   RO         1536    .ARM.Collect$$libshutdown$$00000007  c_w.l(libshutdown2.o)
    0x080002dc   0x080002dc   0x00000000   Code   RO         1539    .ARM.Collect$$libshutdown$$0000000A  c_w.l(libshutdown2.o)
    0x080002dc   0x080002dc   0x00000000   Code   RO         1541    .ARM.Collect$$libshutdown$$0000000C  c_w.l(libshutdown2.o)
    0x080002dc   0x080002dc   0x00000000   Code   RO         1544    .ARM.Collect$$libshutdown$$0000000F  c_w.l(libshutdown2.o)
    0x080002dc   0x080002dc   0x00000002   Code   RO         1545    .ARM.Collect$$libshutdown$$00000010  c_w.l(libshutdown2.o)
    0x080002de   0x080002de   0x00000000   Code   RO         1314    .ARM.Collect$$rtentry$$00000000  c_w.l(__rtentry.o)
    0x080002de   0x080002de   0x00000000   Code   RO         1336    .ARM.Collect$$rtentry$$00000002  c_w.l(__rtentry2.o)
    0x080002de   0x080002de   0x00000006   Code   RO         1348    .ARM.Collect$$rtentry$$00000004  c_w.l(__rtentry4.o)
    0x080002e4   0x080002e4   0x00000000   Code   RO         1338    .ARM.Collect$$rtentry$$00000009  c_w.l(__rtentry2.o)
    0x080002e4   0x080002e4   0x00000004   Code   RO         1339    .ARM.Collect$$rtentry$$0000000A  c_w.l(__rtentry2.o)
    0x080002e8   0x080002e8   0x00000000   Code   RO         1341    .ARM.Collect$$rtentry$$0000000C  c_w.l(__rtentry2.o)
    0x080002e8   0x080002e8   0x00000008   Code   RO         1342    .ARM.Collect$$rtentry$$0000000D  c_w.l(__rtentry2.o)
    0x080002f0   0x080002f0   0x00000002   Code   RO         1469    .ARM.Collect$$rtexit$$00000000  c_w.l(rtexit.o)
    0x080002f2   0x080002f2   0x00000000   Code   RO         1484    .ARM.Collect$$rtexit$$00000002  c_w.l(rtexit2.o)
    0x080002f2   0x080002f2   0x00000004   Code   RO         1485    .ARM.Collect$$rtexit$$00000003  c_w.l(rtexit2.o)
    0x080002f6   0x080002f6   0x00000006   Code   RO         1486    .ARM.Collect$$rtexit$$00000004  c_w.l(rtexit2.o)
    0x080002fc   0x080002fc   0x00000044   Code   RO            4    .text               startup_stm32u575xx.o
    0x08000340   0x08000340   0x00000002   Code   RO         1231    .text               c_w.l(use_no_semi_2.o)
    0x08000342   0x08000342   0x000000f0   Code   RO         1233    .text               c_w.l(lludivv7m.o)
    0x08000432   0x08000432   0x00000002   PAD
    0x08000434   0x08000434   0x00000018   Code   RO         1237    .text               c_w.l(noretval__2printf.o)
    0x0800044c   0x0800044c   0x0000004e   Code   RO         1241    .text               c_w.l(_printf_pad.o)
    0x0800049a   0x0800049a   0x00000002   PAD
    0x0800049c   0x0800049c   0x00000078   Code   RO         1243    .text               c_w.l(_printf_dec.o)
    0x08000514   0x08000514   0x00000058   Code   RO         1248    .text               c_w.l(_printf_hex_int.o)
    0x0800056c   0x0800056c   0x00000188   Code   RO         1283    .text               c_w.l(__printf_flags_ss_wp.o)
    0x080006f4   0x080006f4   0x0000002c   Code   RO         1290    .text               c_w.l(puts.o)
    0x08000720   0x08000720   0x0000008a   Code   RO         1292    .text               c_w.l(rt_memcpy_v6.o)
    0x080007aa   0x080007aa   0x00000044   Code   RO         1294    .text               c_w.l(rt_memclr.o)
    0x080007ee   0x080007ee   0x0000004e   Code   RO         1296    .text               c_w.l(rt_memclr_w.o)
    0x0800083c   0x0800083c   0x00000006   Code   RO         1298    .text               c_w.l(heapauxi.o)
    0x08000842   0x08000842   0x00000002   Code   RO         1312    .text               c_w.l(use_no_semi.o)
    0x08000844   0x08000844   0x000000b2   Code   RO         1319    .text               c_w.l(_printf_intcommon.o)
    0x080008f6   0x080008f6   0x0000041c   Code   RO         1321    .text               c_w.l(_printf_fp_dec.o)
    0x08000d12   0x08000d12   0x00000002   PAD
    0x08000d14   0x08000d14   0x00000024   Code   RO         1325    .text               c_w.l(_printf_char_file.o)
    0x08000d38   0x08000d38   0x00000064   Code   RO         1328    .text               c_w.l(rt_memcpy_w.o)
    0x08000d9c   0x08000d9c   0x00000008   Code   RO         1355    .text               c_w.l(rt_locale_intlibspace.o)
    0x08000da4   0x08000da4   0x0000008a   Code   RO         1357    .text               c_w.l(lludiv10.o)
    0x08000e2e   0x08000e2e   0x00000002   PAD
    0x08000e30   0x08000e30   0x00000030   Code   RO         1359    .text               c_w.l(_printf_char_common.o)
    0x08000e60   0x08000e60   0x00000080   Code   RO         1361    .text               c_w.l(_printf_fp_infnan.o)
    0x08000ee0   0x08000ee0   0x000000e4   Code   RO         1363    .text               c_w.l(bigflt0.o)
    0x08000fc4   0x08000fc4   0x00000008   Code   RO         1390    .text               c_w.l(ferror.o)
    0x08000fcc   0x08000fcc   0x00000008   Code   RO         1401    .text               c_w.l(libspace.o)
    0x08000fd4   0x08000fd4   0x0000004a   Code   RO         1404    .text               c_w.l(sys_stackheap_outer.o)
    0x0800101e   0x0800101e   0x00000012   Code   RO         1410    .text               c_w.l(exit.o)
    0x08001030   0x08001030   0x0000007c   Code   RO         1416    .text               c_w.l(strcmpv8m_maindsp.o)
    0x080010ac   0x080010ac   0x0000000c   Code   RO           51    .text.ADXL355_Get_Buffer_Count  spi.o
    0x080010b8   0x080010b8   0x00000026   Code   RO           53    .text.ADXL355_Read_Buffer  spi.o
    0x080010de   0x080010de   0x00000002   PAD
    0x080010e0   0x080010e0   0x000000b4   Code   RO         1184    .text.ADXL355_Set_HPF_Conner  adxl355.o
    0x08001194   0x08001194   0x0000010c   Code   RO         1180    .text.ADXL355_Set_Range  adxl355.o
    0x080012a0   0x080012a0   0x000000ba   Code   RO         1186    .text.ADXL355_Set_Samples  adxl355.o
    0x0800135a   0x0800135a   0x00000002   PAD
    0x0800135c   0x0800135c   0x000000ae   Code   RO         1190    .text.ADXL355_Start_Sensor  adxl355.o
    0x0800140a   0x0800140a   0x00000002   PAD
    0x0800140c   0x0800140c   0x000000ae   Code   RO         1178    .text.ADXL355_Stop_Sensor  adxl355.o
    0x080014ba   0x080014ba   0x00000006   PAD
    0x080014c0   0x080014c0   0x0000044c   Code   RO         1176    .text.ADXL355_Vibration_Config  adxl355.o
    0x0800190c   0x0800190c   0x00000002   Code   RO          116    .text.BusFault_Handler  stm32u5xx_it.o
    0x0800190e   0x0800190e   0x00000002   PAD
    0x08001910   0x08001910   0x00000002   Code   RO          122    .text.DebugMon_Handler  stm32u5xx_it.o
    0x08001912   0x08001912   0x00000002   PAD
    0x08001914   0x08001914   0x00000006   Code   RO          128    .text.EXTI7_IRQHandler  stm32u5xx_it.o
    0x0800191a   0x0800191a   0x00000002   PAD
    0x0800191c   0x0800191c   0x0000000a   Code   RO           15    .text.Error_Handler  main.o
    0x08001926   0x08001926   0x00000002   PAD
    0x08001928   0x08001928   0x0000000c   Code   RO          130    .text.GPDMA1_Channel0_IRQHandler  stm32u5xx_it.o
    0x08001934   0x08001934   0x0000000c   Code   RO          132    .text.GPDMA1_Channel1_IRQHandler  stm32u5xx_it.o
    0x08001940   0x08001940   0x0000000c   Code   RO          134    .text.GPDMA1_Channel2_IRQHandler  stm32u5xx_it.o
    0x0800194c   0x0800194c   0x000000c8   Code   RO          245    .text.HAL_DMAEx_List_Start_IT  stm32u5xx_hal_dma_ex.o
    0x08001a14   0x08001a14   0x00000030   Code   RO          211    .text.HAL_DMA_Abort_IT  stm32u5xx_hal_dma.o
    0x08001a44   0x08001a44   0x00000048   Code   RO          225    .text.HAL_DMA_ConfigChannelAttributes  stm32u5xx_hal_dma.o
    0x08001a8c   0x08001a8c   0x00000004   Code   RO          223    .text.HAL_DMA_GetError  stm32u5xx_hal_dma.o
    0x08001a90   0x08001a90   0x000001c6   Code   RO          215    .text.HAL_DMA_IRQHandler  stm32u5xx_hal_dma.o
    0x08001c56   0x08001c56   0x00000002   PAD
    0x08001c58   0x08001c58   0x00000592   Code   RO          201    .text.HAL_DMA_Init  stm32u5xx_hal_dma.o
    0x080021ea   0x080021ea   0x00000002   PAD
    0x080021ec   0x080021ec   0x00000074   Code   RO           49    .text.HAL_DMA_MemCplt_Callback  spi.o
    0x08002260   0x08002260   0x00000042   Code   RO          217    .text.HAL_DMA_RegisterCallback  stm32u5xx_hal_dma.o
    0x080022a2   0x080022a2   0x00000002   PAD
    0x080022a4   0x080022a4   0x000000a6   Code   RO          207    .text.HAL_DMA_Start_IT  stm32u5xx_hal_dma.o
    0x0800234a   0x0800234a   0x00000002   PAD
    0x0800234c   0x0800234c   0x00000028   Code   RO          334    .text.HAL_Delay     stm32u5xx_hal.o
    0x08002374   0x08002374   0x00000084   Code   RO           69    .text.HAL_GPIO_EXTI_Falling_Callback  spi.o
    0x080023f8   0x080023f8   0x0000002e   Code   RO          615    .text.HAL_GPIO_EXTI_IRQHandler  stm32u5xx_hal_gpio.o
    0x08002426   0x08002426   0x00000002   PAD
    0x08002428   0x08002428   0x00000002   Code   RO          617    .text.HAL_GPIO_EXTI_Rising_Callback  stm32u5xx_hal_gpio.o
    0x0800242a   0x0800242a   0x00000002   PAD
    0x0800242c   0x0800242c   0x0000021a   Code   RO          597    .text.HAL_GPIO_Init  stm32u5xx_hal_gpio.o
    0x08002646   0x08002646   0x00000002   PAD
    0x08002648   0x08002648   0x0000000c   Code   RO          603    .text.HAL_GPIO_WritePin  stm32u5xx_hal_gpio.o
    0x08002654   0x08002654   0x0000000c   Code   RO          326    .text.HAL_GetTick   stm32u5xx_hal.o
    0x08002660   0x08002660   0x0000001a   Code   RO          324    .text.HAL_IncTick   stm32u5xx_hal.o
    0x0800267a   0x0800267a   0x00000002   PAD
    0x0800267c   0x0800267c   0x00000056   Code   RO          314    .text.HAL_Init      stm32u5xx_hal.o
    0x080026d2   0x080026d2   0x00000002   PAD
    0x080026d4   0x080026d4   0x0000004e   Code   RO          316    .text.HAL_InitTick  stm32u5xx_hal.o
    0x08002722   0x08002722   0x00000002   PAD
    0x08002724   0x08002724   0x00000020   Code   RO          145    .text.HAL_MspInit   stm32u5xx_hal_msp.o
    0x08002744   0x08002744   0x00000020   Code   RO          157    .text.HAL_NVIC_EnableIRQ  stm32u5xx_hal_cortex.o
    0x08002764   0x08002764   0x00000056   Code   RO          155    .text.HAL_NVIC_SetPriority  stm32u5xx_hal_cortex.o
    0x080027ba   0x080027ba   0x00000002   PAD
    0x080027bc   0x080027bc   0x00000020   Code   RO          153    .text.HAL_NVIC_SetPriorityGrouping  stm32u5xx_hal_cortex.o
    0x080027dc   0x080027dc   0x0000012e   Code   RO          706    .text.HAL_PWREx_ControlVoltageScaling  stm32u5xx_hal_pwr_ex.o
    0x0800290a   0x0800290a   0x00000002   PAD
    0x0800290c   0x0800290c   0x00000012   Code   RO          776    .text.HAL_PWREx_DisableUCPDDeadBattery  stm32u5xx_hal_pwr_ex.o
    0x0800291e   0x0800291e   0x00000002   PAD
    0x08002920   0x08002920   0x00000010   Code   RO          708    .text.HAL_PWREx_GetVoltageRange  stm32u5xx_hal_pwr_ex.o
    0x08002930   0x08002930   0x00000198   Code   RO          448    .text.HAL_RCCEx_GetPLL1ClockFreq  stm32u5xx_hal_rcc_ex.o
    0x08002ac8   0x08002ac8   0x00000198   Code   RO          450    .text.HAL_RCCEx_GetPLL2ClockFreq  stm32u5xx_hal_rcc_ex.o
    0x08002c60   0x08002c60   0x00000198   Code   RO          452    .text.HAL_RCCEx_GetPLL3ClockFreq  stm32u5xx_hal_rcc_ex.o
    0x08002df8   0x08002df8   0x00000a8e   Code   RO          454    .text.HAL_RCCEx_GetPeriphCLKFreq  stm32u5xx_hal_rcc_ex.o
    0x08003886   0x08003886   0x00000002   PAD
    0x08003888   0x08003888   0x00000656   Code   RO          440    .text.HAL_RCCEx_PeriphCLKConfig  stm32u5xx_hal_rcc_ex.o
    0x08003ede   0x08003ede   0x00000002   PAD
    0x08003ee0   0x08003ee0   0x000002fe   Code   RO          404    .text.HAL_RCC_ClockConfig  stm32u5xx_hal_rcc.o
    0x080041de   0x080041de   0x00000002   PAD
    0x080041e0   0x080041e0   0x0000002c   Code   RO          402    .text.HAL_RCC_GetHCLKFreq  stm32u5xx_hal_rcc.o
    0x0800420c   0x0800420c   0x0000003e   Code   RO          410    .text.HAL_RCC_GetPCLK1Freq  stm32u5xx_hal_rcc.o
    0x0800424a   0x0800424a   0x00000002   PAD
    0x0800424c   0x0800424c   0x0000003e   Code   RO          412    .text.HAL_RCC_GetPCLK2Freq  stm32u5xx_hal_rcc.o
    0x0800428a   0x0800428a   0x00000002   PAD
    0x0800428c   0x0800428c   0x0000003e   Code   RO          414    .text.HAL_RCC_GetPCLK3Freq  stm32u5xx_hal_rcc.o
    0x080042ca   0x080042ca   0x00000002   PAD
    0x080042cc   0x080042cc   0x00000110   Code   RO          406    .text.HAL_RCC_GetSysClockFreq  stm32u5xx_hal_rcc.o
    0x080043dc   0x080043dc   0x00000b8c   Code   RO          400    .text.HAL_RCC_OscConfig  stm32u5xx_hal_rcc.o
    0x08004f68   0x08004f68   0x00000048   Code   RO          946    .text.HAL_SPIEx_SetConfigAutonomousMode  stm32u5xx_hal_spi_ex.o
    0x08004fb0   0x08004fb0   0x00000030   Code   RO           71    .text.HAL_SPI_ErrorCallback  spi.o
    0x08004fe0   0x08004fe0   0x00000006   Code   RO          928    .text.HAL_SPI_GetState  stm32u5xx_hal_spi.o
    0x08004fe6   0x08004fe6   0x00000002   PAD
    0x08004fe8   0x08004fe8   0x00000274   Code   RO          908    .text.HAL_SPI_IRQHandler  stm32u5xx_hal_spi.o
    0x0800525c   0x0800525c   0x0000017c   Code   RO          838    .text.HAL_SPI_Init  stm32u5xx_hal_spi.o
    0x080053d8   0x080053d8   0x000001f2   Code   RO           59    .text.HAL_SPI_MspInit  spi.o
    0x080055ca   0x080055ca   0x00000002   PAD
    0x080055cc   0x080055cc   0x000002e2   Code   RO          850    .text.HAL_SPI_Receive  stm32u5xx_hal_spi.o
    0x080058ae   0x080058ae   0x00000002   PAD
    0x080058b0   0x080058b0   0x00000002   Code   RO           65    .text.HAL_SPI_RxCpltCallback  spi.o
    0x080058b2   0x080058b2   0x00000002   PAD
    0x080058b4   0x080058b4   0x00000002   Code   RO          910    .text.HAL_SPI_SuspendCallback  stm32u5xx_hal_spi.o
    0x080058b6   0x080058b6   0x00000002   PAD
    0x080058b8   0x080058b8   0x000003d2   Code   RO          846    .text.HAL_SPI_Transmit  stm32u5xx_hal_spi.o
    0x08005c8a   0x08005c8a   0x00000002   PAD
    0x08005c8c   0x08005c8c   0x000002b6   Code   RO          886    .text.HAL_SPI_TransmitReceive_DMA  stm32u5xx_hal_spi.o
    0x08005f42   0x08005f42   0x00000002   PAD
    0x08005f44   0x08005f44   0x00000002   Code   RO           63    .text.HAL_SPI_TxCpltCallback  spi.o
    0x08005f46   0x08005f46   0x00000002   PAD
    0x08005f48   0x08005f48   0x00000076   Code   RO           67    .text.HAL_SPI_TxRxCpltCallback  spi.o
    0x08005fbe   0x08005fbe   0x00000002   PAD
    0x08005fc0   0x08005fc0   0x00000002   Code   RO          926    .text.HAL_SPI_TxRxHalfCpltCallback  stm32u5xx_hal_spi.o
    0x08005fc2   0x08005fc2   0x00000002   PAD
    0x08005fc4   0x08005fc4   0x0000002c   Code   RO          165    .text.HAL_SYSTICK_Config  stm32u5xx_hal_cortex.o
    0x08005ff0   0x08005ff0   0x00000036   Code   RO         1121    .text.HAL_UARTEx_DisableFifoMode  stm32u5xx_hal_uart_ex.o
    0x08006026   0x08006026   0x00000002   PAD
    0x08006028   0x08006028   0x0000008c   Code   RO         1125    .text.HAL_UARTEx_SetRxFifoThreshold  stm32u5xx_hal_uart_ex.o
    0x080060b4   0x080060b4   0x0000008c   Code   RO         1123    .text.HAL_UARTEx_SetTxFifoThreshold  stm32u5xx_hal_uart_ex.o
    0x08006140   0x08006140   0x00000068   Code   RO          962    .text.HAL_UART_Init  stm32u5xx_hal_uart.o
    0x080061a8   0x080061a8   0x00000094   Code   RO           96    .text.HAL_UART_MspInit  usart.o
    0x0800623c   0x0800623c   0x000000de   Code   RO          982    .text.HAL_UART_Transmit  stm32u5xx_hal_uart.o
    0x0800631a   0x0800631a   0x00000002   PAD
    0x0800631c   0x0800631c   0x00000002   Code   RO          112    .text.HardFault_Handler  stm32u5xx_it.o
    0x0800631e   0x0800631e   0x00000002   PAD
    0x08006320   0x08006320   0x00000034   Code   RO           36    .text.MX_GPDMA1_Init  gpdma.o
    0x08006354   0x08006354   0x000000d6   Code   RO           27    .text.MX_GPIO_Init  gpio.o
    0x0800642a   0x0800642a   0x00000002   PAD
    0x0800642c   0x0800642c   0x000000a0   Code   RO           57    .text.MX_SPI1_Init  spi.o
    0x080064cc   0x080064cc   0x00000088   Code   RO           94    .text.MX_USART3_UART_Init  usart.o
    0x08006554   0x08006554   0x00000002   Code   RO          114    .text.MemManage_Handler  stm32u5xx_it.o
    0x08006556   0x08006556   0x00000002   PAD
    0x08006558   0x08006558   0x00000002   Code   RO          110    .text.NMI_Handler   stm32u5xx_it.o
    0x0800655a   0x0800655a   0x00000002   PAD
    0x0800655c   0x0800655c   0x00000002   Code   RO          124    .text.PendSV_Handler  stm32u5xx_it.o
    0x0800655e   0x0800655e   0x00000002   PAD
    0x08006560   0x08006560   0x000000f8   Code   RO          442    .text.RCCEx_PLL2_Config  stm32u5xx_hal_rcc_ex.o
    0x08006658   0x08006658   0x000000f8   Code   RO          444    .text.RCCEx_PLL3_Config  stm32u5xx_hal_rcc_ex.o
    0x08006750   0x08006750   0x0000000c   Code   RO          136    .text.SPI1_IRQHandler  stm32u5xx_it.o
    0x0800675c   0x0800675c   0x0000007e   Code   RO         1198    .text.SPI_ADXL355_Read_n_Bytes  adxl355.o
    0x080067da   0x080067da   0x00000002   PAD
    0x080067dc   0x080067dc   0x000000ca   Code   RO          848    .text.SPI_CloseTransfer  stm32u5xx_hal_spi.o
    0x080068a6   0x080068a6   0x00000002   PAD
    0x080068a8   0x080068a8   0x00000016   Code   RO          920    .text.SPI_DMAAbortOnError  stm32u5xx_hal_spi.o
    0x080068be   0x080068be   0x00000002   PAD
    0x080068c0   0x080068c0   0x00000030   Code   RO          878    .text.SPI_DMAError  stm32u5xx_hal_spi.o
    0x080068f0   0x080068f0   0x00000006   Code   RO          888    .text.SPI_DMAHalfTransmitReceiveCplt  stm32u5xx_hal_spi.o
    0x080068f6   0x080068f6   0x00000002   PAD
    0x080068f8   0x080068f8   0x00000030   Code   RO          890    .text.SPI_DMATransmitReceiveCplt  stm32u5xx_hal_spi.o
    0x08006928   0x08006928   0x00000002   Code   RO          120    .text.SVC_Handler   stm32u5xx_it.o
    0x0800692a   0x0800692a   0x00000002   PAD
    0x0800692c   0x0800692c   0x00000004   Code   RO          126    .text.SysTick_Handler  stm32u5xx_it.o
    0x08006930   0x08006930   0x0000004c   Code   RO         1150    .text.SystemInit    system_stm32u5xx.o
    0x0800697c   0x0800697c   0x000000e8   Code   RO          968    .text.UART_AdvFeatureConfig  stm32u5xx_hal_uart.o
    0x08006a64   0x08006a64   0x0000016e   Code   RO          970    .text.UART_CheckIdleState  stm32u5xx_hal_uart.o
    0x08006bd2   0x08006bd2   0x00000002   PAD
    0x08006bd4   0x08006bd4   0x0000021a   Code   RO          966    .text.UART_SetConfig  stm32u5xx_hal_uart.o
    0x08006dee   0x08006dee   0x00000002   PAD
    0x08006df0   0x08006df0   0x000002e0   Code   RO          984    .text.UART_WaitOnFlagUntilTimeout  stm32u5xx_hal_uart.o
    0x080070d0   0x080070d0   0x00000002   Code   RO          118    .text.UsageFault_Handler  stm32u5xx_it.o
    0x080070d2   0x080070d2   0x00000002   PAD
    0x080070d4   0x080070d4   0x00000002   Code   RO           88    .text._sys_exit     usart.o
    0x080070d6   0x080070d6   0x00000002   PAD
    0x080070d8   0x080070d8   0x00000024   Code   RO           92    .text.fputc         usart.o
    0x080070fc   0x080070fc   0x0000018c   Code   RO           11    .text.main          main.o
    0x08007288   0x08007288   0x0000003e   Code   RO         1366    CL$$btod_d2e        c_w.l(btod.o)
    0x080072c6   0x080072c6   0x00000046   Code   RO         1368    CL$$btod_d2e_denorm_low  c_w.l(btod.o)
    0x0800730c   0x0800730c   0x00000060   Code   RO         1367    CL$$btod_d2e_norm_op1  c_w.l(btod.o)
    0x0800736c   0x0800736c   0x00000338   Code   RO         1376    CL$$btod_div_common  c_w.l(btod.o)
    0x080076a4   0x080076a4   0x000000dc   Code   RO         1373    CL$$btod_e2e        c_w.l(btod.o)
    0x08007780   0x08007780   0x0000002a   Code   RO         1370    CL$$btod_ediv       c_w.l(btod.o)
    0x080077aa   0x080077aa   0x0000002a   Code   RO         1369    CL$$btod_emul       c_w.l(btod.o)
    0x080077d4   0x080077d4   0x00000244   Code   RO         1375    CL$$btod_mult_common  c_w.l(btod.o)
    0x08007a18   0x08007a18   0x00000030   Code   RO         1399    i.__ARM_fpclassify  m_wm.l(fpclassify.o)
    0x08007a48   0x08007a48   0x0000000e   Code   RO         1276    i._is_digit         c_w.l(__printf_wp.o)
    0x08007a56   0x08007a56   0x00000002   PAD
    0x08007a58   0x08007a58   0x0000002c   Code   RO         1395    locale$$code        c_w.l(lc_numeric_c.o)
    0x08007a84   0x08007a84   0x0000001a   Code   RO         1481    x$fpl$fpinit        fz_wm.l(fpinit.o)
    0x08007a9e   0x08007a9e   0x00000004   Code   RO         1310    x$fpl$printf1       fz_wm.l(printf1.o)
    0x08007aa2   0x08007aa2   0x00000000   Code   RO         1334    x$fpl$usenofp       fz_wm.l(usenofp.o)
    0x08007aa2   0x08007aa2   0x00000028   Data   RO         1249    .constdata          c_w.l(_printf_hex_int.o)
    0x08007aca   0x08007aca   0x00000011   Data   RO         1284    .constdata          c_w.l(__printf_flags_ss_wp.o)
    0x08007adb   0x08007adb   0x00000001   PAD
    0x08007adc   0x08007adc   0x00000094   Data   RO         1364    .constdata          c_w.l(bigflt0.o)
    0x08007b70   0x08007b70   0x0000000c   Data   RO         1218    .rodata..Lswitch.table.ADXL355_Vibration_Config.28  adxl355.o
    0x08007b7c   0x08007b7c   0x00000004   PAD
    0x08007b80   0x08007b80   0x00000018   Data   RO         1219    .rodata..Lswitch.table.ADXL355_Vibration_Config.29  adxl355.o
    0x08007b98   0x08007b98   0x00000010   Data   RO         1155    .rodata.AHBPrescTable  system_stm32u5xx.o
    0x08007ba8   0x08007ba8   0x00000008   Data   RO         1156    .rodata.APBPrescTable  system_stm32u5xx.o
    0x08007bb0   0x08007bb0   0x00000080   Data   RO          621    .rodata.LPGPIO_Map  stm32u5xx_hal_gpio.o
    0x08007c30   0x08007c30   0x00000040   Data   RO         1157    .rodata.MSIRangeTable  system_stm32u5xx.o
    0x08007c70   0x08007c70   0x00000018   Data   RO         1096    .rodata.UARTPrescTable  stm32u5xx_hal_uart.o
    0x08007c88   0x08007c88   0x00000010   Data   RO         1141    .rodata.cst8        stm32u5xx_hal_uart_ex.o
    0x08007c98   0x08007c98   0x0000000c   Data   RO         1217    .rodata.str1.1      adxl355.o
    0x08007ca4   0x08007ca4   0x00000020   Data   RO         1547    Region$$Table       anon$$obj.o
    0x08007cc4   0x08007cc4   0x0000001c   Data   RO         1394    locale$$data        c_w.l(lc_numeric_c.o)


    Execution Region RW_IRAM1 (Exec base: 0x20000000, Load base: 0x08007ce0, Size: 0x00089528, Max: 0x000c0000, ABSOLUTE)

    Exec Addr    Load Addr    Size         Type   Attr      Idx    E Section Name        Object

    0x20000000   0x08007ce0   0x00000008   Data   RW          387    .data..L_MergedGlobals  stm32u5xx_hal.o
    0x20000008   0x08007ce8   0x00000002   Data   RW         1220    .data..L_MergedGlobals  adxl355.o
    0x2000000a   0x08007cea   0x00000002   PAD
    0x2000000c   0x08007cec   0x00000004   Data   RW         1154    .data.SystemCoreClock  system_stm32u5xx.o
    0x20000010        -       0x00000060   Zero   RW         1402    .bss                c_w.l(libspace.o)
    0x20000070        -       0x0000007c   Zero   RW           79    .bss..L_MergedGlobals  spi.o
    0x200000ec        -       0x00000054   Zero   RW          101    .bss.__stdout       usart.o
    0x20000140        -       0x00002710   Zero   RW           76    .bss.adxl_large_buffer  spi.o
    0x20002850        -       0x00000121   Zero   RW           75    .bss.adxl_rx_buf    spi.o
    0x20002971   0x08007cf0   0x00000003   PAD
    0x20002974        -       0x00000121   Zero   RW           73    .bss.adxl_tx_buf    spi.o
    0x20002a95   0x08007cf0   0x00000003   PAD
    0x20002a98        -       0x00000004   Zero   RW           17    .bss.fsr            main.o
    0x20002a9c        -       0x00000078   Zero   RW           77    .bss.handle_GPDMA1_Channel1  spi.o
    0x20002b14        -       0x00000078   Zero   RW           78    .bss.handle_GPDMA1_Channel2  spi.o
    0x20002b8c        -       0x00000090   Zero   RW           74    .bss.hspi1          spi.o
    0x20002c1c        -       0x00000094   Zero   RW          100    .bss.huart3         usart.o
    0x20002cb0        -       0x00000004   Zero   RW          386    .bss.uwTick         stm32u5xx_hal.o
    0x20002cb4   0x08007cf0   0x00000004   PAD
    0x20002cb8        -       0x00086470   Zero   RW            2    HEAP                startup_stm32u575xx.o
    0x20089128        -       0x00000400   Zero   RW            1    STACK               startup_stm32u575xx.o


==============================================================================

Image component sizes


      Code (inc. data)   RO Data    RW Data    ZI Data      Debug   Object Name

      2208        168         48          2          0      20982   adxl355.o
        52          0          0          0          0       5068   gpdma.o
       214          0          0          0          0       5713   gpio.o
       406         52          0          0          4       6382   main.o
      1126         52          0          0      11086      16074   spi.o
        68         28        568          0     551024        940   startup_stm32u575xx.o
       242          0          0          8          4      11767   stm32u5xx_hal.o
       194          0          0          0          0      14146   stm32u5xx_hal_cortex.o
      2236          6          0          0          0      11336   stm32u5xx_hal_dma.o
       200          0          0          0          0      46948   stm32u5xx_hal_dma_ex.o
       598          0        128          0          0       7088   stm32u5xx_hal_gpio.o
        32          0          0          0          0       2212   stm32u5xx_hal_msp.o
       336          0          0          0          0      14750   stm32u5xx_hal_pwr_ex.o
      4224         12          0          0          0      15569   stm32u5xx_hal_rcc.o
      6044        294          0          0          0      22452   stm32u5xx_hal_rcc_ex.o
      3754          0          0          0          0      24695   stm32u5xx_hal_spi.o
        72          0          0          0          0       6916   stm32u5xx_hal_spi_ex.o
      2198          0         24          0          0      38697   stm32u5xx_hal_uart.o
       334          0         16          0          0      12971   stm32u5xx_hal_uart_ex.o
        74          0          0          0          0       5773   stm32u5xx_it.o
        76          0         88          4          0       4336   system_stm32u5xx.o
       322          0          0          0        232       9352   usart.o

    ----------------------------------------------------------------------
     25120        612        908         16     562360     304167   Object Totals
         0          0         32          0          0          0   (incl. Generated)
       110          0          4          2         10          0   (incl. Padding)

    ----------------------------------------------------------------------

      Code (inc. data)   RO Data    RW Data    ZI Data      Debug   Library Member Name

         8          0          0          0          0         68   __main.o
       392          4         17          0          0         92   __printf_flags_ss_wp.o
        14          0          0          0          0         68   __printf_wp.o
         0          0          0          0          0          0   __rtentry.o
        12          0          0          0          0          0   __rtentry2.o
         6          0          0          0          0          0   __rtentry4.o
        52          8          0          0          0          0   __scatter.o
        26          0          0          0          0          0   __scatter_copy.o
        28          0          0          0          0          0   __scatter_zi.o
        48          6          0          0          0         96   _printf_char_common.o
        36          4          0          0          0         80   _printf_char_file.o
         6          0          0          0          0          0   _printf_d.o
       120         16          0          0          0         92   _printf_dec.o
         6          0          0          0          0          0   _printf_f.o
      1052          0          0          0          0        148   _printf_fp_dec.o
       128         16          0          0          0         84   _printf_fp_infnan.o
        88          4         40          0          0         88   _printf_hex_int.o
       178          0          0          0          0         88   _printf_intcommon.o
        78          0          0          0          0        108   _printf_pad.o
         0          0          0          0          0          0   _printf_percent.o
         4          0          0          0          0          0   _printf_percent_end.o
         6          0          0          0          0          0   _printf_x.o
       228          4        148          0          0         96   bigflt0.o
      1936        128          0          0          0        668   btod.o
        18          0          0          0          0         80   exit.o
         8          0          0          0          0         68   ferror.o
         6          0          0          0          0        152   heapauxi.o
        44         10         28          0          0         76   lc_numeric_c.o
         2          0          0          0          0          0   libinit.o
        22          0          0          0          0          0   libinit2.o
         2          0          0          0          0          0   libshutdown.o
         2          0          0          0          0          0   libshutdown2.o
         8          4          0          0         96         68   libspace.o
       138          0          0          0          0         80   lludiv10.o
       240          0          0          0          0        100   lludivv7m.o
        24          4          0          0          0         84   noretval__2printf.o
        44          4          0          0          0         84   puts.o
         8          4          0          0          0         68   rt_locale_intlibspace.o
        68          0          0          0          0         68   rt_memclr.o
        78          0          0          0          0         80   rt_memclr_w.o
       138          0          0          0          0         68   rt_memcpy_v6.o
       100          0          0          0          0         80   rt_memcpy_w.o
         2          0          0          0          0          0   rtexit.o
        10          0          0          0          0          0   rtexit2.o
       124          0          0          0          0         88   strcmpv8m_maindsp.o
        74          0          0          0          0         80   sys_stackheap_outer.o
         2          0          0          0          0         68   use_no_semi.o
         2          0          0          0          0         68   use_no_semi_2.o
        26          0          0          0          0        116   fpinit.o
         4          0          0          0          0        116   printf1.o
         0          0          0          0          0          0   usenofp.o
        48          0          0          0          0        124   fpclassify.o

    ----------------------------------------------------------------------
      5706        216        234          0         96       3592   Library Totals
        12          0          1          0          0          0   (incl. Padding)

    ----------------------------------------------------------------------

      Code (inc. data)   RO Data    RW Data    ZI Data      Debug   Library Name

      5616        216        233          0         96       3236   c_w.l
        30          0          0          0          0        232   fz_wm.l
        48          0          0          0          0        124   m_wm.l

    ----------------------------------------------------------------------
      5706        216        234          0         96       3592   Library Totals

    ----------------------------------------------------------------------

==============================================================================


      Code (inc. data)   RO Data    RW Data    ZI Data      Debug   

     30826        828       1142         16     562456     305491   Grand Totals
     30826        828       1142         16     562456     305491   ELF Image Totals
     30826        828       1142         16          0          0   ROM Totals

==============================================================================

    Total RO  Size (Code + RO Data)                31968 (  31.22kB)
    Total RW  Size (RW Data + ZI Data)            562472 ( 549.29kB)
    Total ROM Size (Code + RO Data + RW Data)      31984 (  31.23kB)

==============================================================================

